****************************************
Report : qor
Design : sar_digi_paper_core
Version: W-2024.09-SP3
Date   : Fri Sep 18 20:24:14 2026
****************************************


Scenario           'default'
Timing Path Group  '**in2reg_default**'
----------------------------------------
Levels of Logic:                      3
Critical Path Length:              2.35
Critical Path Slack:               0.35
Critical Path Clk Period:          3.00
Total Negative Slack:              0.00
No. of Violating Paths:               0
Worst Hold Violation:              0.00
Total Hold Violation:              0.00
No. of Hold Violations:               0
----------------------------------------

Scenario           'default'
Timing Path Group  '**reg2out_default**'
----------------------------------------
Levels of Logic:                      7
Critical Path Length:              3.77
Critical Path Slack:               1.70
Critical Path Clk Period:         10.00
Total Negative Slack:              0.00
No. of Violating Paths:               0
Worst Hold Violation:              0.00
Total Hold Violation:              0.00
No. of Hold Violations:               0
----------------------------------------

Scenario           'default'
Timing Path Group  'clk'
----------------------------------------
Levels of Logic:                     23
Critical Path Length:              7.96
Critical Path Slack:               1.72
Critical Path Clk Period:         10.00
Total Negative Slack:              0.00
No. of Violating Paths:               0
Worst Hold Violation:              0.00
Total Hold Violation:              0.00
No. of Hold Violations:               0
----------------------------------------

Scenario           'default'
Timing Path Group  'dec_clk'
----------------------------------------
Levels of Logic:                      4
Critical Path Length:              2.17
Critical Path Slack:               0.53
Critical Path Clk Period:          3.00
Total Negative Slack:              0.00
No. of Violating Paths:               0
Worst Hold Violation:              0.00
Total Hold Violation:              0.00
No. of Hold Violations:               0
----------------------------------------


Cell Count
----------------------------------------
Hierarchical Cell Count:             43
Hierarchical Port Count:            449
Leaf Cell Count:                   3626
Buf/Inv Cell Count:                 521
Buf Cell Count:                     195
Inv Cell Count:                     326
Combinational Cell Count:          2575
   Single-bit Isolation Cell Count:                        0
   Multi-bit Isolation Cell Count:                         0
   Isolation Cell Banking Ratio:                           0.00%
   Single-bit Level Shifter Cell Count:                    0
   Multi-bit Level Shifter Cell Count:                     0
   Level Shifter Cell Banking Ratio:                       0.00%
   Single-bit ELS Cell Count:                              0
   Multi-bit ELS Cell Count:                               0
   ELS Cell Banking Ratio:                                 0.00%
Sequential Cell Count:             1051
   Integrated Clock-Gating Cell Count:                     0
   Sequential Macro Cell Count:                            0
   Single-bit Sequential Cell Count:                       1051
   Multi-bit Sequential Cell Count:                        0
   Sequential Cell Banking Ratio:                          0.00%
   BitsPerflop:                                            1.00
Macro Count:                          0
----------------------------------------


Area
----------------------------------------
Combinational Area:            36816.60
Noncombinational Area:         65483.51
Buf/Inv Area:                   5881.08
Total Buffer Area:              2967.15
Total Inverter Area:            2913.93
Macro/Black Box Area:              0.00
Net Area:                             0
Net XLength:                  129811.03
Net YLength:                  121937.52
----------------------------------------
Cell Area (netlist):                         102300.11
Cell Area (netlist and physical only):       102300.11
Net Length:                   251748.55


Design Rules
----------------------------------------
Total Number of Nets:              3797
Nets with Violations:                 1
Max Trans Violations:                 1
Max Cap Violations:                   0
----------------------------------------

1
