****************************************
Report : report_utilization
Design : sar_digi_paper_core
Version: W-2024.09-SP3
Date   : Fri Sep 18 20:24:14 2026
****************************************
Utilization Ratio:			0.5558
Utilization options:
 - Area calculation based on:		site_row of block sar_digi_paper_core
 - Categories of objects excluded:	hard_macros macro_keepouts soft_macros io_cells hard_blockages 
Total Area:				184066.3440
Total Capacity Area:			184066.3440
Total Area of cells:			102300.1056
Area of excluded objects:
 - hard_macros         :		0.0000
 - macro_keepouts      :		0.0000
 - soft_macros         :		0.0000
 - io_cells            :		0.0000
 - hard_blockages      :		0.0000
Total Area of excluded objects:		0.0000
Ratio of excluded objects:		0.0000

Utilization of site-rows with:
 - Site 'unit':				0.5558

0.5558
