****************************************
Report : constraint
        -all_violators
Design : sar_digi_paper_core
Version: W-2024.09-SP3
Date   : Fri Sep 18 20:24:14 2026
****************************************

   late_timing
   -----------

Endpoint                         Path Delay     Path Required       CRP    Slack Group    Scenario
----------------------------------------------------------------------------------------------------------
No paths.

   early_timing
   -----------

Endpoint                         Path Delay     Path Required       CRP    Slack Group    Scenario
----------------------------------------------------------------------------------------------------------
No paths.

   Mode: default Corner: default
   Scenario: default
   max_transition                                                              
                             Required        Actual                            
   Net                      Transition     Transition        Slack  Violation  
  ---------------------------------------------------------------------------
   u_calib_ctrl/n897            0.80           0.81          -0.01  (VIOLATED) 
     PIN : u_calib_ctrl/U2098/Y
                                0.80           0.81          -0.01  (VIOLATED) 
     PIN : u_calib_ctrl/meas_val_p_reg[26]/D
                                0.80           0.81          -0.01  (VIOLATED) 
     PIN : u_calib_ctrl/meas_val_n_reg[26]/D
                                0.80           0.81          -0.01  (VIOLATED) 

  ---------------------------------------------------------------------------
   Number of max_transition violation(s): 1

   Mode: default Corner: default
   Scenario: default
  ---------------------------------------------------------------------------
   Number of max_capacitance violation(s): 0


   Mode: default Corner: default
   Scenario: default
  ---------------------------------------------------------------------------
   Number of min_capacitance violation(s): 0

  Mode: default
  Corner: default
  Scenario: default

  ---------------------------------------------------------------------------
   Number of min_pulse_width violation(s): 0
   Total number of violation(s): 1
1
