Info: [VCS_SAVE_RESTORE_INFO] ASLR (Address Space Layout Randomization) is detected on the machine. To enable $save functionality, ASLR will be switched off and simv re-executed.
Please use '-no_save' simv switch to avoid this.

                           Design Compiler Graphical 
                                 DC Ultra (TM)
                                  DFTMAX (TM)
                              Power Compiler (TM)
                                 DesignWare (R)
                                 DC Expert (TM)
                               Design Vision (TM)
                               HDL Compiler (TM)
                               VHDL Compiler (TM)
                                  DFT Compiler
                               Design Compiler(R)

               Version W-2024.09-SP3 for linux64 - Jan 08, 2025 

                    Copyright (c) 1988 - 2025 Synopsys, Inc.
   This software and the associated documentation are proprietary to Synopsys,
 Inc. This software may only be used in accordance with the terms and conditions
 of a written license agreement with Synopsys, Inc. All other use, reproduction,
   or distribution of this software is strictly prohibited.  Licensed Products
     communicate with Synopsys servers for the purpose of providing software
    updates, detecting software piracy and verifying that customers are using
    Licensed Products in conformity with the applicable License Key for such
  Licensed Products. Synopsys will use information gathered in connection with
    this process to deliver software updates and pursue software pirates and
                                   infringers.

 Inclusivity & Diversity - Visit SolvNetPlus to read the "Synopsys Statement on
            Inclusivity and Diversity" (Refer to article 000036315 at
                        https://solvnetplus.synopsys.com)
Initializing...
Current time:       Fri Sep 18 20:19:26 2026
Hostname:           <vm-host>
CPU Model:          AMD Ryzen 7 8845H w/ Radeon 780M Graphics
CPU Details:        Cores = 12 : Sockets = 1 : Cache Size = 1024 KB : Freq = 3.79 GHz
OS:                 Linux 4.18.0-553.22.1.el8_10.x86_64
RAM:                 22 GB (Free   7 GB)
Swap:                15 GB (Free  15 GB)
Work Filesystem:    / mounted to /dev/nvme0n1p3
Tmp Filesystem:     / mounted to /dev/nvme0n1p3
Work Disk:          1007 GB (Free 655 GB)
Tmp Disk:           1007 GB (Free 655 GB)

CPU Load: 11%, Ram Free: 7 GB, Swap Free: 15 GB, Work Disk Free: 655 GB, Tmp Disk Free: 655 GB
# =============================================================================
# dc_synth_paper_core.tcl - Design Compiler synthesis of the ON-DIE digital core
#                           of the Huang-2024 split-sampling 16-bit 5-MS/s SAR ADC.
# -----------------------------------------------------------------------------
# Derived from dc_synth_v4.tcl by changing exactly four things:
#   1. DESIGN      sar_adc_digital_top -> sar_digi_paper_core
#   2. SV_FILES    sar_reconstruction.sv is DROPPED (the core does not instantiate
#                  it; analysing an unused file would only add elaboration time)
#   3. the SDC     sar_adc_digital_top.sdc -> sar_digi_paper_core.sdc
#   4. the summary text
# Everything else - the guards, the unmapped-netlist check, the clock guard, the
# wire-load note, set_max_area / optimize_netlist -area - is carried over
# DELIBERATELY and byte-for-byte, so that the area of this core and the area of
# the integrated top are comparable line for line.  That comparability is the
# entire purpose of running both.
#
# Optimisation knobs already present (do not "add" them again):
#   set_max_area 0                -> area is already an explicit objective
#   compile_ultra -no_autoungroup
#   optimize_netlist -area        -> post-mapping area recovery
# Clock gating is NOT enabled here; it is under test in the area_lab experiments
# on the integrated top and is not a like-for-like change, so it is left off.
# =============================================================================
set DESIGN      sar_digi_paper_core
sar_digi_paper_core
set ROOT        [pwd]
/home/<user>/sar16_work/proj_paper_core
set RTL_DIR     $ROOT/rtl
/home/<user>/sar16_work/proj_paper_core/rtl
set CON_DIR     $ROOT/constraints
/home/<user>/sar16_work/proj_paper_core/constraints
set TAG [expr {[info exists ::env(DC_TAG)] ? $::env(DC_TAG) : ""}]
set LIBMODE [expr {[info exists ::env(DC_LIBMODE)] ? $::env(DC_LIBMODE) : "typical"}]
typical
set RPT_DIR     $ROOT/reports${TAG}
/home/<user>/sar16_work/proj_paper_core/reports
set OUT_DIR     $ROOT/mapped${TAG}
/home/<user>/sar16_work/proj_paper_core/mapped
set LIB_ROOT    /home/<user>/Project/DESIGN/14BIT_ADC/smic18/digital/sc/synopsys
/home/<user>/Project/DESIGN/14BIT_ADC/smic18/digital/sc/synopsys
set LIB_FILE    $LIB_ROOT/${LIBMODE}.db
/home/<user>/Project/DESIGN/14BIT_ADC/smic18/digital/sc/synopsys/typical.db
set WLM_NAME    smic18_wl10
smic18_wl10
# =============================================================================
# 0. Environment
# =============================================================================
file mkdir $RPT_DIR
file mkdir $OUT_DIR
if {[catch {exec sh -c "rm -f $ROOT/*.db $ROOT/*.svf"} msg]} {
    puts "NOTE: stale-db/svf cleanup skipped ($msg)"
}
set search_path    [list . $RTL_DIR $CON_DIR $LIB_ROOT]
. /home/<user>/sar16_work/proj_paper_core/rtl /home/<user>/sar16_work/proj_paper_core/constraints /home/<user>/Project/DESIGN/14BIT_ADC/smic18/digital/sc/synopsys
set target_library [list $LIB_FILE]
/home/<user>/Project/DESIGN/14BIT_ADC/smic18/digital/sc/synopsys/typical.db
set link_library   [list "*" $LIB_FILE]
* /home/<user>/Project/DESIGN/14BIT_ADC/smic18/digital/sc/synopsys/typical.db
set symbol_library [list]
set hdlin_enable_hier_map          true
true
set hdlin_auto_save_templates      true
true
set hdlin_preserve_sequential      none
none
set verilogout_no_tri              true
true
set verilogout_equation            false
false
set bus_naming_style               {%s[%d]}
%s[%d]
set sh_source_uses_search_path     true
true
puts "=============================================================="
==============================================================
puts "DC arm : tag='$TAG'  libmode=$LIBMODE"
DC arm : tag=''  libmode=typical
puts "  design: $DESIGN"
  design: sar_digi_paper_core
puts "  lib   : $LIB_FILE"
  lib   : /home/<user>/Project/DESIGN/14BIT_ADC/smic18/digital/sc/synopsys/typical.db
puts "  rpt   : $RPT_DIR"
  rpt   : /home/<user>/sar16_work/proj_paper_core/reports
puts "  out   : $OUT_DIR"
  out   : /home/<user>/sar16_work/proj_paper_core/mapped
puts "=============================================================="
==============================================================
# =============================================================================
# 1. Analyze / elaborate
# =============================================================================
# sar_reconstruction.sv is deliberately ABSENT: this core has no reconstruction
# datapath. See the module header of rtl/sar_digi_paper_core.sv for the textual
# evidence from the paper that the weighted sum is an off-chip function.
set SV_FILES [list $RTL_DIR/sar_calib_ctrl_serial.sv $RTL_DIR/srm_residue_lut.sv $RTL_DIR/srm_residue_estimator.sv $RTL_DIR/sar_digi_paper_core.sv]
/home/<user>/sar16_work/proj_paper_core/rtl/sar_calib_ctrl_serial.sv /home/<user>/sar16_work/proj_paper_core/rtl/srm_residue_lut.sv /home/<user>/sar16_work/proj_paper_core/rtl/srm_residue_estimator.sv /home/<user>/sar16_work/proj_paper_core/rtl/sar_digi_paper_core.sv
# ONE FILE PER analyze CALL. `analyze -format sverilog ... F1 F2 F3` is rejected
# in this release with
#     Error: extra positional option 'F2' (CMD-012)
# and the rejection aborts the WHOLE call -- so the single multi-file line this
# script used to carry analysed NOTHING, and the flow only appeared to work
# because `elaborate` auto-reads modules it cannot find off search_path. That
# makes the file list above non-authoritative for what actually gets compiled,
# which is exactly the kind of silent substitution this project keeps running
# into. Loop instead, so the list means what it says.
foreach F $SV_FILES {
    analyze -format sverilog -define SYNTHESIS $F
}
Running PRESTO HDLC
Compiling source file /home/<user>/sar16_work/proj_paper_core/rtl/sar_calib_ctrl_serial.sv
Presto compilation completed successfully.
Loading db file '/home/<user>/Project/DESIGN/14BIT_ADC/smic18/digital/sc/synopsys/typical.db'
Running PRESTO HDLC
Compiling source file /home/<user>/sar16_work/proj_paper_core/rtl/srm_residue_lut.sv
Presto compilation completed successfully.
Running PRESTO HDLC
Compiling source file /home/<user>/sar16_work/proj_paper_core/rtl/srm_residue_estimator.sv
Presto compilation completed successfully.
Running PRESTO HDLC
Compiling source file /home/<user>/sar16_work/proj_paper_core/rtl/sar_digi_paper_core.sv
Presto compilation completed successfully.
elaborate $DESIGN
Loading db file '/opt/synopsys/syn/W-2024.09-SP3/libraries/syn/gtech.db'
Loading db file '/opt/synopsys/syn/W-2024.09-SP3/libraries/syn/standard.sldb'
  Loading link library 'typical'
  Loading link library 'gtech'
Running PRESTO HDLC

Inferred memory devices in process in routine 'sar_digi_paper_core' in file
	 /home/<user>/sar16_work/proj_paper_core/rtl/sar_digi_paper_core.sv'.
===================================================================================
|    Register Name     |   Type    | Width | Bus | MB |  Set  | Reset | ST | Line |
===================================================================================
| raw_code_valid_o_reg | Flip-flop |   1   |  N  | N  | None  | Async | N  | 279  |
|    raw_code_o_reg    | Flip-flop |  20   |  Y  | N  | None  | Async | N  | 279  |
===================================================================================
Presto compilation completed successfully. (sar_digi_paper_core)
Module: sar_digi_paper_core, Ports: 176, Input: 30, Output: 146, Inout: 0
Module: sar_digi_paper_core, Registers: 21, Async set/reset: 21, Sync set/reset: 0
Information: Module sar_digi_paper_core report end. (ELAB-965)
Elaborated 1 design.
Current design is now 'sar_digi_paper_core'.
Information: Building the design 'sar_calib_ctrl_serial' instantiated from design 'sar_digi_paper_core' with
	the parameters PARAM_ID = 1. (HDL-193)
Warning:  /home/<user>/sar16_work/proj_paper_core/rtl/sar_calib_ctrl_serial.sv:167: signed to unsigned conversion occurs. (VER-318)
Warning:  /home/<user>/sar16_work/proj_paper_core/rtl/sar_calib_ctrl_serial.sv:404: signed to unsigned conversion occurs. (VER-318)
Warning:  /home/<user>/sar16_work/proj_paper_core/rtl/sar_calib_ctrl_serial.sv:417: signed to unsigned conversion occurs. (VER-318)
Warning:  /home/<user>/sar16_work/proj_paper_core/rtl/sar_calib_ctrl_serial.sv:432: signed to unsigned conversion occurs. (VER-318)
Warning:  /home/<user>/sar16_work/proj_paper_core/rtl/sar_calib_ctrl_serial.sv:646: signed to unsigned part selection occurs. (VER-318)
Warning:  /home/<user>/sar16_work/proj_paper_core/rtl/sar_calib_ctrl_serial.sv:650: signed to unsigned part selection occurs. (VER-318)
Warning:  /home/<user>/sar16_work/proj_paper_core/rtl/sar_calib_ctrl_serial.sv:431: signed to unsigned part selection occurs. (VER-318)
Information: Loop optimization is performed. (ELAB-2057)
Warning:  /home/<user>/sar16_work/proj_paper_core/rtl/sar_calib_ctrl_serial.sv:617: signed to unsigned part selection occurs. (VER-318)
Warning:  /home/<user>/sar16_work/proj_paper_core/rtl/sar_calib_ctrl_serial.sv:619: signed to unsigned part selection occurs. (VER-318)
Warning:  /home/<user>/sar16_work/proj_paper_core/rtl/sar_calib_ctrl_serial.sv:744: signed to unsigned part selection occurs. (VER-318)

Statistics for case statements in always block in file
	'/home/<user>/sar16_work/proj_paper_core/rtl/sar_calib_ctrl_serial.sv'
============================================================
|    Line    |  full/ parallel  |      block location      |
============================================================
|    452     |    auto/auto     | always block at line 450 |
|    532     |    auto/auto     | always block at line 489 |
============================================================

Inferred memory devices in process in routine 'sar_calib_ctrl_serial_20_30_16_32_5_256_1_1' in file
	 /home/<user>/sar16_work/proj_paper_core/rtl/sar_calib_ctrl_serial.sv'.
===================================================================================
|    Register Name     |   Type    | Width | Bus | MB |  Set  | Reset | ST | Line |
===================================================================================
|      state_reg       | Flip-flop |   4   |  Y  | N  | None  | Async | N  | 445  |
|  shadow_weights_reg  | Flip-flop |  600  |  Y  | N  | Async | Async | N  | 489  |
|    calib_done_reg    | Flip-flop |   1   |  N  | N  | None  | Async | N  | 489  |
| calib_done_pulse_reg | Flip-flop |   1   |  N  | N  | None  | Async | N  | 489  |
|  calib_mode_en_reg   | Flip-flop |   1   |  N  | N  | None  | Async | N  | 489  |
|    target_bit_reg    | Flip-flop |   5   |  Y  | N  | Async | Async | N  | 489  |
|     avg_cnt_reg      | Flip-flop |   5   |  Y  | N  | None  | Async | N  | 489  |
|     sar_code_reg     | Flip-flop |  20   |  Y  | N  | None  | Async | N  | 489  |
|     sar_ptr_reg      | Flip-flop |   5   |  Y  | N  | None  | Async | N  | 489  |
|     wait_cnt_reg     | Flip-flop |   5   |  Y  | N  | None  | Async | N  | 489  |
|   accumulator_reg    | Flip-flop |  37   |  Y  | N  | None  | Async | N  | 489  |
|     w_wr_en_reg      | Flip-flop |   1   |  N  | N  | None  | Async | N  | 489  |
|    w_wr_addr_reg     | Flip-flop |   5   |  Y  | N  | None  | Async | N  | 489  |
|    w_wr_data_reg     | Flip-flop |  30   |  Y  | N  | None  | Async | N  | 489  |
|    comp_out_r_reg    | Flip-flop |   1   |  N  | N  | None  | Async | N  | 489  |
|   comp_out_rr_reg    | Flip-flop |   1   |  N  | N  | None  | Async | N  | 489  |
|    meas_val_p_reg    | Flip-flop |  30   |  Y  | N  | None  | Async | N  | 489  |
|    meas_val_n_reg    | Flip-flop |  30   |  Y  | N  | None  | Async | N  | 489  |
|     calc_cnt_reg     | Flip-flop |   5   |  Y  | N  | None  | Async | N  | 489  |
|     temp_acc_reg     | Flip-flop |  36   |  Y  | N  | None  | Async | N  | 489  |
| calib_overrange_reg  | Flip-flop |   1   |  N  | N  | None  | Async | N  | 489  |
|  overrange_bits_reg  | Flip-flop |  20   |  Y  | N  | None  | Async | N  | 489  |
|  overrange_acc_reg   | Flip-flop |   1   |  N  | N  | None  | Async | N  | 489  |
|  avg_rounded_r_reg   | Flip-flop |  30   |  Y  | N  | None  | Async | N  | 489  |
|  calc_result_r_reg   | Flip-flop |  30   |  Y  | N  | None  | Async | N  | 489  |
|      orr_r_reg       | Flip-flop |   1   |  N  | N  | None  | Async | N  | 489  |
|     wr_idx_r_reg     | Flip-flop |   5   |  Y  | N  | Async | Async | N  | 489  |
===================================================================================
Presto compilation completed successfully. (sar_calib_ctrl_serial_20_30_16_32_5_256_1_1)
Module: sar_calib_ctrl_serial_20_30_16_32_5_256_1_1, Ports: 104, Input: 4, Output: 100, Inout: 0
Module: sar_calib_ctrl_serial_20_30_16_32_5_256_1_1, Registers: 911, Async set/reset: 911, Sync set/reset: 0
Information: Module sar_calib_ctrl_serial_20_30_16_32_5_256_1_1 report end. (ELAB-965)
Information: Building the design 'srm_residue_estimator' instantiated from design 'sar_digi_paper_core' with
	the parameters "DECISION_COUNT=22,RESIDUE_WIDTH=10,RES_FRAC=8,SIGMA_Q8=128,STALL_CYCLES=64". (HDL-193)
Warning:  /home/<user>/sar16_work/proj_paper_core/rtl/srm_residue_estimator.sv:426: signed to unsigned conversion occurs. (VER-318)

Statistics for case statements in always block in file
	'/home/<user>/sar16_work/proj_paper_core/rtl/srm_residue_estimator.sv'
============================================================
|    Line    |  full/ parallel  |      block location      |
============================================================
|    444     |    auto/auto     | always block at line 442 |
|    511     |    auto/auto     | always block at line 498 |
============================================================

Inferred memory devices in process in routine 'srm_residue_estimator_DECISION_COUNT22_RESIDUE_WIDTH10_RES_FRAC8_SIGMA_Q8128_STALL_CYCLES64' in file
	 /home/<user>/sar16_work/proj_paper_core/rtl/srm_residue_estimator.sv'.
==================================================================================
|    Register Name    |   Type    | Width | Bus | MB |  Set  | Reset | ST | Line |
==================================================================================
|     go_tgl_reg      | Flip-flop |   1   |  N  | N  | None  | Async | N  | 307  |
|    go_tgl_s3_reg    | Flip-flop |   1   |  N  | N  | None  | Async | N  | 312  |
|    go_tgl_s1_reg    | Flip-flop |   1   |  N  | N  | None  | Async | N  | 312  |
|    go_tgl_s2_reg    | Flip-flop |   1   |  N  | N  | None  | Async | N  | 312  |
|  dec_done_tgl_reg   | Flip-flop |   1   |  N  | N  | None  | Async | N  | 345  |
|    dec_ones_reg     | Flip-flop |   5   |  Y  | N  | None  | Async | N  | 345  |
|    dec_total_reg    | Flip-flop |   5   |  Y  | N  | None  | Async | N  | 345  |
|     dec_run_reg     | Flip-flop |   1   |  N  | N  | None  | Async | N  | 345  |
|     tgl_s2_reg      | Flip-flop |   1   |  N  | N  | None  | Async | N  | 386  |
|    ones_g_s1_reg    | Flip-flop |   5   |  Y  | N  | None  | Async | N  | 386  |
|    ones_g_s2_reg    | Flip-flop |   5   |  Y  | N  | None  | Async | N  | 386  |
|    tot_g_s1_reg     | Flip-flop |   5   |  Y  | N  | None  | Async | N  | 386  |
|    tot_g_s2_reg     | Flip-flop |   5   |  Y  | N  | None  | Async | N  | 386  |
|     tgl_s1_reg      | Flip-flop |   1   |  N  | N  | None  | Async | N  | 386  |
|      state_reg      | Flip-flop |   3   |  Y  | N  | None  | Async | N  | 457  |
|     tgl_ref_reg     | Flip-flop |   1   |  N  | N  | None  | Async | N  | 468  |
|    cap_ones_reg     | Flip-flop |   5   |  Y  | N  | None  | Async | N  | 468  |
|    cap_total_reg    | Flip-flop |   5   |  Y  | N  | None  | Async | N  | 468  |
|  cap_shortfall_reg  | Flip-flop |   1   |  N  | N  | None  | Async | N  | 468  |
|    stall_cnt_reg    | Flip-flop |   7   |  Y  | N  | None  | Async | N  | 468  |
|  done_pending_reg   | Flip-flop |   1   |  N  | N  | None  | Async | N  | 468  |
|     stalled_reg     | Flip-flop |   1   |  N  | N  | None  | Async | N  | 498  |
|      busy_reg       | Flip-flop |   1   |  N  | N  | None  | Async | N  | 498  |
|      done_reg       | Flip-flop |   1   |  N  | N  | None  | Async | N  | 498  |
|  residue_valid_reg  | Flip-flop |   1   |  N  | N  | None  | Async | N  | 498  |
| residue_q_small_reg | Flip-flop |  10   |  Y  | N  | None  | Async | N  | 498  |
|   ones_count_reg    | Flip-flop |   5   |  Y  | N  | None  | Async | N  | 498  |
|   total_count_reg   | Flip-flop |   5   |  Y  | N  | None  | Async | N  | 498  |
| count_shortfall_reg | Flip-flop |   1   |  N  | N  | None  | Async | N  | 498  |
==================================================================================
Presto compilation completed successfully. (srm_residue_estimator_DECISION_COUNT22_RESIDUE_WIDTH10_RES_FRAC8_SIGMA_Q8128_STALL_CYCLES64)
Module: srm_residue_estimator_DECISION_COUNT22_RESIDUE_WIDTH10_RES_FRAC8_SIGMA_Q8128_STALL_CYCLES64, Ports: 32, Input: 7, Output: 25, Inout: 0
Module: srm_residue_estimator_DECISION_COUNT22_RESIDUE_WIDTH10_RES_FRAC8_SIGMA_Q8128_STALL_CYCLES64, Registers: 86, Async set/reset: 86, Sync set/reset: 0
Information: Module srm_residue_estimator_DECISION_COUNT22_RESIDUE_WIDTH10_RES_FRAC8_SIGMA_Q8128_STALL_CYCLES64 report end. (ELAB-965)
Information: Building the design 'srm_residue_lut' instantiated from design 'srm_residue_estimator_DECISION_COUNT22_RESIDUE_WIDTH10_RES_FRAC8_SIGMA_Q8128_STALL_CYCLES64' with
	the parameters "DECISION_COUNT=22,SIGMA_Q8=128,RES_FRAC=8,FRAC_OUT=8,OUT_WIDTH=10,HALF_TABLE=1'h1". (HDL-193)
Warning:  /home/<user>/sar16_work/proj_paper_core/rtl/srm_residue_lut.sv:158: signed to unsigned conversion occurs. (VER-318)

Statistics for case statements in always block in file
	'/home/<user>/sar16_work/proj_paper_core/rtl/srm_residue_lut.sv'
============================================================
|    Line    |  full/ parallel  |      block location      |
============================================================
|    127     |    auto/auto     | always block at line 156 |
============================================================
Presto compilation completed successfully. (srm_residue_lut_22_128_8_8_10_1)
Module: srm_residue_lut_22_128_8_8_10_1, Ports: 15, Input: 5, Output: 10, Inout: 0
Module: srm_residue_lut_22_128_8_8_10_1, Registers: 0, Async set/reset: 0, Sync set/reset: 0
Information: Module srm_residue_lut_22_128_8_8_10_1 report end. (ELAB-965)
1
current_design $DESIGN
Current design is 'sar_digi_paper_core'.
{sar_digi_paper_core}
# -----------------------------------------------------------------------------
# v4.2 FIX: do not let constants propagate across the block boundary.
#
# `weight_rd_data[29:0]` is driven in the RTL by
#     assign weight_rd_data[N] = 1'b0;
# (the paper-aligned core does not implement the weight read-back bus -- the host
# gets the weights from the w_wr broadcast stream instead). Without this setting
# DC propagates that constant THROUGH the output port, so the port ends up with
# NO DRIVER AT ALL, no net, and therefore no pin. FC then reports, during
# place_opt:
#     Warning: The port named 'weight_rd_data[0]' cannot be isolated because it
#              is not driven (OPT-4016)
#     Isolated 0 ports, skipped 30 ports
# and `set_isolate_ports` refuses to touch an undriven port, which is why the
# earlier attempt reported ISO_OK and changed nothing.
#
# The consequence at sign-off: the routed GDS carries 204 port texts against a
# 232-port netlist, so Calibre LVS reports "Different numbers of ports" and the
# macro could not have been integrated -- a 30-bit port with 30 pins missing.
#
# With boundary optimisation OFF, DC must instantiate a real tie cell to drive
# each such port, so every port has a driver, a net and a pin. This is also the
# CORRECT setting for a block that will be instantiated by something else:
# boundary optimisation is only safe when the block is the whole chip, whose
# boundary is the package rather than a parent design.
set_boundary_optimization $DESIGN false
1
set_svf $OUT_DIR/${DESIGN}_dc${TAG}.svf
Error: The SVF guidance information written so far is incomplete and should not be used. (GHM-007)
1
# Declare the verification top BEFORE anything modifies the design, otherwise DC
# reports GHM-003 and then refuses to compile (GHM-006), quietly yielding a
# gtech-level unmapped netlist.
set_verification_top
1
set link_create_black_boxes false
false
redirect $RPT_DIR/link.rpt { link }
if {[sizeof_collection [get_designs -quiet $DESIGN]] == 0} {
    puts "ERROR: design $DESIGN failed to link"
    exit 1
}
# =============================================================================
# 2. Constraints
# =============================================================================
source $CON_DIR/sar_digi_paper_core.sdc
Current design is 'sar_digi_paper_core'.
Current design is 'sar_digi_paper_core'.
foreach CLK {clk dec_clk} {
    if {[sizeof_collection [get_clocks -quiet $CLK]] == 0} {
        puts "ERROR: no clock named $CLK was created by the SDC."
        puts "       Most likely cause: a variable inside {} in a waveform/edge"
        puts "       list, e.g. '-waveform {0.0 \$CLK_HALF}'. Braces suppress \$"
        puts "       substitution, DC receives the literal token, drops the command"
        puts "       WITHOUT an error, and no clock is created."
        exit 1
    }
    puts "INFO: clock '$CLK' period = [get_attribute [get_clocks $CLK] period] ns"
}
INFO: clock 'clk' period = 10.000000 ns
INFO: clock 'dec_clk' period = 3.000000 ns
set_wire_load_mode top
1
if {[catch {set_wire_load_model -name $WLM_NAME -library $LIBMODE} msg]} {
    puts "WARNING: wire load model $WLM_NAME NOT applied ($msg)"
    puts "WARNING: pre-layout timing below is optimistic; re-check with a physical flow."
} else {
    puts "INFO: wire load model $WLM_NAME (library $LIBMODE) applied, mode = top"
}
INFO: wire load model smic18_wl10 (library typical) applied, mode = top
set_max_area 0
1
uniquify
1
check_design > $RPT_DIR/check_design.rpt
# =============================================================================
# 3. Synthesis
# =============================================================================
# --- clock gating (v4.1) ------------------------------------------------------
# The measured power breakdown put 84 % of the estimate in `u_calib_ctrl`, a
# FOREGROUND engine that runs once at power-up (207 k cycles) and then sits in
# S_DONE forever -- while its 800-odd flip-flops keep being clocked. Nothing was
# gating that clock.
#
# This library ships NO integrated clock-gating cell (no ICG / CLKLAN / CLKG /
# *_CG among the 478 macros), so the tool must build one from a latch plus an AND:
#     TLATXL 36.5904 um^2  +  AND2XL 9.9792 um^2  ~= 46.6 um^2 per group
# which is still cheaper than the enable multiplexer it replaces. That is why the
# area usually goes DOWN as well.
#
# `-sequential_cell latch` is not a preference, it is the only sequential element
# available that can hold the enable across the inactive clock phase.
set CG_OK 1
1
if {[catch {
    set_clock_gating_style -sequential_cell latch -minimum_bitwidth 2 \
                           -control_point before -max_fanout 32
} m]} {
    puts "NOTE: set_clock_gating_style rejected ($m); synthesising without gating."
    set CG_OK 0
}

Current clock gating style....
Sequential cell: latch
Minimum bank bitwidth: 2
Minimum bank bitwidth for enhanced clock gating: 4
Maximum fanout: 32
Setup time for clock gate: 0.000000
Hold time for clock gate: 0.000000
Clock gating circuitry (positive edge): and
Clock gating circuitry (negative edge): or
 Note: inverter between clock gating circuitry 
       and (negative edge) register clock pin.
Control point insertion: before
Control signal for control point: scan_enable
Observation point insertion: false
Observation logic depth: 5
if {$CG_OK && [catch {compile_ultra -gate_clock -no_autoungroup} m]} {
    puts "NOTE: compile_ultra -gate_clock failed ($m); falling back to plain compile."
    set CG_OK 0
}
Loading db file '/opt/synopsys/syn/W-2024.09-SP3/libraries/syn/dw_foundation.sldb'
Information: Failed to find dw_foundation.sldb in the user defined search_path, load it from 'Synopsys Root'. (UISN-70)
Warning: DesignWare synthetic library dw_foundation.sldb is added to the synthetic_library in the current command. (UISN-40)
Information: Starting from 2013.12 release, constant propagation is enabled even when boundary optimization is disabled. (OPT-1318)
Information: Performing leakage power optimization. (PWR-850)
CPU Load: 11%, Ram Free: 7 GB, Swap Free: 15 GB, Work Disk Free: 655 GB, Tmp Disk Free: 655 GB
Alib files are up-to-date.
Information: Evaluating DesignWare library utilization. (UISN-27)

============================================================================
| DesignWare Building Block Library  |         Version         | Available |
============================================================================
| Basic DW Building Blocks           | W-2024.09-DWBB_202409.3 |     *     |
| Licensed DW Building Blocks        | W-2024.09-DWBB_202409.3 |     *     |
============================================================================

====================================================================================================
| Flow Information                                                                                 |
----------------------------------------------------------------------------------------------------
| Flow         | Design Compiler WLM                                                               |
| Command Line | compile_ultra -no_autoungroup -gate_clock                                         |
====================================================================================================
| Design Information                                      | Value                                  |
====================================================================================================
| Number of Scenarios                                     | 0                                      |
| Leaf Cell Count                                         | 2374                                   |
| Number of User Hierarchies                              | 3                                      |
| Sequential Cell Count                                   | 1018                                   |
| Macro Count                                             | 0                                      |
| Pad Count                                               | 0                                      |
| Number of Power Domains                                 | 0                                      |
| Number of Path Groups                                   | 3                                      |
| Number of VT Class                                      | 0                                      |
| Number of Clocks                                        | 2                                      |
| Number of Dont Touch Cells                              | 282                                    |
| Number of Dont Touch Nets                               | 0                                      |
| Number of Size Only Cells                               | 0                                      |
| Design with Target Library Subset (with clock_path)     | false  (false )                        |
| Design with UPF Data                                    | false                                  |
====================================================================================================
Information: Sequential output inversion is enabled.  SVF file must be used for formal verification. (OPT-1208)

Information: There are 14 potential problems in your design. Please run 'check_design' for more information. (LINT-99)

  Simplifying Design 'sar_digi_paper_core'

Loaded alib file './alib-52/typical.db.alib'
CPU Load: 12%, Ram Free: 7 GB, Swap Free: 15 GB, Work Disk Free: 655 GB, Tmp Disk Free: 655 GB
Information: State dependent leakage is now switched from on to off.

  Beginning Pass 1 Mapping
  ------------------------
  Processing 'sar_calib_ctrl_serial_20_30_16_32_5_256_1_1'
Information: Added key list 'DesignWare' to design 'sar_calib_ctrl_serial_20_30_16_32_5_256_1_1'. (DDB-72)
 Implement Synthetic for 'sar_calib_ctrl_serial_20_30_16_32_5_256_1_1'.
  Processing 'srm_residue_estimator_DECISION_COUNT22_RESIDUE_WIDTH10_RES_FRAC8_SIGMA_Q8128_STALL_CYCLES64'
 Implement Synthetic for 'srm_residue_estimator_DECISION_COUNT22_RESIDUE_WIDTH10_RES_FRAC8_SIGMA_Q8128_STALL_CYCLES64'.
  Processing 'sar_digi_paper_core'
  Processing 'srm_residue_lut_22_128_8_8_10_1'
Information: Added key list 'DesignWare' to design 'srm_residue_lut_22_128_8_8_10_1'. (DDB-72)
 Implement Synthetic for 'srm_residue_lut_22_128_8_8_10_1'.
  Processing 'SNPS_CLOCK_GATE_HIGH_srm_residue_estimator_DECISION_COUNT22_RESIDUE_WIDTH10_RES_FRAC8_SIGMA_Q8128_STALL_CYCLES64_0'
  Processing 'SNPS_CLOCK_GATE_HIGH_sar_calib_ctrl_serial_20_30_16_32_5_256_1_1_0'
Memory usage for J1 task 642 Mbytes -- main task 642 Mbytes.
CPU Load: 12%, Ram Free: 7 GB, Swap Free: 15 GB, Work Disk Free: 655 GB, Tmp Disk Free: 655 GB

  Updating timing information
Information: Updating design information... (UID-85)
Information: The library cell 'HOLDX1' in the library 'typical' is not characterized for internal power. (PWR-536)
Information: The target library(s) contains cell(s), other than black boxes, that are not characterized for internal power. (PWR-24)
Information: Skipping clock gating on design SNPS_CLOCK_GATE_HIGH_sar_calib_ctrl_serial_20_30_16_32_5_256_1_1_0, since there are no registers. (PWR-806)
Information: Skipping clock gating on design sar_calib_ctrl_serial_20_30_16_32_5_256_1_1_DP_OP_814J1_123_1531_J1_0, since there are no registers. (PWR-806)
Information: Skipping clock gating on design sar_calib_ctrl_serial_20_30_16_32_5_256_1_1_DP_OP_813J1_122_7927_J1_0, since there are no registers. (PWR-806)
Information: Skipping clock gating on design sar_calib_ctrl_serial_20_30_16_32_5_256_1_1_DW01_inc_J1_0, since there are no registers. (PWR-806)
Information: Skipping clock gating on design sar_calib_ctrl_serial_20_30_16_32_5_256_1_1_DW01_inc_J1_1, since there are no registers. (PWR-806)
Information: Skipping clock gating on design sar_calib_ctrl_serial_20_30_16_32_5_256_1_1_DW01_inc_J1_2, since there are no registers. (PWR-806)
Information: Skipping clock gating on design sar_calib_ctrl_serial_20_30_16_32_5_256_1_1_DW01_add_J1_0, since there are no registers. (PWR-806)
Information: Skipping clock gating on design sar_calib_ctrl_serial_20_30_16_32_5_256_1_1_DW01_dec_J1_0, since there are no registers. (PWR-806)
Information: Skipping clock gating on design sar_calib_ctrl_serial_20_30_16_32_5_256_1_1_DW01_dec_J1_1, since there are no registers. (PWR-806)
Information: Skipping clock gating on design sar_calib_ctrl_serial_20_30_16_32_5_256_1_1_DW01_dec_J1_2, since there are no registers. (PWR-806)
Information: Skipping clock gating on design srm_residue_lut_22_128_8_8_10_1, since there are no registers. (PWR-806)
Information: Skipping clock gating on design SNPS_CLOCK_GATE_HIGH_srm_residue_estimator_DECISION_COUNT22_RESIDUE_WIDTH10_RES_FRAC8_SIGMA_Q8128_STALL_CYCLES64_0, since there are no registers. (PWR-806)
Information: Skipping clock gating on design srm_residue_estimator_DECISION_COUNT22_RESIDUE_WIDTH10_RES_FRAC8_SIGMA_Q8128_STALL_CYCLES64_DW01_inc_J1_0, since there are no registers. (PWR-806)
Information: Skipping clock gating on design srm_residue_estimator_DECISION_COUNT22_RESIDUE_WIDTH10_RES_FRAC8_SIGMA_Q8128_STALL_CYCLES64_DW01_inc_J1_1, since there are no registers. (PWR-806)
Information: Skipping clock gating on design srm_residue_estimator_DECISION_COUNT22_RESIDUE_WIDTH10_RES_FRAC8_SIGMA_Q8128_STALL_CYCLES64_DW01_inc_J1_2, since there are no registers. (PWR-806)
Information: Skipping clock gating on design SNPS_CLOCK_GATE_HIGH_srm_residue_estimator_DECISION_COUNT22_RESIDUE_WIDTH10_RES_FRAC8_SIGMA_Q8128_STALL_CYCLES64_1, since there are no registers. (PWR-806)
Information: Skipping clock gating on design SNPS_CLOCK_GATE_HIGH_srm_residue_estimator_DECISION_COUNT22_RESIDUE_WIDTH10_RES_FRAC8_SIGMA_Q8128_STALL_CYCLES64_2, since there are no registers. (PWR-806)
Information: Skipping clock gating on design SNPS_CLOCK_GATE_HIGH_srm_residue_estimator_DECISION_COUNT22_RESIDUE_WIDTH10_RES_FRAC8_SIGMA_Q8128_STALL_CYCLES64_3, since there are no registers. (PWR-806)
Information: Skipping clock gating on design SNPS_CLOCK_GATE_HIGH_srm_residue_estimator_DECISION_COUNT22_RESIDUE_WIDTH10_RES_FRAC8_SIGMA_Q8128_STALL_CYCLES64_4, since there are no registers. (PWR-806)
Information: Skipping clock gating on design SNPS_CLOCK_GATE_HIGH_sar_calib_ctrl_serial_20_30_16_32_5_256_1_1_1, since there are no registers. (PWR-806)
Information: Skipping clock gating on design SNPS_CLOCK_GATE_HIGH_sar_calib_ctrl_serial_20_30_16_32_5_256_1_1_2, since there are no registers. (PWR-806)
Information: Skipping clock gating on design SNPS_CLOCK_GATE_HIGH_sar_calib_ctrl_serial_20_30_16_32_5_256_1_1_3, since there are no registers. (PWR-806)
Information: Skipping clock gating on design SNPS_CLOCK_GATE_HIGH_sar_calib_ctrl_serial_20_30_16_32_5_256_1_1_4, since there are no registers. (PWR-806)
Information: Skipping clock gating on design SNPS_CLOCK_GATE_HIGH_sar_calib_ctrl_serial_20_30_16_32_5_256_1_1_5, since there are no registers. (PWR-806)
Information: Skipping clock gating on design SNPS_CLOCK_GATE_HIGH_sar_calib_ctrl_serial_20_30_16_32_5_256_1_1_6, since there are no registers. (PWR-806)
Information: Skipping clock gating on design SNPS_CLOCK_GATE_HIGH_sar_calib_ctrl_serial_20_30_16_32_5_256_1_1_7, since there are no registers. (PWR-806)
Information: Skipping clock gating on design SNPS_CLOCK_GATE_HIGH_sar_calib_ctrl_serial_20_30_16_32_5_256_1_1_8, since there are no registers. (PWR-806)
Information: Skipping clock gating on design SNPS_CLOCK_GATE_HIGH_sar_calib_ctrl_serial_20_30_16_32_5_256_1_1_9, since there are no registers. (PWR-806)
Information: Skipping clock gating on design SNPS_CLOCK_GATE_HIGH_sar_calib_ctrl_serial_20_30_16_32_5_256_1_1_10, since there are no registers. (PWR-806)
Information: Skipping clock gating on design SNPS_CLOCK_GATE_HIGH_sar_calib_ctrl_serial_20_30_16_32_5_256_1_1_11, since there are no registers. (PWR-806)
Information: Skipping clock gating on design SNPS_CLOCK_GATE_HIGH_sar_calib_ctrl_serial_20_30_16_32_5_256_1_1_12, since there are no registers. (PWR-806)
Information: Skipping clock gating on design SNPS_CLOCK_GATE_HIGH_sar_calib_ctrl_serial_20_30_16_32_5_256_1_1_13, since there are no registers. (PWR-806)
Information: Skipping clock gating on design SNPS_CLOCK_GATE_HIGH_sar_calib_ctrl_serial_20_30_16_32_5_256_1_1_14, since there are no registers. (PWR-806)
Information: Skipping clock gating on design SNPS_CLOCK_GATE_HIGH_sar_calib_ctrl_serial_20_30_16_32_5_256_1_1_15, since there are no registers. (PWR-806)
Information: Skipping clock gating on design SNPS_CLOCK_GATE_HIGH_sar_calib_ctrl_serial_20_30_16_32_5_256_1_1_16, since there are no registers. (PWR-806)
Information: Skipping clock gating on design SNPS_CLOCK_GATE_HIGH_sar_calib_ctrl_serial_20_30_16_32_5_256_1_1_17, since there are no registers. (PWR-806)
Information: Skipping clock gating on design SNPS_CLOCK_GATE_HIGH_sar_calib_ctrl_serial_20_30_16_32_5_256_1_1_18, since there are no registers. (PWR-806)
Information: Skipping clock gating on design SNPS_CLOCK_GATE_HIGH_sar_calib_ctrl_serial_20_30_16_32_5_256_1_1_19, since there are no registers. (PWR-806)
Information: Skipping clock gating on design SNPS_CLOCK_GATE_HIGH_sar_calib_ctrl_serial_20_30_16_32_5_256_1_1_20, since there are no registers. (PWR-806)
Information: Skipping clock gating on design SNPS_CLOCK_GATE_HIGH_sar_calib_ctrl_serial_20_30_16_32_5_256_1_1_21, since there are no registers. (PWR-806)
Information: Skipping clock gating on design SNPS_CLOCK_GATE_HIGH_sar_calib_ctrl_serial_20_30_16_32_5_256_1_1_22, since there are no registers. (PWR-806)
Information: Skipping clock gating on design SNPS_CLOCK_GATE_HIGH_sar_calib_ctrl_serial_20_30_16_32_5_256_1_1_23, since there are no registers. (PWR-806)
Information: Skipping clock gating on design SNPS_CLOCK_GATE_HIGH_sar_calib_ctrl_serial_20_30_16_32_5_256_1_1_24, since there are no registers. (PWR-806)
Information: Skipping clock gating on design SNPS_CLOCK_GATE_HIGH_sar_calib_ctrl_serial_20_30_16_32_5_256_1_1_25, since there are no registers. (PWR-806)
Information: Skipping clock gating on design SNPS_CLOCK_GATE_HIGH_sar_calib_ctrl_serial_20_30_16_32_5_256_1_1_26, since there are no registers. (PWR-806)
Information: Skipping clock gating on design SNPS_CLOCK_GATE_HIGH_sar_calib_ctrl_serial_20_30_16_32_5_256_1_1_27, since there are no registers. (PWR-806)
Information: Skipping clock gating on design SNPS_CLOCK_GATE_HIGH_sar_calib_ctrl_serial_20_30_16_32_5_256_1_1_28, since there are no registers. (PWR-806)
Information: Skipping clock gating on design SNPS_CLOCK_GATE_HIGH_sar_calib_ctrl_serial_20_30_16_32_5_256_1_1_29, since there are no registers. (PWR-806)
Information: Skipping clock gating on design SNPS_CLOCK_GATE_HIGH_sar_calib_ctrl_serial_20_30_16_32_5_256_1_1_30, since there are no registers. (PWR-806)
Information: Skipping clock gating on design SNPS_CLOCK_GATE_HIGH_sar_calib_ctrl_serial_20_30_16_32_5_256_1_1_31, since there are no registers. (PWR-806)
Information: Skipping clock gating on design SNPS_CLOCK_GATE_HIGH_sar_calib_ctrl_serial_20_30_16_32_5_256_1_1_32, since there are no registers. (PWR-806)
Information: Skipping clock gating on design SNPS_CLOCK_GATE_HIGH_sar_calib_ctrl_serial_20_30_16_32_5_256_1_1_33, since there are no registers. (PWR-806)
Information: Performing clock-gating on design sar_calib_ctrl_serial_20_30_16_32_5_256_1_1. (PWR-730)
Information: Performing clock-gating on design srm_residue_estimator_DECISION_COUNT22_RESIDUE_WIDTH10_RES_FRAC8_SIGMA_Q8128_STALL_CYCLES64. (PWR-730)
Information: Performing clock-gating on design sar_digi_paper_core. (PWR-730)
Memory usage for J2 task 642 Mbytes -- main task 642 Mbytes.
Memory usage for J3 task 642 Mbytes -- main task 642 Mbytes.
Memory usage for J4 task 642 Mbytes -- main task 642 Mbytes.
CGOPT MAP DEBUG: cgopt_ctxt.target_lib refresh required directly after link: FALSE

  Beginning Mapping Optimizations  (Ultra High effort)
  -------------------------------
Information: Added key list 'DesignWare' to design 'srm_residue_estimator_DECISION_COUNT22_RESIDUE_WIDTH10_RES_FRAC8_SIGMA_Q8128_STALL_CYCLES64'. (DDB-72)
Information: The register 'u_calib_ctrl/temp_acc_reg[35]' will be removed. (OPT-1207)
Information: The register 'u_calib_ctrl/temp_acc_reg[34]' will be removed. (OPT-1207)
Information: The register 'u_calib_ctrl/temp_acc_reg[33]' will be removed. (OPT-1207)
Information: The register 'u_calib_ctrl/temp_acc_reg[32]' will be removed. (OPT-1207)
Information: The register 'u_calib_ctrl/temp_acc_reg[31]' will be removed. (OPT-1207)
Information: The register 'u_calib_ctrl/temp_acc_reg[30]' will be removed. (OPT-1207)
Information: The register 'u_calib_ctrl/accumulator_reg[36]' will be removed. (OPT-1207)
  Mapping Optimization (Phase 1)

                                  TOTAL                                                
   ELAPSED            WORST NEG   SETUP    DESIGN                              LEAKAGE 
    TIME      AREA      SLACK     COST    RULE COST         ENDPOINT            POWER  
  --------- --------- --------- --------- --------- ------------------------- ---------
    0:00:06  150702.6      0.12       0.3      30.6                           644350.9375
    0:00:06  150692.6      0.12       0.3      30.6                           644328.8125

  Beginning Constant Register Removal
  -----------------------------------

  Beginning Global Optimizations
  ------------------------------
  Numerical Synthesis (Phase 1)
  Numerical Synthesis (Phase 2)
  Global Optimization (Phase 1)
  Global Optimization (Phase 2)
  Global Optimization (Phase 3)
  Global Optimization (Phase 4)
  Global Optimization (Phase 5)
  Global Optimization (Phase 6)
  Global Optimization (Phase 7)
  Global Optimization (Phase 8)
  Global Optimization (Phase 9)
  Global Optimization (Phase 10)
  Global Optimization (Phase 11)
  Global Optimization (Phase 12)
  Global Optimization (Phase 13)
  Global Optimization (Phase 14)
  Global Optimization (Phase 15)
  Global Optimization (Phase 16)
  Global Optimization (Phase 17)
  Global Optimization (Phase 18)
  Global Optimization (Phase 19)
  Global Optimization (Phase 20)
  Global Optimization (Phase 21)
  Global Optimization (Phase 22)
  Global Optimization (Phase 23)
  Global Optimization (Phase 24)
  Global Optimization (Phase 25)
  Global Optimization (Phase 26)
  Global Optimization (Phase 27)
  Global Optimization (Phase 28)
  Global Optimization (Phase 29)
  Global Optimization (Phase 30)
  Global Optimization (Phase 31)

  Beginning Isolate Ports
  -----------------------

  Beginning Delay Optimization
  ----------------------------
    0:00:07   98567.9      1.11       7.3    1017.4                           333041.9062
    0:00:07   99509.3      0.00       0.0    1017.5                           341254.0312
    0:00:07   99509.3      0.00       0.0    1017.5                           341254.0312
    0:00:07   99509.3      0.00       0.0    1017.5                           341254.0312
    0:00:07   99502.6      0.00       0.0    1017.5                           341237.9688
    0:00:07   99419.4      0.00       0.0    1017.5                           340961.0312

  Beginning WLM Backend Optimization
  --------------------------------------
    0:00:08   98877.2      0.00       0.0     974.0                           338026.3750
    0:00:08   98877.2      0.00       0.0     974.0                           338026.3750
    0:00:08   98877.2      0.00       0.0     974.0                           338026.3750
    0:00:08   98877.2      0.00       0.0     974.0                           338026.3750
    0:00:08   98877.2      0.00       0.0     974.0                           338026.3750
    0:00:08   98893.9      0.00       0.0     973.7                           338151.8750
    0:00:08   98893.9      0.00       0.0     973.7                           338151.8750
    0:00:08   98893.9      0.00       0.0     973.7                           338151.8750
    0:00:08   98893.9      0.00       0.0     973.7                           338151.8750
    0:00:08   98893.9      0.00       0.0     973.7                           338151.8750
    0:00:08   98893.9      0.00       0.0     973.7                           338151.8750
    0:00:08   98893.9      0.00       0.0     973.7                           338151.8750
    0:00:08   98893.9      0.00       0.0     973.7                           338151.8750
    0:00:08   98893.9      0.00       0.0     973.7                           338151.8750
    0:00:08   98893.9      0.00       0.0     973.7                           338151.8750
    0:00:08   98893.9      0.00       0.0     973.7                           338151.8750
    0:00:08   98893.9      0.00       0.0     973.7                           338151.8750
    0:00:08   98893.9      0.00       0.0     973.7                           338151.8750
    0:00:08   98893.9      0.00       0.0     973.7                           338151.8750
    0:00:08   98893.9      0.00       0.0     973.7                           338151.8750
    0:00:08   98893.9      0.00       0.0     973.7                           338151.8750
    0:00:08   98893.9      0.00       0.0     973.7                           338151.8750
    0:00:08   98893.9      0.00       0.0     973.7                           338151.8750
    0:00:08   98893.9      0.00       0.0     973.7                           338151.8750


  Beginning Design Rule Fixing  (max_transition)
  ----------------------------

                                  TOTAL                                                
   ELAPSED            WORST NEG   SETUP    DESIGN                              LEAKAGE 
    TIME      AREA      SLACK     COST    RULE COST         ENDPOINT            POWER  
  --------- --------- --------- --------- --------- ------------------------- ---------
    0:00:08   98893.9      0.00       0.0     973.7                           338151.8750
  Global Optimization (Phase 32)
  Global Optimization (Phase 33)
  Global Optimization (Phase 34)
    0:00:09  100597.0      0.00       0.0       0.0                           351490.1562
    0:00:09  100597.0      0.00       0.0       0.0                           351490.1562
    0:00:09  100597.0      0.00       0.0       0.0                           351490.1562
    0:00:09  100597.0      0.00       0.0       0.0                           351490.1562
    0:00:09  100597.0      0.00       0.0       0.0                           351490.1562
    0:00:09   99432.7      0.00       0.0       0.0                           336588.0938
    0:00:09   99432.7      0.00       0.0       0.0                           336588.0938
    0:00:09   99432.7      0.00       0.0       0.0                           336588.0938
    0:00:09   99432.7      0.00       0.0       0.0                           336588.0938
    0:00:09   99432.7      0.00       0.0       0.0                           336588.0938
    0:00:09   99432.7      0.00       0.0       0.0                           336588.0938
    0:00:09   99432.7      0.00       0.0       0.0                           336588.0938
    0:00:09   99432.7      0.00       0.0       0.0                           336588.0938
    0:00:09   99432.7      0.00       0.0       0.0                           336588.0938
    0:00:09   99432.7      0.00       0.0       0.0                           336588.0938
    0:00:09   99432.7      0.00       0.0       0.0                           336588.0938
    0:00:09   99432.7      0.00       0.0       0.0                           336588.0938
    0:00:09   99432.7      0.00       0.0       0.0                           336588.0938
    0:00:09   99432.7      0.00       0.0       0.0                           336588.0938
    0:00:09   99432.7      0.00       0.0       0.0                           336588.0938
    0:00:09   99432.7      0.00       0.0       0.0                           336588.0938
    0:00:09   99432.7      0.00       0.0       0.0                           336588.0938
    0:00:09   99432.7      0.00       0.0       0.0                           336588.0938
    0:00:09   99432.7      0.00       0.0       0.0                           336588.0938

                                  TOTAL                                                
   ELAPSED            WORST NEG   SETUP    DESIGN                              LEAKAGE 
    TIME      AREA      SLACK     COST    RULE COST         ENDPOINT            POWER  
  --------- --------- --------- --------- --------- ------------------------- ---------
    0:00:09   99432.7      0.00       0.0       0.0                           336588.0938
    0:00:09   98288.5      0.00       0.0       0.0                           323620.9375
    0:00:09   98288.5      0.00       0.0       0.0                           323620.9375
    0:00:09   98288.5      0.00       0.0       0.0                           323620.9375
    0:00:09   98275.2      0.00       0.0       0.0                           323570.0625
    0:00:10   98095.5      0.00       0.0       0.0                           322430.2188
    0:00:10   98095.5      0.00       0.0       0.0                           322430.2188
    0:00:10   98095.5      0.00       0.0       0.0                           322430.2188
    0:00:10   98095.5      0.00       0.0       0.0                           322430.2188
    0:00:10   98095.5      0.00       0.0       0.0                           322430.2188
    0:00:10   98095.5      0.00       0.0       0.0                           322430.2188
    0:00:10   97912.6      0.00       0.0       0.0                           321555.2812
CPU Load: 12%, Ram Free: 7 GB, Swap Free: 15 GB, Work Disk Free: 655 GB, Tmp Disk Free: 655 GB
Loading db file '/home/<user>/Project/DESIGN/14BIT_ADC/smic18/digital/sc/synopsys/typical.db'


Note: Symbol # after min delay cost means estimated hold TNS across all active scenarios 


  Optimization Complete
  ---------------------
Information: State dependent leakage is now switched from off to on.
Information: Propagating switching activity (low effort zero delay simulation). (PWR-6)
CPU Load: 12%, Ram Free: 7 GB, Swap Free: 15 GB, Work Disk Free: 655 GB, Tmp Disk Free: 655 GB
Information: Total number of MV cells in the design.
----------------------------------------------------------------------------------------------------
 MV Cells                                           Total Number                                   
----------------------------------------------------------------------------------------------------
 Level Shifter:                                     0                                             
 Enable Level Shifter:                              0                                             
 Isolation Cell:                                    0                                             
 Retention Cell:                                    0                                             
 Retention Clamp Cell:                              0                                             
 Switch Cell:                                       0                                             
 Always-On Cell:                                    0                                             
 Repeater Cell:                                     0                                             

----------------------------------------------------------------------------------------------------
Unmapped MV Cells 
----------------------------------------------------------------------------------------------------
0 Isolation Cells are unmapped 
0 Retention Clamp Cells are unmapped 
----------------------------------------------------------------------------------------------------
if {!$CG_OK} {
    compile_ultra -no_autoungroup
}
# Guard: an option that is silently ignored looks exactly like an option that had
# no effect (this project lost a round to `-nospecify`). Count the gates.
redirect $RPT_DIR/clock_gating.rpt { report_clock_gating }
if {[catch {
    set fh [open $RPT_DIR/clock_gating.rpt r]; set t [read $fh]; close $fh
    set ng [regexp -all -inline -nocase {clock[-_ ]?gat} $t]
    puts "CG_REPORT clock-gating mentions in rpt: [llength $ng]"
} e]} { puts "NOTE: could not scan clock_gating.rpt ($e)" }
CG_REPORT clock-gating mentions in rpt: 8
if {[catch {
    set ngate [sizeof_collection [get_cells -hier -quiet -filter "ref_name=~*TLAT*"]]
    puts "CG_LATCH_CELLS=$ngate   (each latch+AND pair gates one enable group)"
} e2]} { puts "NOTE: latch census unavailable ($e2)" }
CG_LATCH_CELLS=40   (each latch+AND pair gates one enable group)
redirect $RPT_DIR/area_flat_precleanup.rpt { report_area }
optimize_netlist -area
Information: Failed to find dw_foundation.sldb in the user defined search_path, load it from 'Synopsys Root'. (UISN-70)
Warning: DesignWare synthetic library dw_foundation.sldb is added to the synthetic_library in the current command. (UISN-40)
Information: Performing leakage power optimization. (PWR-850)
CPU Load: 12%, Ram Free: 7 GB, Swap Free: 15 GB, Work Disk Free: 655 GB, Tmp Disk Free: 655 GB
Alib files are up-to-date.

Information: There are 40 potential problems in your design. Please run 'check_design' for more information. (LINT-99)



  Updating timing information
Information: The library cell 'HOLDX1' in the library 'typical' is not characterized for internal power. (PWR-536)
Information: The target library(s) contains cell(s), other than black boxes, that are not characterized for internal power. (PWR-24)


  Beginning Area Optimization
  -----------------------------

                                  TOTAL                                                
   ELAPSED            WORST NEG   SETUP    DESIGN                              LEAKAGE 
    TIME      AREA      SLACK     COST    RULE COST         ENDPOINT            POWER  
  --------- --------- --------- --------- --------- ------------------------- ---------
    0:00:01   97912.6      0.00       0.0       0.0                           321555.2812
    0:00:02   97892.6      0.00       0.0       0.0                           321426.9375
Loading db file '/home/<user>/Project/DESIGN/14BIT_ADC/smic18/digital/sc/synopsys/typical.db'


Note: Symbol # after min delay cost means estimated hold TNS across all active scenarios 


  Optimization Complete
  ---------------------
CPU Load: 12%, Ram Free: 7 GB, Swap Free: 15 GB, Work Disk Free: 655 GB, Tmp Disk Free: 655 GB
Information: Total number of MV cells in the design.
----------------------------------------------------------------------------------------------------
 MV Cells                                           Total Number                                   
----------------------------------------------------------------------------------------------------
 Level Shifter:                                     0                                             
 Enable Level Shifter:                              0                                             
 Isolation Cell:                                    0                                             
 Retention Cell:                                    0                                             
 Retention Clamp Cell:                              0                                             
 Switch Cell:                                       0                                             
 Always-On Cell:                                    0                                             
 Repeater Cell:                                     0                                             

----------------------------------------------------------------------------------------------------
Unmapped MV Cells 
----------------------------------------------------------------------------------------------------
0 Isolation Cells are unmapped 
0 Retention Clamp Cells are unmapped 
----------------------------------------------------------------------------------------------------
1
# -----------------------------------------------------------------------------
# Guard: refuse to sign off an UNMAPPED netlist.
# -----------------------------------------------------------------------------
redirect $RPT_DIR/area_flat.rpt { report_area }
set fh [open $RPT_DIR/area_flat.rpt r]
file21
set area_txt [read $fh]
 
****************************************
Report : area
Design : sar_digi_paper_core
Version: W-2024.09-SP3
Date   : Fri Sep 18 20:19:41 2026
****************************************

Information: Updating design information... (UID-85)
Library(s) Used:

    typical (File: /home/<user>/Project/DESIGN/14BIT_ADC/smic18/digital/sc/synopsys/typical.db)

Number of ports:                          487
Number of nets:                          3438
Number of cells:                         2918
Number of combinational cells:           1822
Number of sequential cells:              1051
Number of macros/black boxes:               0
Number of buf/inv:                        295
Number of references:                       5

Combinational area:              32478.969954
Buf/Inv area:                     2667.772855
Noncombinational area:           65413.655151
Macro/Black Box area:                0.000000
Net Interconnect area:          388641.912689

Total cell area:                 97892.625106
Total area:                     486534.537795
1

close $fh
set mapped_area -1.0
-1.0
if {[regexp {Total cell area:[ \t]+([0-9.]+)} $area_txt -> a]} {
    set mapped_area $a
}
97892.625106
if {$mapped_area <= 0.0} {
    puts "ERROR: synthesis produced NO mapped cells (cell area = $mapped_area)."
    puts "       The netlist is gtech-only and must not be used."
    exit 1
}
puts "INFO: mapped cell area = $mapped_area (library units) - mapping confirmed"
INFO: mapped cell area = 97892.625106 (library units) - mapping confirmed
# -----------------------------------------------------------------------------
# Guard: the core must be smaller than the integrated top.  This is the whole
# reason the core exists; if it is not, something has gone wrong in the split
# (e.g. reconstruction got pulled back in through a wildcard file list).
# The reference is the integrated build's reported 444 460 um^2.  A generous
# ceiling is used on purpose: this checks DIRECTION, not a target.
# -----------------------------------------------------------------------------
if {$mapped_area > 300000.0} {
    puts "ERROR: the core synthesised to $mapped_area um^2, which is close to the"
    puts "       integrated top (444 460 um^2). The reconstruction datapath has"
    puts "       probably leaked back in. Check \$SV_FILES and the elaboration."
    exit 1
}
# =============================================================================
# 4. Reports
# =============================================================================
redirect $RPT_DIR/check_timing.rpt   { check_timing }
redirect $RPT_DIR/area.rpt           { report_area -hierarchy }
redirect $RPT_DIR/timing_setup.rpt   { report_timing -max_paths 20 -nworst 2 -delay max -path_type full_clock_expanded }
redirect $RPT_DIR/timing_hold.rpt    { report_timing -max_paths 10 -nworst 2 -delay min -path_type full_clock_expanded }
redirect $RPT_DIR/qor.rpt            { report_qor }
redirect $RPT_DIR/violators.rpt      { report_constraint -all_violators }
redirect $RPT_DIR/power.rpt          { report_power -hierarchy }
redirect $RPT_DIR/resources.rpt      { report_resources -hierarchy }
redirect $RPT_DIR/clock_gating.rpt   { report_clock_gating }
redirect $RPT_DIR/clocks.rpt         { report_clock -attributes }
# =============================================================================
# 5. Outputs
# =============================================================================
write -format verilog -hierarchy -output $OUT_DIR/${DESIGN}_netlist.v
Writing verilog file '/home/<user>/sar16_work/proj_paper_core/mapped/sar_digi_paper_core_netlist.v'.
Warning: Verilog 'assign' or 'tran' statements are written out. (VO-4)
1
write -format ddc     -hierarchy -output $OUT_DIR/${DESIGN}.ddc
Writing ddc file '/home/<user>/sar16_work/proj_paper_core/mapped/sar_digi_paper_core.ddc'.
1
write_sdc            $OUT_DIR/${DESIGN}_syn.sdc
1
write_sdf            $OUT_DIR/${DESIGN}_sdf.sdf
Information: Annotated 'cell' delays are assumed to include load delay. (UID-282)
Information: Writing timing information to file '/home/<user>/sar16_work/proj_paper_core/mapped/sar_digi_paper_core_sdf.sdf'. (WT-3)
1
# =============================================================================
# 6. Summary
# =============================================================================
set clk_p  [get_attribute [get_clocks clk] period]
10.000000
set dclk_p [get_attribute [get_clocks dec_clk] period]
3.000000
puts "=============================================================="
==============================================================
puts "DC synthesis complete for $DESIGN  (arm tag='$TAG')"
DC synthesis complete for sar_digi_paper_core  (arm tag='')
puts "  clk     period : $clk_p ns"
  clk     period : 10.000000 ns
puts "  dec_clk period : $dclk_p ns"
  dec_clk period : 3.000000 ns
puts "  library       : $LIBMODE ($LIB_FILE)"
  library       : typical (/home/<user>/Project/DESIGN/14BIT_ADC/smic18/digital/sc/synopsys/typical.db)
puts "  wire load     : $WLM_NAME"
  wire load     : smic18_wl10
puts "  cell area     : $mapped_area (library units)"
  cell area     : 97892.625106 (library units)
puts "  svf           : $OUT_DIR/${DESIGN}_dc${TAG}.svf"
  svf           : /home/<user>/sar16_work/proj_paper_core/mapped/sar_digi_paper_core_dc.svf
puts "  reports       : $RPT_DIR"
  reports       : /home/<user>/sar16_work/proj_paper_core/reports
puts "  netlist       : $OUT_DIR/${DESIGN}_netlist.v"
  netlist       : /home/<user>/sar16_work/proj_paper_core/mapped/sar_digi_paper_core_netlist.v
puts "DC_DONE arm=$TAG libmode=$LIBMODE design=$DESIGN area=$mapped_area"
DC_DONE arm= libmode=typical design=sar_digi_paper_core area=97892.625106
puts "=============================================================="
==============================================================
exit

Memory usage for this session 642 Mbytes.
Memory usage for this session including child processes 642 Mbytes.
CPU usage for this session 17 seconds ( 0.00 hours ).
Elapsed time for this session 40 seconds ( 0.01 hours ).

Thank you...
