  sync run_dc_paper_core.sh : already current
  sync run_pnr_paper_core.sh : already current
  sync run_sta_paper_core.sh : already current
  sync run_calibre_drc_paper_core.sh : already current
  sync run_lvs_paper_core.sh : already current
  sync collect_result.sh : already current
STAGE_SCRIPTS_SYNCED
reproduce_all.sh  start=0   2026-09-18 20:19:00
project   : /home/<user>/sar16_work/proj_paper_core

############################################################################
### STAGE 0 : PREFLIGHT      [20:19:00  elapsed 0s]
############################################################################
  tool OK   dc_shell
  tool OK   fc_shell
  tool OK   pt_shell
  tool OK   calibre
  tool OK   calibredrv
  tool OK   v2lvs
  file OK   /home/<user>/Project/DESIGN/14BIT_ADC/smic18/digital/sc/synopsys/typical.db
  file OK   /home/<user>/Project/DESIGN/14BIT_ADC/smic18/digital/sc/synopsys/slow.db
  file OK   /home/<user>/Project/DESIGN/14BIT_ADC/smic18/digital/sc/gds2/smic18.gds2
  file OK   /home/<user>/Project/DESIGN/14BIT_ADC/smic18/digital/sc/lvs_netlist/smic18.cdl
  file OK   /home/<user>/Project/DESIGN/14BIT_ADC/smic18/Calibre/SMIC_CalDRC_018LGMS_1833_V1.19_REV1_0/SMIC_CalDRC_018LGMS_1833_V1.19_REV1_0.drc
  file OK   /home/<user>/Project/DESIGN/14BIT_ADC/smic18/Calibre/SMIC_CalLVS_018MSE_1833_V1.11_1/SMIC_CalLVS_018MSE_1833_V1.11_1.lvs
  input OK  /home/<user>/sar16_work/proj_paper_core/rtl/sar_calib_ctrl_serial.sv
  input OK  /home/<user>/sar16_work/proj_paper_core/rtl/srm_residue_estimator.sv
  input OK  /home/<user>/sar16_work/proj_paper_core/rtl/srm_residue_lut.sv
  input OK  /home/<user>/sar16_work/proj_paper_core/rtl/sar_digi_paper_core.sv
  input OK  /home/<user>/sar16_work/proj_paper_core/constraints/sar_digi_paper_core.sdc
  input OK  /home/<user>/sar16_work/proj_paper_core/constraints/sar_digi_paper_core_pnr.sdc
INPUT_LOCK: DIFFERS from the manifest:
    1,7c1
    < 0a6ebb1ff25d32e826f15496dbc21f26  scripts/dc_synth_paper_core.tcl
    < 111b50141629f60735f1a945a16d01ee  scripts/probe_fix_pins_pg.tcl
    < 14a7ffb0db919cf7fbce88190e216433  scripts/pg_build_probe.tcl
    < 1e38872b9f7bdbfc9e9f3e2118b15eaf  scripts/fc_pnr_paper_core.tcl
    < 285ef171ff0515f856ef668c20701e59  constraints/sar_digi_paper_core_pnr.sdc
    < 30369a2239b57f447979a9469f4592a2  rtl/sar_digi_paper_core.sv
    < 43bc19d3fadf70b1a770726b6070e82b  scripts/pg_probe2.tcl
    ---
    > 26454d5a4be9c4d47e0854e8cd8148c4  scripts/dc_synth_paper_core.tcl
    9,11c3,5
    < 65cb5e4c5493a47559030982075d2cf9  scripts/pg_probe.tcl
    < 7b01c91f1a97df40e68634f06aa4fa8d  scripts/sta_pt_paper_core.tcl
    < 8d66c891010b2a1e4ce3212bcf84d7ce  constraints/sar_digi_paper_core.sdc
    ---
    > 7b842b2c354771f565a52e9775a87f15  scripts/fc_pnr_paper_core.tcl
    > 845ae8426d81d627963bf823aba47268  constraints/sar_digi_paper_core.sdc
    > a01424c3a3f0eaeeb06d85a09b43ab4c  rtl/sar_calib_ctrl_serial.sv
    14,15c8,10
    < c164a1368fafe4916ffba2a65596367e  rtl/sar_calib_ctrl_serial.sv
    < e4bbd37abbb78461014dc7c00be5e78e  scripts/pg_syntax_probe.tcl
    ---
    > bbed38aee5565138aeb425440a7b78e5  rtl/sar_digi_paper_core.sv
    > d67f8bcc82f0ddf07561a6e50c0ca3e2  constraints/sar_digi_paper_core_pnr.sdc
    > fddfcc304cc68563480df75383dce23c  scripts/sta_pt_paper_core.tcl
          (a difference means the numbers below are for a DIFFERENT design)

############################################################################
### STAGE 1 : SYNTHESIS (DC, both arms)      [20:19:00  elapsed 0s]
############################################################################
############################################################
### DC paper_core arm tag='' libmode=typical   Fri Sep 18 20:19:00 CST 2026
############################################################
DC_RC=0
GUARD_GHM_GUIDANCE=0      (must be 0)
GUARD_ERROR_LINES=1   (reported for review, not all fatal)
GUARD_WLM_APPLIED=1     (must be >= 1)
DC_AREA tag= area=97892.625106
--- arm  summary ---
DC_DONE arm= libmode=typical design=sar_digi_paper_core area=97892.625106
    puts "INFO: clock '$CLK' period = [get_attribute [get_clocks $CLK] period] ns"
    puts "WARNING: wire load model $WLM_NAME NOT applied ($msg)"
DC_ARM status=OK tag= libmode=typical area=97892.625106
############################################################
### DC paper_core arm tag='_ss' libmode=slow   Fri Sep 18 20:19:41 CST 2026
############################################################
DC_RC=0
GUARD_GHM_GUIDANCE=0      (must be 0)
GUARD_ERROR_LINES=1   (reported for review, not all fatal)
GUARD_WLM_APPLIED=1     (must be >= 1)
DC_AREA tag=_ss area=101581.602856
--- arm _ss summary ---
DC_DONE arm=_ss libmode=slow design=sar_digi_paper_core area=101581.602856
    puts "INFO: clock '$CLK' period = [get_attribute [get_clocks $CLK] period] ns"
    puts "WARNING: wire load model $WLM_NAME NOT applied ($msg)"
DC_ARM status=OK tag=_ss libmode=slow area=101581.602856

############################################################
### DC paper_core arms complete
############################################################
--- mapped/ ---
total 3044
-rw-rw-r--. 1 <user> <user>   24576 Sep 18 20:19 sar_digi_paper_core_dc.svf
-rw-rw-r--. 1 <user> <user>  368640 Sep 18 20:19 sar_digi_paper_core.ddc
-rw-rw-r--. 1 <user> <user>  313837 Sep 18 20:19 sar_digi_paper_core_netlist.v
-rw-rw-r--. 1 <user> <user> 2344786 Sep 18 20:19 sar_digi_paper_core_sdf.sdf
-rw-rw-r--. 1 <user> <user>   57837 Sep 18 20:19 sar_digi_paper_core_syn.sdc
--- mapped_ss/ ---
total 3212
-rw-rw-r--. 1 <user> <user>   40960 Sep 18 20:20 sar_digi_paper_core_dc_ss.svf
-rw-rw-r--. 1 <user> <user>  387072 Sep 18 20:20 sar_digi_paper_core.ddc
-rw-rw-r--. 1 <user> <user>  337505 Sep 18 20:20 sar_digi_paper_core_netlist.v
-rw-rw-r--. 1 <user> <user> 2454105 Sep 18 20:20 sar_digi_paper_core_sdf.sdf
-rw-rw-r--. 1 <user> <user>   57834 Sep 18 20:20 sar_digi_paper_core_syn.sdc
RUN_DC_PAPER_CORE_DONE
  arm 'typical' total cell area = 97892.625106 um2
  arm '_ss' total cell area = 101581.602856 um2

############################################################################
### STAGE 2 : PLACE & ROUTE (Fusion Compiler)      [20:20:07  elapsed 67s]
############################################################################
############################################################
### FC P&R paper_core   Fri Sep 18 20:20:07 CST 2026
############################################################
INFO: slow-arm netlist 337505 B
FC_RC=0

--- stage summary ---
##  STAGE: read_verilog + link
##  STAGE: read_parasitic_tech
##  STAGE: read_sdc
##  STAGE: initialize_floorplan
##  STAGE: power_plan
##  STAGE: clock_opt
##  STAGE: routing
##  STAGE: reports
##  STAGE: write outputs
##  STAGE SUMMARY
##    read_verilog=OK
##    set_top_module=OK
##    link_block=OK
##    read_parasitic_tech=OK
##    set_parasitic_parameters=OK
##    read_sdc=OK
##    initialize_floorplan=OK
##    set_block_pin_constraints=OK
##    place_pins=OK
##    create_placement=OK
##    place_opt=OK
##    clock_opt=OK
##    route_auto=OK
##    route_opt=OK
##    check_routes=OK
##    write_verilog=OK
##    write_sdc=OK
##    write_parasitics=OK
##    write_gds=OK
##    write_lef=OK
##    save_block=OK
##    save_lib=OK

--- exports ---
puts "EXPORT_RESULT gds=$gds_ok lef=$lef_ok"
EXPORT_RESULT gds=1 lef=1
if {$gds_ok} { puts "EXPORT_GDS_BYTES [file size $OUT/${TOP}.gds]" }
EXPORT_GDS_BYTES 3464522
if {$lef_ok} { puts "EXPORT_LEF_BYTES [file size $OUT/${TOP}.lef]" }
EXPORT_LEF_BYTES 179611
puts "PNR_DONE_PAPER_CORE"
PNR_DONE_PAPER_CORE

--- fatal lines ---
        puts "FATAL: required input missing: $F"
    puts "FATAL: NDM missing: $NDM"
    puts "FATAL: NET does not point into proj_paper_core ($NET) - refusing to run."
    puts "FATAL: NET is not the paper core netlist ($NET) - refusing to run."
    puts "FATAL: create_lib failed: $m"
        puts "FATAL: cannot read netlist $NET : $m2"
    puts "FATAL: set_top_module $TOP failed: $m"
    puts "FATAL: link_block failed - the netlist references cells that are not in"
    puts "FATAL: refusing to continue to timing analysis without the TLUPlus."
    puts "FATAL: SDC failed: $m"
[end of fatal scan]

--- output artefacts ---
OK   sar_digi_paper_core_pnr.v                378258 B
OK   sar_digi_paper_core_pnr.sdc              83282 B
OK   sar_digi_paper_core.gds                  3464522 B
OK   sar_digi_paper_core.lef                  179611 B
OK   sar_digi_paper_core_pnr.spef.smic18_par_125.spef 6958499 B
PNR_STATUS=COMPLETE
PNR_PAPER_CORE_DONE

############################################################################
### STAGE 3 : SIGN-OFF STA (PrimeTime, 3 corners + OCV sweep)      [20:24:17  elapsed 317s]
############################################################################
    STA_FMAX_EST corner=typical clock=clk period_ns=10.000 slack_ns=0.9807 pmin_ns=9.019 fmax_mhz=110.9
    STA_FMAX_EST corner=typical clock=dec_clk period_ns=3.000 slack_ns=0.0000 pmin_ns=3.000 fmax_mhz=333.3
    STA_FMAX_EST corner=slow clock=clk period_ns=10.000 slack_ns=0.7947 pmin_ns=9.205 fmax_mhz=108.6
    STA_FMAX_EST corner=slow clock=dec_clk period_ns=3.000 slack_ns=0.0000 pmin_ns=3.000 fmax_mhz=333.3
    STA_FMAX_EST corner=fast clock=clk period_ns=10.000 slack_ns=1.0732 pmin_ns=8.927 fmax_mhz=112.0
    STA_FMAX_EST corner=fast clock=dec_clk period_ns=3.000 slack_ns=0.0000 pmin_ns=3.000 fmax_mhz=333.3
  --- derate sweep (slow, clk) ---
    STA_DERATE_CHECK corner=slow tag=p0 nominal_wns=0.794725 derated_wns=0.794725 delta_ns=0.000000
    STA_DERATE_CHECK corner=slow tag=p3 nominal_wns=0.794725 derated_wns=0.759686 delta_ns=-0.035039
    STA_DERATE_CHECK corner=slow tag=p5 nominal_wns=0.794725 derated_wns=0.736327 delta_ns=-0.058398
    STA_DERATE_CHECK corner=slow tag=p8 nominal_wns=0.794725 derated_wns=0.701290 delta_ns=-0.093435
  derate 0 % control point delta = 0.000000  (harness self-check PASS)

############################################################################
### STAGE 4 : CALIBRE DRC on the delivered GDS      [20:26:36  elapsed 456s]
############################################################################
      raw      : 3464522 B
      merged   : 4243084 B   (contains the referenced kit cells too)
    DRC_RC=0   elapsed 18 s
      'referenced but not defined' errors : 0   (must be 0)
      rulechecks executed                 : 421   (must be >= 100)
    GDS_VERIFIED (Calibre read every referenced cell and ran 421 rulechecks)

############################################################################
### STAGE 5 : CALIBRE LVS      [20:27:08  elapsed 488s]
############################################################################
          LP layers=10 hasAA10=1 hasGT30=1 hasM1_61=1
          LP layers=19 hasAA10=1 hasGT30=1 hasM1_61=1
    V2LVS_RC=0
    LVS_RC=0   elapsed 19 s
        LVS completed. INCORRECT. See report file: /home/<user>/sar16_work/proj_paper_core/calibre/lvs/lvs.rep
                            #           #     INCORRECT     #  
          INCORRECT      sar_digi_paper_core           sar_digi_paper_core

############################################################################
### STAGE 6 : MANIFEST      [20:27:35  elapsed 515s]
############################################################################
wrote /home/<user>/sar16_work/proj_paper_core/reports/RESULT_CURRENT.env  (59 keys)

--- RESULT ---
  # auto-generated by collect_result.sh  2026-09-18 20:27:40
  # project /home/<user>/sar16_work/proj_paper_core
  # ---- input identity (the lock) ----
  rtl_md5_sar_calib_ctrl_serial=c164a1368fafe4916ffba2a65596367e
  rtl_md5_srm_residue_estimator=5ce710fd137b3e73ea30983e0343b013
  rtl_md5_srm_residue_lut=aca8f1d7219bf68d9a09b106a2b9a03d
  rtl_md5_sar_digi_paper_core=30369a2239b57f447979a9469f4592a2
  sdc_md5_sar_digi_paper_core.sdc=8d66c891010b2a1e4ce3212bcf84d7ce
  sdc_md5_sar_digi_paper_core_pnr.sdc=285ef171ff0515f856ef668c20701e59
  tcl_md5_dc_synth_paper_core.tcl=0a6ebb1ff25d32e826f15496dbc21f26
  tcl_md5_fc_pnr_paper_core.tcl=1e38872b9f7bdbfc9e9f3e2118b15eaf
  tcl_md5_sta_pt_paper_core.tcl=7b01c91f1a97df40e68634f06aa4fa8d
  # ---- synthesis ----
  dc_area_typical=97892.625106
  dc_area_slow=101581.602856
  dc_cells_typical=2918
  dc_regs_typical=1051
  dc_comb_area=32478.969954
  dc_noncomb_area=65413.655151
  dc_area_top_self=97892.6251
  dc_area_calib=88106.3564
  dc_area_srm=8306.0208
  dc_area_lut=831.6000
  dc_levels_of_logic_clk=40.00
  dc_hold_viols=105.00
  # ---- power (UNANNOTATED activity; DC defaults. See the report caveat.) ----
  power_total_mw=2.546
  power_calib_mw=1.760
  power_srm_mw=0.556
  power_lut_mw=6.57e-05
  # ---- place & route ----
  pnr_bytes_gds=3464522
  pnr_bytes_lef=179611
  pnr_bytes_netlist=378258
  pnr_bytes_spef=6958499
  fc_util=0.5558
  fc_block_area=184066.3440
  fc_capacity_area=184066.3440
  # ---- sign-off STA (post-route, with SPEF) ----
  sta_typical_clk_slack=0.9807
  sta_typical_clk_fmax=110.9
  sta_typical_dec_clk_slack=0.0000
  sta_typical_dec_clk_fmax=333.3
  sta_slow_clk_slack=0.7947
  sta_slow_clk_fmax=108.6
  sta_slow_dec_clk_slack=0.0000
  sta_slow_dec_clk_fmax=333.3
  sta_fast_clk_slack=1.0732
  sta_fast_clk_fmax=112.0
  sta_fast_dec_clk_slack=0.0000
  sta_fast_dec_clk_fmax=333.3
  derate_slow_p0_wns=0.794725
  derate_slow_p3_wns=0.759686
  derate_slow_p5_wns=0.736327
  derate_slow_p8_wns=0.701290
  # ---- calibre ----
  delivered_gds_bytes=4243084
  delivered_gds_top=sar_digi_paper_core
  delivered_gds_cells=225
  delivered_gds_layerpairs=19
  delivered_gds_cell_digest=ead28efc4d2859e2c3ebc1d227b584b0
  die_width_um=430.520
  die_height_um=429.340
  die_area_um2=184839.457
  drc_rulechecks=421
  drc_results=3402
  lvs_verdict=INCORRECT
  # drc.log 1417398 B
  # lvs.log 769866 B
  # ---- identity of the delivered GDS (informational; may carry writer metadata) ----
  # delivered_gds_md5=e846246127c86f3a4256a34de2ff7344

  no baseline yet; accepting this run as the baseline.
  REPRO status=BASELINE_SET

--- deliverables ---
  /home/<user>/sar16_work/proj_paper_core/pnr/out/sar_digi_paper_core.gds    3464522 B
  /home/<user>/sar16_work/proj_paper_core/calibre/sar_digi_paper_core_merged.gds    4243084 B
  /home/<user>/sar16_work/proj_paper_core/pnr/out/sar_digi_paper_core.lef     179611 B
  /home/<user>/sar16_work/proj_paper_core/pnr/out/sar_digi_paper_core_pnr.v     378258 B
  /home/<user>/sar16_work/proj_paper_core/pnr/out/sar_digi_paper_core_pnr.spef.smic18_par_125.spef    6958499 B

reproduce_all.sh  total elapsed 521s   end 2026-09-18 20:27:41
REPRO_ALL_DONE
