****************************************
Report : constraint
	-all_violators
	-verbose
Design : sar_digi_paper_core
Version: W-2024.09-SP3
Date   : Fri Sep 18 20:24:34 2026
****************************************


  Startpoint: calib_comp_out
               (input port clocked by clk)
  Endpoint: u_calib_ctrl/comp_out_r_reg
               (rising edge-triggered flip-flop clocked by clk)
  Path Group: clk
  Path Type: min
  Min Data Paths Derating Factor  : 1.00
  Min Clock Paths Derating Factor : 1.00
  Max Clock Paths Derating Factor : 1.00
  Min Timing Check Derating Factor : 1.00

  Point                                                   Incr       Path
  ------------------------------------------------------------------------------
  clock clk (rise edge)                                   0.00       0.00
  clock network delay (propagated)                        0.00       0.00
  input external delay                                    0.00       0.00 r
  calib_comp_out (in)                                     0.00 &     0.00 r
  u_calib_ctrl/HFSINV_4_321/Y (INVXL)                     0.14 &     0.14 f
  u_calib_ctrl/comp_out_r_reg/D (DFFSX1)                  0.00 &     0.15 f
  data arrival time                                                  0.15

  clock clk (rise edge)                                   0.00       0.00
  clock network delay (propagated)                        0.21       0.21
  u_calib_ctrl/comp_out_r_reg/CK (DFFSX1)                            0.21 r
  clock reconvergence pessimism                           0.00       0.21
  clock uncertainty                                       0.05       0.26
  library hold time                                      -0.08       0.18
  data required time                                                 0.18
  ------------------------------------------------------------------------------
  data required time                                                 0.18
  data arrival time                                                 -0.15
  ------------------------------------------------------------------------------
  slack (VIOLATED)                                                  -0.03



    Pin: u_calib_ctrl/ZCTSBUF_4055_1393/Y

    max_fanout                  24.00
  - Fanout                      44.00
  ------------------------------
    Slack                      -20.00  (VIOLATED)

    Pin: ctosc_gls_inst_1718/Y

    max_fanout                  24.00
  - Fanout                      40.00
  ------------------------------
    Slack                      -16.00  (VIOLATED)

    Pin: u_calib_ctrl/HFSINV_1920_582/Y

    max_fanout                  24.00
  - Fanout                      40.00
  ------------------------------
    Slack                      -16.00  (VIOLATED)

    Pin: HFSINV_8439_622/Y

    max_fanout                  24.00
  - Fanout                      36.00
  ------------------------------
    Slack                      -12.00  (VIOLATED)

    Pin: u_calib_ctrl/HFSINV_2730_599/Y

    max_fanout                  24.00
  - Fanout                      36.00
  ------------------------------
    Slack                      -12.00  (VIOLATED)

    Pin: u_calib_ctrl/HFSINV_4577_586/Y

    max_fanout                  24.00
  - Fanout                      36.00
  ------------------------------
    Slack                      -12.00  (VIOLATED)

    Pin: u_calib_ctrl/HFSINV_8622_615/Y

    max_fanout                  24.00
  - Fanout                      35.00
  ------------------------------
    Slack                      -11.00  (VIOLATED)

    Pin: u_calib_ctrl/gre_a_INV_7090_inst_2341/Y

    max_fanout                  24.00
  - Fanout                      35.00
  ------------------------------
    Slack                      -11.00  (VIOLATED)

    Pin: u_calib_ctrl/HFSINV_7880_607/Y

    max_fanout                  24.00
  - Fanout                      33.00
  ------------------------------
    Slack                       -9.00  (VIOLATED)

    Pin: u_calib_ctrl/HFSINV_1122_592/Y

    max_fanout                  24.00
  - Fanout                      32.00
  ------------------------------
    Slack                       -8.00  (VIOLATED)

    Pin: u_calib_ctrl/HFSINV_8782_611/Y

    max_fanout                  24.00
  - Fanout                      32.00
  ------------------------------
    Slack                       -8.00  (VIOLATED)

    Pin: u_calib_ctrl/HFSINV_10240_617/Y

    max_fanout                  24.00
  - Fanout                      32.00
  ------------------------------
    Slack                       -8.00  (VIOLATED)

    Pin: u_calib_ctrl/HFSINV_10909_618/Y

    max_fanout                  24.00
  - Fanout                      32.00
  ------------------------------
    Slack                       -8.00  (VIOLATED)

    Pin: u_calib_ctrl/HFSINV_520_603/Y

    max_fanout                  24.00
  - Fanout                      31.00
  ------------------------------
    Slack                       -7.00  (VIOLATED)

    Pin: u_calib_ctrl/HFSINV_1524_595/Y

    max_fanout                  24.00
  - Fanout                      31.00
  ------------------------------
    Slack                       -7.00  (VIOLATED)

    Pin: u_calib_ctrl/HFSINV_1906_581/Y

    max_fanout                  24.00
  - Fanout                      31.00
  ------------------------------
    Slack                       -7.00  (VIOLATED)

    Pin: u_calib_ctrl/HFSINV_2547_584/Y

    max_fanout                  24.00
  - Fanout                      31.00
  ------------------------------
    Slack                       -7.00  (VIOLATED)

    Pin: u_calib_ctrl/HFSINV_4613_602/Y

    max_fanout                  24.00
  - Fanout                      31.00
  ------------------------------
    Slack                       -7.00  (VIOLATED)

    Pin: u_calib_ctrl/HFSINV_10061_616/Y

    max_fanout                  24.00
  - Fanout                      31.00
  ------------------------------
    Slack                       -7.00  (VIOLATED)

    Pin: u_calib_ctrl/HFSINV_12227_620/Y

    max_fanout                  24.00
  - Fanout                      31.00
  ------------------------------
    Slack                       -7.00  (VIOLATED)

    Pin: u_calib_ctrl/ZBUF_3430_inst_1002/Y

    max_fanout                  24.00
  - Fanout                      31.00
  ------------------------------
    Slack                       -7.00  (VIOLATED)

    Pin: u_calib_ctrl/gre_a_INV_4409_inst_2346/Y

    max_fanout                  24.00
  - Fanout                      31.00
  ------------------------------
    Slack                       -7.00  (VIOLATED)

    Pin: u_calib_ctrl/gre_a_INV_6696_inst_2347/Y

    max_fanout                  24.00
  - Fanout                      31.00
  ------------------------------
    Slack                       -7.00  (VIOLATED)

    Pin: u_calib_ctrl/HFSINV_224_578/Y

    max_fanout                  24.00
  - Fanout                      30.00
  ------------------------------
    Slack                       -6.00  (VIOLATED)

    Pin: u_calib_ctrl/HFSINV_2067_598/Y

    max_fanout                  24.00
  - Fanout                      30.00
  ------------------------------
    Slack                       -6.00  (VIOLATED)

    Pin: u_calib_ctrl/HFSINV_5261_591/Y

    max_fanout                  24.00
  - Fanout                      30.00
  ------------------------------
    Slack                       -6.00  (VIOLATED)

    Pin: u_calib_ctrl/HFSINV_8037_608/Y

    max_fanout                  24.00
  - Fanout                      30.00
  ------------------------------
    Slack                       -6.00  (VIOLATED)

    Pin: u_calib_ctrl/HFSINV_11467_610/Y

    max_fanout                  24.00
  - Fanout                      30.00
  ------------------------------
    Slack                       -6.00  (VIOLATED)

    Pin: u_calib_ctrl/ZBUF_1431_inst_1018/Y

    max_fanout                  24.00
  - Fanout                      30.00
  ------------------------------
    Slack                       -6.00  (VIOLATED)

    Pin: u_calib_ctrl/ZCTSBUF_247_1371/Y

    max_fanout                  24.00
  - Fanout                      30.00
  ------------------------------
    Slack                       -6.00  (VIOLATED)

    Pin: u_calib_ctrl/ZCTSBUF_247_1382/Y

    max_fanout                  24.00
  - Fanout                      30.00
  ------------------------------
    Slack                       -6.00  (VIOLATED)

    Pin: u_calib_ctrl/ZCTSBUF_251_1374/Y

    max_fanout                  24.00
  - Fanout                      30.00
  ------------------------------
    Slack                       -6.00  (VIOLATED)

    Pin: u_calib_ctrl/ZCTSBUF_251_1376/Y

    max_fanout                  24.00
  - Fanout                      30.00
  ------------------------------
    Slack                       -6.00  (VIOLATED)

    Pin: u_calib_ctrl/ZCTSBUF_251_1378/Y

    max_fanout                  24.00
  - Fanout                      30.00
  ------------------------------
    Slack                       -6.00  (VIOLATED)

    Pin: u_calib_ctrl/ZCTSBUF_251_1388/Y

    max_fanout                  24.00
  - Fanout                      30.00
  ------------------------------
    Slack                       -6.00  (VIOLATED)

    Pin: u_calib_ctrl/ZCTSBUF_255_1368/Y

    max_fanout                  24.00
  - Fanout                      30.00
  ------------------------------
    Slack                       -6.00  (VIOLATED)

    Pin: u_calib_ctrl/ZCTSBUF_255_1381/Y

    max_fanout                  24.00
  - Fanout                      30.00
  ------------------------------
    Slack                       -6.00  (VIOLATED)

    Pin: u_calib_ctrl/ZCTSBUF_255_1386/Y

    max_fanout                  24.00
  - Fanout                      30.00
  ------------------------------
    Slack                       -6.00  (VIOLATED)

    Pin: u_calib_ctrl/ZCTSBUF_255_1387/Y

    max_fanout                  24.00
  - Fanout                      30.00
  ------------------------------
    Slack                       -6.00  (VIOLATED)

    Pin: u_calib_ctrl/ZCTSBUF_255_1390/Y

    max_fanout                  24.00
  - Fanout                      30.00
  ------------------------------
    Slack                       -6.00  (VIOLATED)

    Pin: u_calib_ctrl/ZCTSBUF_259_1380/Y

    max_fanout                  24.00
  - Fanout                      30.00
  ------------------------------
    Slack                       -6.00  (VIOLATED)

    Pin: u_calib_ctrl/ZCTSBUF_259_1383/Y

    max_fanout                  24.00
  - Fanout                      30.00
  ------------------------------
    Slack                       -6.00  (VIOLATED)

    Pin: u_calib_ctrl/clk_gate_meas_val_n_reg/main_gate/Y

    max_fanout                  24.00
  - Fanout                      30.00
  ------------------------------
    Slack                       -6.00  (VIOLATED)

    Pin: u_calib_ctrl/clk_gate_meas_val_p_reg/main_gate/Y

    max_fanout                  24.00
  - Fanout                      30.00
  ------------------------------
    Slack                       -6.00  (VIOLATED)

    Pin: u_calib_ctrl/clk_gate_shadow_weights_reg[4]/main_gate/Y

    max_fanout                  24.00
  - Fanout                      30.00
  ------------------------------
    Slack                       -6.00  (VIOLATED)

    Pin: u_calib_ctrl/clk_gate_shadow_weights_reg[5]/main_gate/Y

    max_fanout                  24.00
  - Fanout                      30.00
  ------------------------------
    Slack                       -6.00  (VIOLATED)

    Pin: u_calib_ctrl/clk_gate_shadow_weights_reg[9]/main_gate/Y

    max_fanout                  24.00
  - Fanout                      30.00
  ------------------------------
    Slack                       -6.00  (VIOLATED)

    Pin: u_calib_ctrl/clk_gate_shadow_weights_reg[10]/main_gate/Y

    max_fanout                  24.00
  - Fanout                      30.00
  ------------------------------
    Slack                       -6.00  (VIOLATED)

    Pin: u_calib_ctrl/clk_gate_shadow_weights_reg[11]/main_gate/Y

    max_fanout                  24.00
  - Fanout                      30.00
  ------------------------------
    Slack                       -6.00  (VIOLATED)

    Pin: u_calib_ctrl/clk_gate_shadow_weights_reg[12]/main_gate/Y

    max_fanout                  24.00
  - Fanout                      30.00
  ------------------------------
    Slack                       -6.00  (VIOLATED)

    Pin: u_calib_ctrl/clk_gate_shadow_weights_reg[14]/main_gate/Y

    max_fanout                  24.00
  - Fanout                      30.00
  ------------------------------
    Slack                       -6.00  (VIOLATED)

    Pin: u_calib_ctrl/clk_gate_shadow_weights_reg[16]/main_gate/Y

    max_fanout                  24.00
  - Fanout                      30.00
  ------------------------------
    Slack                       -6.00  (VIOLATED)

    Pin: u_calib_ctrl/clk_gate_shadow_weights_reg[18]/main_gate/Y

    max_fanout                  24.00
  - Fanout                      30.00
  ------------------------------
    Slack                       -6.00  (VIOLATED)

    Pin: u_calib_ctrl/gre_a_INV_2579_inst_2348/Y

    max_fanout                  24.00
  - Fanout                      30.00
  ------------------------------
    Slack                       -6.00  (VIOLATED)

    Pin: u_calib_ctrl/HFSINV_792_594/Y

    max_fanout                  24.00
  - Fanout                      29.00
  ------------------------------
    Slack                       -5.00  (VIOLATED)

    Pin: u_calib_ctrl/HFSINV_955_593/Y

    max_fanout                  24.00
  - Fanout                      28.00
  ------------------------------
    Slack                       -4.00  (VIOLATED)

    Pin: u_calib_ctrl/HFSINV_8934_614/Y

    max_fanout                  24.00
  - Fanout                      28.00
  ------------------------------
    Slack                       -4.00  (VIOLATED)

    Pin: u_srm_residue/HFSINV_246_605/Y

    max_fanout                  24.00
  - Fanout                      28.00
  ------------------------------
    Slack                       -4.00  (VIOLATED)

    Pin: HFSINV_7443_624/Y

    max_fanout                  24.00
  - Fanout                      27.00
  ------------------------------
    Slack                       -3.00  (VIOLATED)

    Pin: u_calib_ctrl/HFSINV_9181_612/Y

    max_fanout                  24.00
  - Fanout                      27.00
  ------------------------------
    Slack                       -3.00  (VIOLATED)

    Pin: u_calib_ctrl/HFSINV_12586_621/Y

    max_fanout                  24.00
  - Fanout                      26.00
  ------------------------------
    Slack                       -2.00  (VIOLATED)

    Pin: u_calib_ctrl/gre_a_INV_2209_inst_2339/Y

    max_fanout                  24.00
  - Fanout                      26.00
  ------------------------------
    Slack                       -2.00  (VIOLATED)

    Pin: HFSINV_13612_623/Y

    max_fanout                  24.00
  - Fanout                      25.00
  ------------------------------
    Slack                       -1.00  (VIOLATED)

    Pin: u_calib_ctrl/HFSINV_1817_596/Y

    max_fanout                  24.00
  - Fanout                      25.00
  ------------------------------
    Slack                       -1.00  (VIOLATED)

    Pin: u_calib_ctrl/HFSINV_4202_601/Y

    max_fanout                  24.00
  - Fanout                      25.00
  ------------------------------
    Slack                       -1.00  (VIOLATED)

1
