****************************************
Report : analysis_coverage
Design : sar_digi_paper_core
Version: W-2024.09-SP3
Date   : Fri Sep 18 20:25:23 2026
****************************************

Type of Check         Total              Met         Violated         Untested
--------------------------------------------------------------------------------
setup                  1051      1039 ( 99%)         0 (  0%)        12 (  1%)
hold                   1051      1023 ( 97%)        16 (  2%)        12 (  1%)
recovery               1011         0 (  0%)         0 (  0%)      1011 (100%)
removal                1011         0 (  0%)         0 (  0%)      1011 (100%)
min_pulse_width        3073      2062 ( 67%)         0 (  0%)      1011 ( 33%)
clock_gating_setup       40        40 (100%)         0 (  0%)         0 (  0%)
clock_gating_hold        40        40 (100%)         0 (  0%)         0 (  0%)
out_setup               146       146 (100%)         0 (  0%)         0 (  0%)
out_hold                146       146 (100%)         0 (  0%)         0 (  0%)
--------------------------------------------------------------------------------
All Checks             7569      4496 ( 59%)        16 (  0%)      3057 ( 40%)

1
