****************************************
Report : timing
	-path_type full_clock_expanded
	-delay_type min
	-nworst 2
	-slack_lesser_than 0.00
	-max_paths 25
	-sort_by slack
Design : sar_digi_paper_core
Version: W-2024.09-SP3
Date   : Fri Sep 18 20:24:34 2026
****************************************


  Startpoint: calib_comp_out
               (input port clocked by clk)
  Endpoint: u_calib_ctrl/comp_out_r_reg
               (rising edge-triggered flip-flop clocked by clk)
  Path Group: clk
  Path Type: min
  Min Data Paths Derating Factor  : 1.00
  Min Clock Paths Derating Factor : 1.00
  Max Clock Paths Derating Factor : 1.00
  Min Timing Check Derating Factor : 1.00

  Point                                                   Incr       Path
  ------------------------------------------------------------------------------
  clock clk (rise edge)                                   0.00       0.00
  clock network delay (propagated)                        0.00       0.00
  input external delay                                    0.00       0.00 r
  calib_comp_out (in)                                     0.00 &     0.00 r
  u_calib_ctrl/HFSINV_4_321/Y (INVXL)                     0.14 &     0.14 f
  u_calib_ctrl/comp_out_r_reg/D (DFFSX1)                  0.00 &     0.15 f
  data arrival time                                                  0.15

  clock clk (rise edge)                                   0.00       0.00
  clock source latency                                    0.00       0.00
  clk (in)                                                0.00 &     0.00 r
  u_calib_ctrl/ZCTSBUF_4055_1393/Y (CLKBUFX8)             0.21 &     0.21 r
  u_calib_ctrl/comp_out_r_reg/CK (DFFSX1)                 0.00 &     0.21 r
  clock reconvergence pessimism                           0.00       0.21
  clock uncertainty                                       0.05       0.26
  library hold time                                      -0.08       0.18
  data required time                                                 0.18
  ------------------------------------------------------------------------------
  data required time                                                 0.18
  data arrival time                                                 -0.15
  ------------------------------------------------------------------------------
  slack (VIOLATED)                                                  -0.03


1
