****************************************
Report : constraint
	-all_violators
	-verbose
Design : sar_digi_paper_core
Version: W-2024.09-SP3
Date   : Fri Sep 18 20:24:46 2026
****************************************


  Startpoint: raw_bits_i[15]
               (input port clocked by clk)
  Endpoint: raw_code_o_reg[15]
               (rising edge-triggered flip-flop clocked by clk)
  Path Group: clk
  Path Type: min
  Min Data Paths Derating Factor  : 1.00
  Min Clock Paths Derating Factor : 1.00
  Max Clock Paths Derating Factor : 1.00
  Min Timing Check Derating Factor : 1.00

  Point                                                   Incr       Path
  ------------------------------------------------------------------------------
  clock clk (rise edge)                                   0.00       0.00
  clock network delay (propagated)                        0.00       0.00
  input external delay                                    0.50       0.50 r
  raw_bits_i[15] (in)                                     0.00 &     0.50 r
  U18/Y (INVXL)                                           0.05 &     0.55 f
  raw_code_o_reg[15]/D (DFFSX1)                           0.00 &     0.55 f
  data arrival time                                                  0.55

  clock clk (rise edge)                                   0.00       0.00
  clock network delay (propagated)                        0.75       0.75
  raw_code_o_reg[15]/CK (DFFSX1)                                     0.75 r
  clock reconvergence pessimism                           0.00       0.75
  clock uncertainty                                       0.05       0.80
  library hold time                                      -0.05       0.75
  data required time                                                 0.75
  ------------------------------------------------------------------------------
  data required time                                                 0.75
  data arrival time                                                 -0.55
  ------------------------------------------------------------------------------
  slack (VIOLATED)                                                  -0.20


  Startpoint: raw_bits_i[18]
               (input port clocked by clk)
  Endpoint: raw_code_o_reg[18]
               (rising edge-triggered flip-flop clocked by clk)
  Path Group: clk
  Path Type: min
  Min Data Paths Derating Factor  : 1.00
  Min Clock Paths Derating Factor : 1.00
  Max Clock Paths Derating Factor : 1.00
  Min Timing Check Derating Factor : 1.00

  Point                                                   Incr       Path
  ------------------------------------------------------------------------------
  clock clk (rise edge)                                   0.00       0.00
  clock network delay (propagated)                        0.00       0.00
  input external delay                                    0.50       0.50 r
  raw_bits_i[18] (in)                                     0.00 &     0.50 r
  U21/Y (INVXL)                                           0.05 &     0.55 f
  raw_code_o_reg[18]/D (DFFSX1)                           0.00 &     0.55 f
  data arrival time                                                  0.55

  clock clk (rise edge)                                   0.00       0.00
  clock network delay (propagated)                        0.75       0.75
  raw_code_o_reg[18]/CK (DFFSX1)                                     0.75 r
  clock reconvergence pessimism                           0.00       0.75
  clock uncertainty                                       0.05       0.80
  library hold time                                      -0.05       0.75
  data required time                                                 0.75
  ------------------------------------------------------------------------------
  data required time                                                 0.75
  data arrival time                                                 -0.55
  ------------------------------------------------------------------------------
  slack (VIOLATED)                                                  -0.20


  Startpoint: raw_bits_i[17]
               (input port clocked by clk)
  Endpoint: raw_code_o_reg[17]
               (rising edge-triggered flip-flop clocked by clk)
  Path Group: clk
  Path Type: min
  Min Data Paths Derating Factor  : 1.00
  Min Clock Paths Derating Factor : 1.00
  Max Clock Paths Derating Factor : 1.00
  Min Timing Check Derating Factor : 1.00

  Point                                                   Incr       Path
  ------------------------------------------------------------------------------
  clock clk (rise edge)                                   0.00       0.00
  clock network delay (propagated)                        0.00       0.00
  input external delay                                    0.50       0.50 r
  raw_bits_i[17] (in)                                     0.00 &     0.50 r
  U20/Y (INVXL)                                           0.05 &     0.55 f
  raw_code_o_reg[17]/D (DFFSX1)                           0.00 &     0.55 f
  data arrival time                                                  0.55

  clock clk (rise edge)                                   0.00       0.00
  clock network delay (propagated)                        0.75       0.75
  raw_code_o_reg[17]/CK (DFFSX1)                                     0.75 r
  clock reconvergence pessimism                           0.00       0.75
  clock uncertainty                                       0.05       0.80
  library hold time                                      -0.05       0.75
  data required time                                                 0.75
  ------------------------------------------------------------------------------
  data required time                                                 0.75
  data arrival time                                                 -0.55
  ------------------------------------------------------------------------------
  slack (VIOLATED)                                                  -0.20


  Startpoint: raw_bits_i[16]
               (input port clocked by clk)
  Endpoint: raw_code_o_reg[16]
               (rising edge-triggered flip-flop clocked by clk)
  Path Group: clk
  Path Type: min
  Min Data Paths Derating Factor  : 1.00
  Min Clock Paths Derating Factor : 1.00
  Max Clock Paths Derating Factor : 1.00
  Min Timing Check Derating Factor : 1.00

  Point                                                   Incr       Path
  ------------------------------------------------------------------------------
  clock clk (rise edge)                                   0.00       0.00
  clock network delay (propagated)                        0.00       0.00
  input external delay                                    0.50       0.50 r
  raw_bits_i[16] (in)                                     0.00 &     0.50 r
  U19/Y (INVXL)                                           0.05 &     0.55 f
  raw_code_o_reg[16]/D (DFFSX1)                           0.00 &     0.55 f
  data arrival time                                                  0.55

  clock clk (rise edge)                                   0.00       0.00
  clock network delay (propagated)                        0.75       0.75
  raw_code_o_reg[16]/CK (DFFSX1)                                     0.75 r
  clock reconvergence pessimism                           0.00       0.75
  clock uncertainty                                       0.05       0.80
  library hold time                                      -0.05       0.75
  data required time                                                 0.75
  ------------------------------------------------------------------------------
  data required time                                                 0.75
  data arrival time                                                 -0.55
  ------------------------------------------------------------------------------
  slack (VIOLATED)                                                  -0.19


  Startpoint: raw_bits_i[19]
               (input port clocked by clk)
  Endpoint: raw_code_o_reg[19]
               (rising edge-triggered flip-flop clocked by clk)
  Path Group: clk
  Path Type: min
  Min Data Paths Derating Factor  : 1.00
  Min Clock Paths Derating Factor : 1.00
  Max Clock Paths Derating Factor : 1.00
  Min Timing Check Derating Factor : 1.00

  Point                                                   Incr       Path
  ------------------------------------------------------------------------------
  clock clk (rise edge)                                   0.00       0.00
  clock network delay (propagated)                        0.00       0.00
  input external delay                                    0.50       0.50 r
  raw_bits_i[19] (in)                                     0.00 &     0.50 r
  U22/Y (INVXL)                                           0.05 &     0.55 f
  raw_code_o_reg[19]/D (DFFSX1)                           0.00 &     0.55 f
  data arrival time                                                  0.55

  clock clk (rise edge)                                   0.00       0.00
  clock network delay (propagated)                        0.75       0.75
  raw_code_o_reg[19]/CK (DFFSX1)                                     0.75 r
  clock reconvergence pessimism                           0.00       0.75
  clock uncertainty                                       0.05       0.80
  library hold time                                      -0.05       0.75
  data required time                                                 0.75
  ------------------------------------------------------------------------------
  data required time                                                 0.75
  data arrival time                                                 -0.55
  ------------------------------------------------------------------------------
  slack (VIOLATED)                                                  -0.19


  Startpoint: raw_bits_i[8]
               (input port clocked by clk)
  Endpoint: raw_code_o_reg[8]
               (rising edge-triggered flip-flop clocked by clk)
  Path Group: clk
  Path Type: min
  Min Data Paths Derating Factor  : 1.00
  Min Clock Paths Derating Factor : 1.00
  Max Clock Paths Derating Factor : 1.00
  Min Timing Check Derating Factor : 1.00

  Point                                    Incr       Path
  ---------------------------------------------------------------
  clock clk (rise edge)                    0.00       0.00
  clock network delay (propagated)         0.00       0.00
  input external delay                     0.50       0.50 r
  raw_bits_i[8] (in)                       0.00 &     0.50 r
  U11/Y (INVXL)                            0.06 &     0.56 f
  raw_code_o_reg[8]/D (DFFSX1)             0.00 &     0.56 f
  data arrival time                                   0.56

  clock clk (rise edge)                    0.00       0.00
  clock network delay (propagated)         0.75       0.75
  raw_code_o_reg[8]/CK (DFFSX1)                       0.75 r
  clock reconvergence pessimism            0.00       0.75
  clock uncertainty                        0.05       0.80
  library hold time                       -0.06       0.74
  data required time                                  0.74
  ---------------------------------------------------------------
  data required time                                  0.74
  data arrival time                                  -0.56
  ---------------------------------------------------------------
  slack (VIOLATED)                                   -0.18


  Startpoint: raw_bits_i[12]
               (input port clocked by clk)
  Endpoint: raw_code_o_reg[12]
               (rising edge-triggered flip-flop clocked by clk)
  Path Group: clk
  Path Type: min
  Min Data Paths Derating Factor  : 1.00
  Min Clock Paths Derating Factor : 1.00
  Max Clock Paths Derating Factor : 1.00
  Min Timing Check Derating Factor : 1.00

  Point                                                   Incr       Path
  ------------------------------------------------------------------------------
  clock clk (rise edge)                                   0.00       0.00
  clock network delay (propagated)                        0.00       0.00
  input external delay                                    0.50       0.50 r
  raw_bits_i[12] (in)                                     0.00 &     0.50 r
  U15/Y (INVXL)                                           0.06 &     0.56 f
  raw_code_o_reg[12]/D (DFFSX1)                           0.00 &     0.56 f
  data arrival time                                                  0.56

  clock clk (rise edge)                                   0.00       0.00
  clock network delay (propagated)                        0.75       0.75
  raw_code_o_reg[12]/CK (DFFSX1)                                     0.75 r
  clock reconvergence pessimism                           0.00       0.75
  clock uncertainty                                       0.05       0.80
  library hold time                                      -0.06       0.74
  data required time                                                 0.74
  ------------------------------------------------------------------------------
  data required time                                                 0.74
  data arrival time                                                 -0.56
  ------------------------------------------------------------------------------
  slack (VIOLATED)                                                  -0.18


  Startpoint: raw_bits_i[11]
               (input port clocked by clk)
  Endpoint: raw_code_o_reg[11]
               (rising edge-triggered flip-flop clocked by clk)
  Path Group: clk
  Path Type: min
  Min Data Paths Derating Factor  : 1.00
  Min Clock Paths Derating Factor : 1.00
  Max Clock Paths Derating Factor : 1.00
  Min Timing Check Derating Factor : 1.00

  Point                                                   Incr       Path
  ------------------------------------------------------------------------------
  clock clk (rise edge)                                   0.00       0.00
  clock network delay (propagated)                        0.00       0.00
  input external delay                                    0.50       0.50 r
  raw_bits_i[11] (in)                                     0.00 &     0.50 r
  U14/Y (INVXL)                                           0.07 &     0.57 f
  raw_code_o_reg[11]/D (DFFSX1)                           0.00 &     0.57 f
  data arrival time                                                  0.57

  clock clk (rise edge)                                   0.00       0.00
  clock network delay (propagated)                        0.75       0.75
  raw_code_o_reg[11]/CK (DFFSX1)                                     0.75 r
  clock reconvergence pessimism                           0.00       0.75
  clock uncertainty                                       0.05       0.80
  library hold time                                      -0.06       0.74
  data required time                                                 0.74
  ------------------------------------------------------------------------------
  data required time                                                 0.74
  data arrival time                                                 -0.57
  ------------------------------------------------------------------------------
  slack (VIOLATED)                                                  -0.17


  Startpoint: raw_bits_i[14]
               (input port clocked by clk)
  Endpoint: raw_code_o_reg[14]
               (rising edge-triggered flip-flop clocked by clk)
  Path Group: clk
  Path Type: min
  Min Data Paths Derating Factor  : 1.00
  Min Clock Paths Derating Factor : 1.00
  Max Clock Paths Derating Factor : 1.00
  Min Timing Check Derating Factor : 1.00

  Point                                                   Incr       Path
  ------------------------------------------------------------------------------
  clock clk (rise edge)                                   0.00       0.00
  clock network delay (propagated)                        0.00       0.00
  input external delay                                    0.50       0.50 r
  raw_bits_i[14] (in)                                     0.00 &     0.50 r
  U17/Y (INVXL)                                           0.07 &     0.57 f
  raw_code_o_reg[14]/D (DFFSX1)                           0.00 &     0.57 f
  data arrival time                                                  0.57

  clock clk (rise edge)                                   0.00       0.00
  clock network delay (propagated)                        0.75       0.75
  raw_code_o_reg[14]/CK (DFFSX1)                                     0.75 r
  clock reconvergence pessimism                           0.00       0.75
  clock uncertainty                                       0.05       0.80
  library hold time                                      -0.06       0.74
  data required time                                                 0.74
  ------------------------------------------------------------------------------
  data required time                                                 0.74
  data arrival time                                                 -0.57
  ------------------------------------------------------------------------------
  slack (VIOLATED)                                                  -0.17


  Startpoint: raw_bits_i[5]
               (input port clocked by clk)
  Endpoint: raw_code_o_reg[5]
               (rising edge-triggered flip-flop clocked by clk)
  Path Group: clk
  Path Type: min
  Min Data Paths Derating Factor  : 1.00
  Min Clock Paths Derating Factor : 1.00
  Max Clock Paths Derating Factor : 1.00
  Min Timing Check Derating Factor : 1.00

  Point                                    Incr       Path
  ---------------------------------------------------------------
  clock clk (rise edge)                    0.00       0.00
  clock network delay (propagated)         0.00       0.00
  input external delay                     0.50       0.50 r
  raw_bits_i[5] (in)                       0.00 &     0.50 r
  U8/Y (INVXL)                             0.07 &     0.57 f
  raw_code_o_reg[5]/D (DFFSX1)             0.00 &     0.57 f
  data arrival time                                   0.57

  clock clk (rise edge)                    0.00       0.00
  clock network delay (propagated)         0.75       0.75
  raw_code_o_reg[5]/CK (DFFSX1)                       0.75 r
  clock reconvergence pessimism            0.00       0.75
  clock uncertainty                        0.05       0.80
  library hold time                       -0.06       0.74
  data required time                                  0.74
  ---------------------------------------------------------------
  data required time                                  0.74
  data arrival time                                  -0.57
  ---------------------------------------------------------------
  slack (VIOLATED)                                   -0.17


  Startpoint: raw_bits_i[13]
               (input port clocked by clk)
  Endpoint: raw_code_o_reg[13]
               (rising edge-triggered flip-flop clocked by clk)
  Path Group: clk
  Path Type: min
  Min Data Paths Derating Factor  : 1.00
  Min Clock Paths Derating Factor : 1.00
  Max Clock Paths Derating Factor : 1.00
  Min Timing Check Derating Factor : 1.00

  Point                                                   Incr       Path
  ------------------------------------------------------------------------------
  clock clk (rise edge)                                   0.00       0.00
  clock network delay (propagated)                        0.00       0.00
  input external delay                                    0.50       0.50 r
  raw_bits_i[13] (in)                                     0.00 &     0.50 r
  U16/Y (INVXL)                                           0.07 &     0.57 f
  raw_code_o_reg[13]/D (DFFSX1)                           0.00 &     0.57 f
  data arrival time                                                  0.57

  clock clk (rise edge)                                   0.00       0.00
  clock network delay (propagated)                        0.75       0.75
  raw_code_o_reg[13]/CK (DFFSX1)                                     0.75 r
  clock reconvergence pessimism                           0.00       0.75
  clock uncertainty                                       0.05       0.80
  library hold time                                      -0.06       0.74
  data required time                                                 0.74
  ------------------------------------------------------------------------------
  data required time                                                 0.74
  data arrival time                                                 -0.57
  ------------------------------------------------------------------------------
  slack (VIOLATED)                                                  -0.17


  Startpoint: raw_bits_i[3]
               (input port clocked by clk)
  Endpoint: raw_code_o_reg[3]
               (rising edge-triggered flip-flop clocked by clk)
  Path Group: clk
  Path Type: min
  Min Data Paths Derating Factor  : 1.00
  Min Clock Paths Derating Factor : 1.00
  Max Clock Paths Derating Factor : 1.00
  Min Timing Check Derating Factor : 1.00

  Point                                    Incr       Path
  ---------------------------------------------------------------
  clock clk (rise edge)                    0.00       0.00
  clock network delay (propagated)         0.00       0.00
  input external delay                     0.50       0.50 r
  raw_bits_i[3] (in)                       0.00 &     0.50 r
  U6/Y (INVXL)                             0.07 &     0.57 f
  raw_code_o_reg[3]/D (DFFSX1)             0.00 &     0.57 f
  data arrival time                                   0.57

  clock clk (rise edge)                    0.00       0.00
  clock network delay (propagated)         0.75       0.75
  raw_code_o_reg[3]/CK (DFFSX1)                       0.75 r
  clock reconvergence pessimism            0.00       0.75
  clock uncertainty                        0.05       0.80
  library hold time                       -0.06       0.74
  data required time                                  0.74
  ---------------------------------------------------------------
  data required time                                  0.74
  data arrival time                                  -0.57
  ---------------------------------------------------------------
  slack (VIOLATED)                                   -0.17


  Startpoint: raw_bits_i[10]
               (input port clocked by clk)
  Endpoint: raw_code_o_reg[10]
               (rising edge-triggered flip-flop clocked by clk)
  Path Group: clk
  Path Type: min
  Min Data Paths Derating Factor  : 1.00
  Min Clock Paths Derating Factor : 1.00
  Max Clock Paths Derating Factor : 1.00
  Min Timing Check Derating Factor : 1.00

  Point                                                   Incr       Path
  ------------------------------------------------------------------------------
  clock clk (rise edge)                                   0.00       0.00
  clock network delay (propagated)                        0.00       0.00
  input external delay                                    0.50       0.50 r
  raw_bits_i[10] (in)                                     0.00 &     0.50 r
  U13/Y (INVXL)                                           0.10 &     0.60 f
  raw_code_o_reg[10]/D (DFFSX1)                           0.00 &     0.60 f
  data arrival time                                                  0.60

  clock clk (rise edge)                                   0.00       0.00
  clock network delay (propagated)                        0.75       0.75
  raw_code_o_reg[10]/CK (DFFSX1)                                     0.75 r
  clock reconvergence pessimism                           0.00       0.75
  clock uncertainty                                       0.05       0.80
  library hold time                                      -0.07       0.73
  data required time                                                 0.73
  ------------------------------------------------------------------------------
  data required time                                                 0.73
  data arrival time                                                 -0.60
  ------------------------------------------------------------------------------
  slack (VIOLATED)                                                  -0.13


  Startpoint: raw_bits_i[4]
               (input port clocked by clk)
  Endpoint: raw_code_o_reg[4]
               (rising edge-triggered flip-flop clocked by clk)
  Path Group: clk
  Path Type: min
  Min Data Paths Derating Factor  : 1.00
  Min Clock Paths Derating Factor : 1.00
  Max Clock Paths Derating Factor : 1.00
  Min Timing Check Derating Factor : 1.00

  Point                                    Incr       Path
  ---------------------------------------------------------------
  clock clk (rise edge)                    0.00       0.00
  clock network delay (propagated)         0.00       0.00
  input external delay                     0.50       0.50 r
  raw_bits_i[4] (in)                       0.00 &     0.50 r
  U7/Y (INVXL)                             0.10 &     0.60 f
  raw_code_o_reg[4]/D (DFFSX1)             0.00 &     0.60 f
  data arrival time                                   0.60

  clock clk (rise edge)                    0.00       0.00
  clock network delay (propagated)         0.75       0.75
  raw_code_o_reg[4]/CK (DFFSX1)                       0.75 r
  clock reconvergence pessimism            0.00       0.75
  clock uncertainty                        0.05       0.80
  library hold time                       -0.07       0.73
  data required time                                  0.73
  ---------------------------------------------------------------
  data required time                                  0.73
  data arrival time                                  -0.60
  ---------------------------------------------------------------
  slack (VIOLATED)                                   -0.13


  Startpoint: raw_bits_i[7]
               (input port clocked by clk)
  Endpoint: raw_code_o_reg[7]
               (rising edge-triggered flip-flop clocked by clk)
  Path Group: clk
  Path Type: min
  Min Data Paths Derating Factor  : 1.00
  Min Clock Paths Derating Factor : 1.00
  Max Clock Paths Derating Factor : 1.00
  Min Timing Check Derating Factor : 1.00

  Point                                    Incr       Path
  ---------------------------------------------------------------
  clock clk (rise edge)                    0.00       0.00
  clock network delay (propagated)         0.00       0.00
  input external delay                     0.50       0.50 r
  raw_bits_i[7] (in)                       0.00 &     0.50 r
  U10/Y (INVXL)                            0.11 &     0.61 f
  raw_code_o_reg[7]/D (DFFSX1)             0.00 &     0.61 f
  data arrival time                                   0.61

  clock clk (rise edge)                    0.00       0.00
  clock network delay (propagated)         0.75       0.75
  raw_code_o_reg[7]/CK (DFFSX1)                       0.75 r
  clock reconvergence pessimism            0.00       0.75
  clock uncertainty                        0.05       0.80
  library hold time                       -0.07       0.73
  data required time                                  0.73
  ---------------------------------------------------------------
  data required time                                  0.73
  data arrival time                                  -0.61
  ---------------------------------------------------------------
  slack (VIOLATED)                                   -0.12


  Startpoint: calib_comp_out
               (input port clocked by clk)
  Endpoint: u_calib_ctrl/comp_out_r_reg
               (rising edge-triggered flip-flop clocked by clk)
  Path Group: clk
  Path Type: min
  Min Data Paths Derating Factor  : 1.00
  Min Clock Paths Derating Factor : 1.00
  Max Clock Paths Derating Factor : 1.00
  Min Timing Check Derating Factor : 1.00

  Point                                                   Incr       Path
  ------------------------------------------------------------------------------
  clock clk (rise edge)                                   0.00       0.00
  clock network delay (propagated)                        0.00       0.00
  input external delay                                    0.00       0.00 r
  calib_comp_out (in)                                     0.00 &     0.00 r
  u_calib_ctrl/HFSINV_4_321/Y (INVXL)                     0.23 &     0.23 f
  u_calib_ctrl/comp_out_r_reg/D (DFFSX1)                  0.00 &     0.24 f
  data arrival time                                                  0.24

  clock clk (rise edge)                                   0.00       0.00
  clock network delay (propagated)                        0.31       0.31
  u_calib_ctrl/comp_out_r_reg/CK (DFFSX1)                            0.31 r
  clock reconvergence pessimism                           0.00       0.31
  clock uncertainty                                       0.05       0.36
  library hold time                                      -0.11       0.25
  data required time                                                 0.25
  ------------------------------------------------------------------------------
  data required time                                                 0.25
  data arrival time                                                 -0.24
  ------------------------------------------------------------------------------
  slack (VIOLATED)                                                  -0.01



    Pin: u_calib_ctrl/meas_val_n_reg[26]/D

    max_transition               0.80
  - Transition Time              0.81
  ------------------------------
    Slack                       -0.01  (VIOLATED)

    Pin: u_calib_ctrl/meas_val_p_reg[26]/D

    max_transition               0.80
  - Transition Time              0.81
  ------------------------------
    Slack                       -0.01  (VIOLATED)

    Pin: u_calib_ctrl/U2098/Y

    max_transition               0.80
  - Transition Time              0.81
  ------------------------------
    Slack                       -0.01  (VIOLATED)

    Pin: srm_total_count[2]

    max_transition               0.80
  - Transition Time              0.80
  ------------------------------
    Slack                        0.00  (VIOLATED: increase significant digits)

    Pin: HFSBUF_2_318/Y

    max_transition               0.80
  - Transition Time              0.80
  ------------------------------
    Slack                        0.00  (VIOLATED: increase significant digits)

    Pin: srm_ones_count[0]

    max_transition               0.80
  - Transition Time              0.80
  ------------------------------
    Slack                        0.00  (VIOLATED: increase significant digits)

    Pin: HFSBUF_2_301/Y

    max_transition               0.80
  - Transition Time              0.80
  ------------------------------
    Slack                        0.00  (VIOLATED: increase significant digits)


    Pin: u_calib_ctrl/ZCTSBUF_4055_1393/Y

    max_fanout                  24.00
  - Fanout                      44.00
  ------------------------------
    Slack                      -20.00  (VIOLATED)

    Pin: ctosc_gls_inst_1718/Y

    max_fanout                  24.00
  - Fanout                      40.00
  ------------------------------
    Slack                      -16.00  (VIOLATED)

    Pin: u_calib_ctrl/HFSINV_1920_582/Y

    max_fanout                  24.00
  - Fanout                      40.00
  ------------------------------
    Slack                      -16.00  (VIOLATED)

    Pin: HFSINV_8439_622/Y

    max_fanout                  24.00
  - Fanout                      36.00
  ------------------------------
    Slack                      -12.00  (VIOLATED)

    Pin: u_calib_ctrl/HFSINV_2730_599/Y

    max_fanout                  24.00
  - Fanout                      36.00
  ------------------------------
    Slack                      -12.00  (VIOLATED)

    Pin: u_calib_ctrl/HFSINV_4577_586/Y

    max_fanout                  24.00
  - Fanout                      36.00
  ------------------------------
    Slack                      -12.00  (VIOLATED)

    Pin: u_calib_ctrl/HFSINV_8622_615/Y

    max_fanout                  24.00
  - Fanout                      35.00
  ------------------------------
    Slack                      -11.00  (VIOLATED)

    Pin: u_calib_ctrl/gre_a_INV_7090_inst_2341/Y

    max_fanout                  24.00
  - Fanout                      35.00
  ------------------------------
    Slack                      -11.00  (VIOLATED)

    Pin: u_calib_ctrl/HFSINV_7880_607/Y

    max_fanout                  24.00
  - Fanout                      33.00
  ------------------------------
    Slack                       -9.00  (VIOLATED)

    Pin: u_calib_ctrl/HFSINV_1122_592/Y

    max_fanout                  24.00
  - Fanout                      32.00
  ------------------------------
    Slack                       -8.00  (VIOLATED)

    Pin: u_calib_ctrl/HFSINV_8782_611/Y

    max_fanout                  24.00
  - Fanout                      32.00
  ------------------------------
    Slack                       -8.00  (VIOLATED)

    Pin: u_calib_ctrl/HFSINV_10240_617/Y

    max_fanout                  24.00
  - Fanout                      32.00
  ------------------------------
    Slack                       -8.00  (VIOLATED)

    Pin: u_calib_ctrl/HFSINV_10909_618/Y

    max_fanout                  24.00
  - Fanout                      32.00
  ------------------------------
    Slack                       -8.00  (VIOLATED)

    Pin: u_calib_ctrl/HFSINV_520_603/Y

    max_fanout                  24.00
  - Fanout                      31.00
  ------------------------------
    Slack                       -7.00  (VIOLATED)

    Pin: u_calib_ctrl/HFSINV_1524_595/Y

    max_fanout                  24.00
  - Fanout                      31.00
  ------------------------------
    Slack                       -7.00  (VIOLATED)

    Pin: u_calib_ctrl/HFSINV_1906_581/Y

    max_fanout                  24.00
  - Fanout                      31.00
  ------------------------------
    Slack                       -7.00  (VIOLATED)

    Pin: u_calib_ctrl/HFSINV_2547_584/Y

    max_fanout                  24.00
  - Fanout                      31.00
  ------------------------------
    Slack                       -7.00  (VIOLATED)

    Pin: u_calib_ctrl/HFSINV_4613_602/Y

    max_fanout                  24.00
  - Fanout                      31.00
  ------------------------------
    Slack                       -7.00  (VIOLATED)

    Pin: u_calib_ctrl/HFSINV_10061_616/Y

    max_fanout                  24.00
  - Fanout                      31.00
  ------------------------------
    Slack                       -7.00  (VIOLATED)

    Pin: u_calib_ctrl/HFSINV_12227_620/Y

    max_fanout                  24.00
  - Fanout                      31.00
  ------------------------------
    Slack                       -7.00  (VIOLATED)

    Pin: u_calib_ctrl/ZBUF_3430_inst_1002/Y

    max_fanout                  24.00
  - Fanout                      31.00
  ------------------------------
    Slack                       -7.00  (VIOLATED)

    Pin: u_calib_ctrl/gre_a_INV_4409_inst_2346/Y

    max_fanout                  24.00
  - Fanout                      31.00
  ------------------------------
    Slack                       -7.00  (VIOLATED)

    Pin: u_calib_ctrl/gre_a_INV_6696_inst_2347/Y

    max_fanout                  24.00
  - Fanout                      31.00
  ------------------------------
    Slack                       -7.00  (VIOLATED)

    Pin: u_calib_ctrl/HFSINV_224_578/Y

    max_fanout                  24.00
  - Fanout                      30.00
  ------------------------------
    Slack                       -6.00  (VIOLATED)

    Pin: u_calib_ctrl/HFSINV_2067_598/Y

    max_fanout                  24.00
  - Fanout                      30.00
  ------------------------------
    Slack                       -6.00  (VIOLATED)

    Pin: u_calib_ctrl/HFSINV_5261_591/Y

    max_fanout                  24.00
  - Fanout                      30.00
  ------------------------------
    Slack                       -6.00  (VIOLATED)

    Pin: u_calib_ctrl/HFSINV_8037_608/Y

    max_fanout                  24.00
  - Fanout                      30.00
  ------------------------------
    Slack                       -6.00  (VIOLATED)

    Pin: u_calib_ctrl/HFSINV_11467_610/Y

    max_fanout                  24.00
  - Fanout                      30.00
  ------------------------------
    Slack                       -6.00  (VIOLATED)

    Pin: u_calib_ctrl/ZBUF_1431_inst_1018/Y

    max_fanout                  24.00
  - Fanout                      30.00
  ------------------------------
    Slack                       -6.00  (VIOLATED)

    Pin: u_calib_ctrl/ZCTSBUF_247_1371/Y

    max_fanout                  24.00
  - Fanout                      30.00
  ------------------------------
    Slack                       -6.00  (VIOLATED)

    Pin: u_calib_ctrl/ZCTSBUF_247_1382/Y

    max_fanout                  24.00
  - Fanout                      30.00
  ------------------------------
    Slack                       -6.00  (VIOLATED)

    Pin: u_calib_ctrl/ZCTSBUF_251_1374/Y

    max_fanout                  24.00
  - Fanout                      30.00
  ------------------------------
    Slack                       -6.00  (VIOLATED)

    Pin: u_calib_ctrl/ZCTSBUF_251_1376/Y

    max_fanout                  24.00
  - Fanout                      30.00
  ------------------------------
    Slack                       -6.00  (VIOLATED)

    Pin: u_calib_ctrl/ZCTSBUF_251_1378/Y

    max_fanout                  24.00
  - Fanout                      30.00
  ------------------------------
    Slack                       -6.00  (VIOLATED)

    Pin: u_calib_ctrl/ZCTSBUF_251_1388/Y

    max_fanout                  24.00
  - Fanout                      30.00
  ------------------------------
    Slack                       -6.00  (VIOLATED)

    Pin: u_calib_ctrl/ZCTSBUF_255_1368/Y

    max_fanout                  24.00
  - Fanout                      30.00
  ------------------------------
    Slack                       -6.00  (VIOLATED)

    Pin: u_calib_ctrl/ZCTSBUF_255_1381/Y

    max_fanout                  24.00
  - Fanout                      30.00
  ------------------------------
    Slack                       -6.00  (VIOLATED)

    Pin: u_calib_ctrl/ZCTSBUF_255_1386/Y

    max_fanout                  24.00
  - Fanout                      30.00
  ------------------------------
    Slack                       -6.00  (VIOLATED)

    Pin: u_calib_ctrl/ZCTSBUF_255_1387/Y

    max_fanout                  24.00
  - Fanout                      30.00
  ------------------------------
    Slack                       -6.00  (VIOLATED)

    Pin: u_calib_ctrl/ZCTSBUF_255_1390/Y

    max_fanout                  24.00
  - Fanout                      30.00
  ------------------------------
    Slack                       -6.00  (VIOLATED)

    Pin: u_calib_ctrl/ZCTSBUF_259_1380/Y

    max_fanout                  24.00
  - Fanout                      30.00
  ------------------------------
    Slack                       -6.00  (VIOLATED)

    Pin: u_calib_ctrl/ZCTSBUF_259_1383/Y

    max_fanout                  24.00
  - Fanout                      30.00
  ------------------------------
    Slack                       -6.00  (VIOLATED)

    Pin: u_calib_ctrl/clk_gate_meas_val_n_reg/main_gate/Y

    max_fanout                  24.00
  - Fanout                      30.00
  ------------------------------
    Slack                       -6.00  (VIOLATED)

    Pin: u_calib_ctrl/clk_gate_meas_val_p_reg/main_gate/Y

    max_fanout                  24.00
  - Fanout                      30.00
  ------------------------------
    Slack                       -6.00  (VIOLATED)

    Pin: u_calib_ctrl/clk_gate_shadow_weights_reg[4]/main_gate/Y

    max_fanout                  24.00
  - Fanout                      30.00
  ------------------------------
    Slack                       -6.00  (VIOLATED)

    Pin: u_calib_ctrl/clk_gate_shadow_weights_reg[5]/main_gate/Y

    max_fanout                  24.00
  - Fanout                      30.00
  ------------------------------
    Slack                       -6.00  (VIOLATED)

    Pin: u_calib_ctrl/clk_gate_shadow_weights_reg[9]/main_gate/Y

    max_fanout                  24.00
  - Fanout                      30.00
  ------------------------------
    Slack                       -6.00  (VIOLATED)

    Pin: u_calib_ctrl/clk_gate_shadow_weights_reg[10]/main_gate/Y

    max_fanout                  24.00
  - Fanout                      30.00
  ------------------------------
    Slack                       -6.00  (VIOLATED)

    Pin: u_calib_ctrl/clk_gate_shadow_weights_reg[11]/main_gate/Y

    max_fanout                  24.00
  - Fanout                      30.00
  ------------------------------
    Slack                       -6.00  (VIOLATED)

    Pin: u_calib_ctrl/clk_gate_shadow_weights_reg[12]/main_gate/Y

    max_fanout                  24.00
  - Fanout                      30.00
  ------------------------------
    Slack                       -6.00  (VIOLATED)

    Pin: u_calib_ctrl/clk_gate_shadow_weights_reg[14]/main_gate/Y

    max_fanout                  24.00
  - Fanout                      30.00
  ------------------------------
    Slack                       -6.00  (VIOLATED)

    Pin: u_calib_ctrl/clk_gate_shadow_weights_reg[16]/main_gate/Y

    max_fanout                  24.00
  - Fanout                      30.00
  ------------------------------
    Slack                       -6.00  (VIOLATED)

    Pin: u_calib_ctrl/clk_gate_shadow_weights_reg[18]/main_gate/Y

    max_fanout                  24.00
  - Fanout                      30.00
  ------------------------------
    Slack                       -6.00  (VIOLATED)

    Pin: u_calib_ctrl/gre_a_INV_2579_inst_2348/Y

    max_fanout                  24.00
  - Fanout                      30.00
  ------------------------------
    Slack                       -6.00  (VIOLATED)

    Pin: u_calib_ctrl/HFSINV_792_594/Y

    max_fanout                  24.00
  - Fanout                      29.00
  ------------------------------
    Slack                       -5.00  (VIOLATED)

    Pin: u_calib_ctrl/HFSINV_955_593/Y

    max_fanout                  24.00
  - Fanout                      28.00
  ------------------------------
    Slack                       -4.00  (VIOLATED)

    Pin: u_calib_ctrl/HFSINV_8934_614/Y

    max_fanout                  24.00
  - Fanout                      28.00
  ------------------------------
    Slack                       -4.00  (VIOLATED)

    Pin: u_srm_residue/HFSINV_246_605/Y

    max_fanout                  24.00
  - Fanout                      28.00
  ------------------------------
    Slack                       -4.00  (VIOLATED)

    Pin: HFSINV_7443_624/Y

    max_fanout                  24.00
  - Fanout                      27.00
  ------------------------------
    Slack                       -3.00  (VIOLATED)

    Pin: u_calib_ctrl/HFSINV_9181_612/Y

    max_fanout                  24.00
  - Fanout                      27.00
  ------------------------------
    Slack                       -3.00  (VIOLATED)

    Pin: u_calib_ctrl/HFSINV_12586_621/Y

    max_fanout                  24.00
  - Fanout                      26.00
  ------------------------------
    Slack                       -2.00  (VIOLATED)

    Pin: u_calib_ctrl/gre_a_INV_2209_inst_2339/Y

    max_fanout                  24.00
  - Fanout                      26.00
  ------------------------------
    Slack                       -2.00  (VIOLATED)

    Pin: HFSINV_13612_623/Y

    max_fanout                  24.00
  - Fanout                      25.00
  ------------------------------
    Slack                       -1.00  (VIOLATED)

    Pin: u_calib_ctrl/HFSINV_1817_596/Y

    max_fanout                  24.00
  - Fanout                      25.00
  ------------------------------
    Slack                       -1.00  (VIOLATED)

    Pin: u_calib_ctrl/HFSINV_4202_601/Y

    max_fanout                  24.00
  - Fanout                      25.00
  ------------------------------
    Slack                       -1.00  (VIOLATED)

1
