****************************************
Report : qor
Design : sar_digi_paper_core
Version: W-2024.09-SP3
Date   : Fri Sep 18 20:24:59 2026
****************************************

  Timing Path Group '**clock_gating_default**' (max_delay/setup)
  ---------------------------------------------
  Levels of Logic:                            1
  Critical Path Length:                  0.3282
  Critical Path Slack:                   1.1123
  Total Negative Slack:                  0.0000
  No. of Violating Paths:                     0
  ---------------------------------------------

  Timing Path Group 'clk' (max_delay/setup)
  ---------------------------------------------
  Levels of Logic:                            3
  Critical Path Length:                  3.8969
  Critical Path Slack:                   1.0732
  Total Negative Slack:                  0.0000
  No. of Violating Paths:                     0
  ---------------------------------------------

  Timing Path Group 'dec_clk' (max_delay/setup)
  ---------------------------------------------
  Levels of Logic:                            3
  Critical Path Length:                  1.5559
  Critical Path Slack:                   0.0000
  Total Negative Slack:                  0.0000
  No. of Violating Paths:                     0
  ---------------------------------------------

  Timing Path Group '**clock_gating_default**' (min_delay/hold)
  ---------------------------------------------
  Levels of Logic:                            1
  Critical Path Length:                  0.3601
  Critical Path Slack:                   0.1400
  Total Negative Slack:                  0.0000
  No. of Violating Paths:                     0
  ---------------------------------------------

  Timing Path Group 'clk' (min_delay/hold)
  ---------------------------------------------
  Levels of Logic:                            2
  Critical Path Length:                  0.4962
  Critical Path Slack:                  -0.0538
  Total Negative Slack:                 -0.3051
  No. of Violating Paths:                    12
  ---------------------------------------------

  Timing Path Group 'dec_clk' (min_delay/hold)
  ---------------------------------------------
  Levels of Logic:                            1
  Critical Path Length:                  0.2460
  Critical Path Slack:                   0.1485
  Total Negative Slack:                  0.0000
  No. of Violating Paths:                     0
  ---------------------------------------------

  Area
  ---------------------------------------------
  Net Interconnect area:                 0.0000
  Total cell area:                  102300.4062
  Design Area:                      102300.4062
  ---------------------------------------------


  Cell & Pin Count
  ---------------------------------------------
  Pin Count:                              14027
  Hierarchical Cell Count:                   43
  Hierarchical Port Count:                  363
  Leaf Cell Count:                         3626
  ---------------------------------------------


  Design Rule Violations
  ---------------------------------------------
  Total No. of Pins in Design:            14027
  max_fanout Count:                          65
  max_fanout Cost:                     437.0000
  Total DRC Cost:                      437.0000
  ---------------------------------------------

1
