****************************************
Report : clock timing
	-type latency
	-launch
	-nworst 1
	-setup
Design : sar_digi_paper_core
Version: W-2024.09-SP3
Date   : Fri Sep 18 20:24:46 2026
****************************************

  Clock: clk

                                                   --- Latency ---
  Clock Pin                            Trans   Source  Network Total
----------------------------------------------------------------------------
  u_calib_ctrl/accumulator_reg[32]/CK  0.56    0.00    0.81    0.81    rp-+
----------------------------------------------------------------------------

  Clock: dec_clk

                                                   --- Latency ---
  Clock Pin                            Trans   Source  Network Total
----------------------------------------------------------------------------
  u_srm_residue/dec_ones_reg[0]/CK     0.33    0.00    0.32    0.32    rp-+
----------------------------------------------------------------------------

1
