****************************************
Report : timing
	-path_type full_clock_expanded
	-delay_type min
	-nworst 2
	-slack_lesser_than 0.00
	-max_paths 25
	-sort_by slack
Design : sar_digi_paper_core
Version: W-2024.09-SP3
Date   : Fri Sep 18 20:25:23 2026
****************************************


  Startpoint: raw_bits_i[15]
               (input port clocked by clk)
  Endpoint: raw_code_o_reg[15]
               (rising edge-triggered flip-flop clocked by clk)
  Path Group: clk
  Path Type: min
  Min Data Paths Derating Factor  : 0.97
  Min Clock Paths Derating Factor : 0.97
  Max Clock Paths Derating Factor : 1.03
  Min Timing Check Derating Factor : 0.97

  Point                                                   Incr       Path
  ------------------------------------------------------------------------------
  clock clk (rise edge)                                   0.00       0.00
  clock network delay (propagated)                        0.00       0.00
  input external delay                                    0.50       0.50 r
  raw_bits_i[15] (in)                                     0.00 &     0.50 r
  U18/Y (INVXL)                                           0.04 &     0.54 f
  raw_code_o_reg[15]/D (DFFSX1)                           0.00 &     0.54 f
  data arrival time                                                  0.54

  clock clk (rise edge)                                   0.00       0.00
  clock source latency                                    0.00       0.00
  clk (in)                                                0.00 &     0.00 r
  ZCTSBUF_5981_1396/Y (CLKBUFX4)                          0.35 &     0.35 r
  ZCTSBUF_4939_1395/Y (BUFX2)                             0.42 &     0.77 r
  raw_code_o_reg[15]/CK (DFFSX1)                          0.00 &     0.77 r
  clock reconvergence pessimism                           0.00       0.77
  clock uncertainty                                       0.05       0.82
  library hold time                                      -0.05       0.77
  data required time                                                 0.77
  ------------------------------------------------------------------------------
  data required time                                                 0.77
  data arrival time                                                 -0.54
  ------------------------------------------------------------------------------
  slack (VIOLATED)                                                  -0.22


  Startpoint: raw_bits_i[18]
               (input port clocked by clk)
  Endpoint: raw_code_o_reg[18]
               (rising edge-triggered flip-flop clocked by clk)
  Path Group: clk
  Path Type: min
  Min Data Paths Derating Factor  : 0.97
  Min Clock Paths Derating Factor : 0.97
  Max Clock Paths Derating Factor : 1.03
  Min Timing Check Derating Factor : 0.97

  Point                                                   Incr       Path
  ------------------------------------------------------------------------------
  clock clk (rise edge)                                   0.00       0.00
  clock network delay (propagated)                        0.00       0.00
  input external delay                                    0.50       0.50 r
  raw_bits_i[18] (in)                                     0.00 &     0.50 r
  U21/Y (INVXL)                                           0.05 &     0.55 f
  raw_code_o_reg[18]/D (DFFSX1)                           0.00 &     0.55 f
  data arrival time                                                  0.55

  clock clk (rise edge)                                   0.00       0.00
  clock source latency                                    0.00       0.00
  clk (in)                                                0.00 &     0.00 r
  ZCTSBUF_5981_1396/Y (CLKBUFX4)                          0.35 &     0.35 r
  ZCTSBUF_4939_1395/Y (BUFX2)                             0.42 &     0.77 r
  raw_code_o_reg[18]/CK (DFFSX1)                          0.00 &     0.77 r
  clock reconvergence pessimism                           0.00       0.77
  clock uncertainty                                       0.05       0.82
  library hold time                                      -0.05       0.77
  data required time                                                 0.77
  ------------------------------------------------------------------------------
  data required time                                                 0.77
  data arrival time                                                 -0.55
  ------------------------------------------------------------------------------
  slack (VIOLATED)                                                  -0.22


  Startpoint: raw_bits_i[17]
               (input port clocked by clk)
  Endpoint: raw_code_o_reg[17]
               (rising edge-triggered flip-flop clocked by clk)
  Path Group: clk
  Path Type: min
  Min Data Paths Derating Factor  : 0.97
  Min Clock Paths Derating Factor : 0.97
  Max Clock Paths Derating Factor : 1.03
  Min Timing Check Derating Factor : 0.97

  Point                                                   Incr       Path
  ------------------------------------------------------------------------------
  clock clk (rise edge)                                   0.00       0.00
  clock network delay (propagated)                        0.00       0.00
  input external delay                                    0.50       0.50 r
  raw_bits_i[17] (in)                                     0.00 &     0.50 r
  U20/Y (INVXL)                                           0.05 &     0.55 f
  raw_code_o_reg[17]/D (DFFSX1)                           0.00 &     0.55 f
  data arrival time                                                  0.55

  clock clk (rise edge)                                   0.00       0.00
  clock source latency                                    0.00       0.00
  clk (in)                                                0.00 &     0.00 r
  ZCTSBUF_5981_1396/Y (CLKBUFX4)                          0.35 &     0.35 r
  ZCTSBUF_4939_1395/Y (BUFX2)                             0.42 &     0.77 r
  raw_code_o_reg[17]/CK (DFFSX1)                          0.00 &     0.77 r
  clock reconvergence pessimism                           0.00       0.77
  clock uncertainty                                       0.05       0.82
  library hold time                                      -0.05       0.77
  data required time                                                 0.77
  ------------------------------------------------------------------------------
  data required time                                                 0.77
  data arrival time                                                 -0.55
  ------------------------------------------------------------------------------
  slack (VIOLATED)                                                  -0.22


  Startpoint: raw_bits_i[16]
               (input port clocked by clk)
  Endpoint: raw_code_o_reg[16]
               (rising edge-triggered flip-flop clocked by clk)
  Path Group: clk
  Path Type: min
  Min Data Paths Derating Factor  : 0.97
  Min Clock Paths Derating Factor : 0.97
  Max Clock Paths Derating Factor : 1.03
  Min Timing Check Derating Factor : 0.97

  Point                                                   Incr       Path
  ------------------------------------------------------------------------------
  clock clk (rise edge)                                   0.00       0.00
  clock network delay (propagated)                        0.00       0.00
  input external delay                                    0.50       0.50 r
  raw_bits_i[16] (in)                                     0.00 &     0.50 r
  U19/Y (INVXL)                                           0.05 &     0.55 f
  raw_code_o_reg[16]/D (DFFSX1)                           0.00 &     0.55 f
  data arrival time                                                  0.55

  clock clk (rise edge)                                   0.00       0.00
  clock source latency                                    0.00       0.00
  clk (in)                                                0.00 &     0.00 r
  ZCTSBUF_5981_1396/Y (CLKBUFX4)                          0.35 &     0.35 r
  ZCTSBUF_4939_1395/Y (BUFX2)                             0.42 &     0.77 r
  raw_code_o_reg[16]/CK (DFFSX1)                          0.00 &     0.77 r
  clock reconvergence pessimism                           0.00       0.77
  clock uncertainty                                       0.05       0.82
  library hold time                                      -0.05       0.77
  data required time                                                 0.77
  ------------------------------------------------------------------------------
  data required time                                                 0.77
  data arrival time                                                 -0.55
  ------------------------------------------------------------------------------
  slack (VIOLATED)                                                  -0.21


  Startpoint: raw_bits_i[19]
               (input port clocked by clk)
  Endpoint: raw_code_o_reg[19]
               (rising edge-triggered flip-flop clocked by clk)
  Path Group: clk
  Path Type: min
  Min Data Paths Derating Factor  : 0.97
  Min Clock Paths Derating Factor : 0.97
  Max Clock Paths Derating Factor : 1.03
  Min Timing Check Derating Factor : 0.97

  Point                                                   Incr       Path
  ------------------------------------------------------------------------------
  clock clk (rise edge)                                   0.00       0.00
  clock network delay (propagated)                        0.00       0.00
  input external delay                                    0.50       0.50 r
  raw_bits_i[19] (in)                                     0.00 &     0.50 r
  U22/Y (INVXL)                                           0.05 &     0.55 f
  raw_code_o_reg[19]/D (DFFSX1)                           0.00 &     0.55 f
  data arrival time                                                  0.55

  clock clk (rise edge)                                   0.00       0.00
  clock source latency                                    0.00       0.00
  clk (in)                                                0.00 &     0.00 r
  ZCTSBUF_5981_1396/Y (CLKBUFX4)                          0.35 &     0.35 r
  ZCTSBUF_4939_1395/Y (BUFX2)                             0.42 &     0.77 r
  raw_code_o_reg[19]/CK (DFFSX1)                          0.00 &     0.77 r
  clock reconvergence pessimism                           0.00       0.77
  clock uncertainty                                       0.05       0.82
  library hold time                                      -0.05       0.77
  data required time                                                 0.77
  ------------------------------------------------------------------------------
  data required time                                                 0.77
  data arrival time                                                 -0.55
  ------------------------------------------------------------------------------
  slack (VIOLATED)                                                  -0.21


  Startpoint: raw_bits_i[8]
               (input port clocked by clk)
  Endpoint: raw_code_o_reg[8]
               (rising edge-triggered flip-flop clocked by clk)
  Path Group: clk
  Path Type: min
  Min Data Paths Derating Factor  : 0.97
  Min Clock Paths Derating Factor : 0.97
  Max Clock Paths Derating Factor : 1.03
  Min Timing Check Derating Factor : 0.97

  Point                                                   Incr       Path
  ------------------------------------------------------------------------------
  clock clk (rise edge)                                   0.00       0.00
  clock network delay (propagated)                        0.00       0.00
  input external delay                                    0.50       0.50 r
  raw_bits_i[8] (in)                                      0.00 &     0.50 r
  U11/Y (INVXL)                                           0.06 &     0.56 f
  raw_code_o_reg[8]/D (DFFSX1)                            0.00 &     0.56 f
  data arrival time                                                  0.56

  clock clk (rise edge)                                   0.00       0.00
  clock source latency                                    0.00       0.00
  clk (in)                                                0.00 &     0.00 r
  ZCTSBUF_5981_1396/Y (CLKBUFX4)                          0.35 &     0.35 r
  ZCTSBUF_4939_1395/Y (BUFX2)                             0.42 &     0.77 r
  raw_code_o_reg[8]/CK (DFFSX1)                           0.00 &     0.77 r
  clock reconvergence pessimism                           0.00       0.77
  clock uncertainty                                       0.05       0.82
  library hold time                                      -0.06       0.76
  data required time                                                 0.76
  ------------------------------------------------------------------------------
  data required time                                                 0.76
  data arrival time                                                 -0.56
  ------------------------------------------------------------------------------
  slack (VIOLATED)                                                  -0.20


  Startpoint: raw_bits_i[12]
               (input port clocked by clk)
  Endpoint: raw_code_o_reg[12]
               (rising edge-triggered flip-flop clocked by clk)
  Path Group: clk
  Path Type: min
  Min Data Paths Derating Factor  : 0.97
  Min Clock Paths Derating Factor : 0.97
  Max Clock Paths Derating Factor : 1.03
  Min Timing Check Derating Factor : 0.97

  Point                                                   Incr       Path
  ------------------------------------------------------------------------------
  clock clk (rise edge)                                   0.00       0.00
  clock network delay (propagated)                        0.00       0.00
  input external delay                                    0.50       0.50 r
  raw_bits_i[12] (in)                                     0.00 &     0.50 r
  U15/Y (INVXL)                                           0.06 &     0.56 f
  raw_code_o_reg[12]/D (DFFSX1)                           0.00 &     0.56 f
  data arrival time                                                  0.56

  clock clk (rise edge)                                   0.00       0.00
  clock source latency                                    0.00       0.00
  clk (in)                                                0.00 &     0.00 r
  ZCTSBUF_5981_1396/Y (CLKBUFX4)                          0.35 &     0.35 r
  ZCTSBUF_4939_1395/Y (BUFX2)                             0.42 &     0.77 r
  raw_code_o_reg[12]/CK (DFFSX1)                          0.00 &     0.77 r
  clock reconvergence pessimism                           0.00       0.77
  clock uncertainty                                       0.05       0.82
  library hold time                                      -0.06       0.76
  data required time                                                 0.76
  ------------------------------------------------------------------------------
  data required time                                                 0.76
  data arrival time                                                 -0.56
  ------------------------------------------------------------------------------
  slack (VIOLATED)                                                  -0.20


  Startpoint: raw_bits_i[11]
               (input port clocked by clk)
  Endpoint: raw_code_o_reg[11]
               (rising edge-triggered flip-flop clocked by clk)
  Path Group: clk
  Path Type: min
  Min Data Paths Derating Factor  : 0.97
  Min Clock Paths Derating Factor : 0.97
  Max Clock Paths Derating Factor : 1.03
  Min Timing Check Derating Factor : 0.97

  Point                                                   Incr       Path
  ------------------------------------------------------------------------------
  clock clk (rise edge)                                   0.00       0.00
  clock network delay (propagated)                        0.00       0.00
  input external delay                                    0.50       0.50 r
  raw_bits_i[11] (in)                                     0.00 &     0.50 r
  U14/Y (INVXL)                                           0.07 &     0.57 f
  raw_code_o_reg[11]/D (DFFSX1)                           0.00 &     0.57 f
  data arrival time                                                  0.57

  clock clk (rise edge)                                   0.00       0.00
  clock source latency                                    0.00       0.00
  clk (in)                                                0.00 &     0.00 r
  ZCTSBUF_5981_1396/Y (CLKBUFX4)                          0.35 &     0.35 r
  ZCTSBUF_4939_1395/Y (BUFX2)                             0.42 &     0.77 r
  raw_code_o_reg[11]/CK (DFFSX1)                          0.00 &     0.77 r
  clock reconvergence pessimism                           0.00       0.77
  clock uncertainty                                       0.05       0.82
  library hold time                                      -0.06       0.76
  data required time                                                 0.76
  ------------------------------------------------------------------------------
  data required time                                                 0.76
  data arrival time                                                 -0.57
  ------------------------------------------------------------------------------
  slack (VIOLATED)                                                  -0.20


  Startpoint: raw_bits_i[14]
               (input port clocked by clk)
  Endpoint: raw_code_o_reg[14]
               (rising edge-triggered flip-flop clocked by clk)
  Path Group: clk
  Path Type: min
  Min Data Paths Derating Factor  : 0.97
  Min Clock Paths Derating Factor : 0.97
  Max Clock Paths Derating Factor : 1.03
  Min Timing Check Derating Factor : 0.97

  Point                                                   Incr       Path
  ------------------------------------------------------------------------------
  clock clk (rise edge)                                   0.00       0.00
  clock network delay (propagated)                        0.00       0.00
  input external delay                                    0.50       0.50 r
  raw_bits_i[14] (in)                                     0.00 &     0.50 r
  U17/Y (INVXL)                                           0.07 &     0.57 f
  raw_code_o_reg[14]/D (DFFSX1)                           0.00 &     0.57 f
  data arrival time                                                  0.57

  clock clk (rise edge)                                   0.00       0.00
  clock source latency                                    0.00       0.00
  clk (in)                                                0.00 &     0.00 r
  ZCTSBUF_5981_1396/Y (CLKBUFX4)                          0.35 &     0.35 r
  ZCTSBUF_4939_1395/Y (BUFX2)                             0.42 &     0.77 r
  raw_code_o_reg[14]/CK (DFFSX1)                          0.00 &     0.77 r
  clock reconvergence pessimism                           0.00       0.77
  clock uncertainty                                       0.05       0.82
  library hold time                                      -0.06       0.76
  data required time                                                 0.76
  ------------------------------------------------------------------------------
  data required time                                                 0.76
  data arrival time                                                 -0.57
  ------------------------------------------------------------------------------
  slack (VIOLATED)                                                  -0.19


  Startpoint: raw_bits_i[5]
               (input port clocked by clk)
  Endpoint: raw_code_o_reg[5]
               (rising edge-triggered flip-flop clocked by clk)
  Path Group: clk
  Path Type: min
  Min Data Paths Derating Factor  : 0.97
  Min Clock Paths Derating Factor : 0.97
  Max Clock Paths Derating Factor : 1.03
  Min Timing Check Derating Factor : 0.97

  Point                                                   Incr       Path
  ------------------------------------------------------------------------------
  clock clk (rise edge)                                   0.00       0.00
  clock network delay (propagated)                        0.00       0.00
  input external delay                                    0.50       0.50 r
  raw_bits_i[5] (in)                                      0.00 &     0.50 r
  U8/Y (INVXL)                                            0.07 &     0.57 f
  raw_code_o_reg[5]/D (DFFSX1)                            0.00 &     0.57 f
  data arrival time                                                  0.57

  clock clk (rise edge)                                   0.00       0.00
  clock source latency                                    0.00       0.00
  clk (in)                                                0.00 &     0.00 r
  ZCTSBUF_5981_1396/Y (CLKBUFX4)                          0.35 &     0.35 r
  ZCTSBUF_4939_1395/Y (BUFX2)                             0.42 &     0.77 r
  raw_code_o_reg[5]/CK (DFFSX1)                           0.00 &     0.77 r
  clock reconvergence pessimism                           0.00       0.77
  clock uncertainty                                       0.05       0.82
  library hold time                                      -0.06       0.76
  data required time                                                 0.76
  ------------------------------------------------------------------------------
  data required time                                                 0.76
  data arrival time                                                 -0.57
  ------------------------------------------------------------------------------
  slack (VIOLATED)                                                  -0.19


  Startpoint: raw_bits_i[13]
               (input port clocked by clk)
  Endpoint: raw_code_o_reg[13]
               (rising edge-triggered flip-flop clocked by clk)
  Path Group: clk
  Path Type: min
  Min Data Paths Derating Factor  : 0.97
  Min Clock Paths Derating Factor : 0.97
  Max Clock Paths Derating Factor : 1.03
  Min Timing Check Derating Factor : 0.97

  Point                                                   Incr       Path
  ------------------------------------------------------------------------------
  clock clk (rise edge)                                   0.00       0.00
  clock network delay (propagated)                        0.00       0.00
  input external delay                                    0.50       0.50 r
  raw_bits_i[13] (in)                                     0.00 &     0.50 r
  U16/Y (INVXL)                                           0.07 &     0.57 f
  raw_code_o_reg[13]/D (DFFSX1)                           0.00 &     0.57 f
  data arrival time                                                  0.57

  clock clk (rise edge)                                   0.00       0.00
  clock source latency                                    0.00       0.00
  clk (in)                                                0.00 &     0.00 r
  ZCTSBUF_5981_1396/Y (CLKBUFX4)                          0.35 &     0.35 r
  ZCTSBUF_4939_1395/Y (BUFX2)                             0.42 &     0.77 r
  raw_code_o_reg[13]/CK (DFFSX1)                          0.00 &     0.77 r
  clock reconvergence pessimism                           0.00       0.77
  clock uncertainty                                       0.05       0.82
  library hold time                                      -0.06       0.76
  data required time                                                 0.76
  ------------------------------------------------------------------------------
  data required time                                                 0.76
  data arrival time                                                 -0.57
  ------------------------------------------------------------------------------
  slack (VIOLATED)                                                  -0.19


  Startpoint: raw_bits_i[3]
               (input port clocked by clk)
  Endpoint: raw_code_o_reg[3]
               (rising edge-triggered flip-flop clocked by clk)
  Path Group: clk
  Path Type: min
  Min Data Paths Derating Factor  : 0.97
  Min Clock Paths Derating Factor : 0.97
  Max Clock Paths Derating Factor : 1.03
  Min Timing Check Derating Factor : 0.97

  Point                                                   Incr       Path
  ------------------------------------------------------------------------------
  clock clk (rise edge)                                   0.00       0.00
  clock network delay (propagated)                        0.00       0.00
  input external delay                                    0.50       0.50 r
  raw_bits_i[3] (in)                                      0.00 &     0.50 r
  U6/Y (INVXL)                                            0.07 &     0.57 f
  raw_code_o_reg[3]/D (DFFSX1)                            0.00 &     0.57 f
  data arrival time                                                  0.57

  clock clk (rise edge)                                   0.00       0.00
  clock source latency                                    0.00       0.00
  clk (in)                                                0.00 &     0.00 r
  ZCTSBUF_5981_1396/Y (CLKBUFX4)                          0.35 &     0.35 r
  ZCTSBUF_4939_1395/Y (BUFX2)                             0.42 &     0.77 r
  raw_code_o_reg[3]/CK (DFFSX1)                           0.00 &     0.77 r
  clock reconvergence pessimism                           0.00       0.77
  clock uncertainty                                       0.05       0.82
  library hold time                                      -0.06       0.76
  data required time                                                 0.76
  ------------------------------------------------------------------------------
  data required time                                                 0.76
  data arrival time                                                 -0.57
  ------------------------------------------------------------------------------
  slack (VIOLATED)                                                  -0.19


  Startpoint: raw_bits_i[15]
               (input port clocked by clk)
  Endpoint: raw_code_o_reg[15]
               (rising edge-triggered flip-flop clocked by clk)
  Path Group: clk
  Path Type: min
  Min Data Paths Derating Factor  : 0.97
  Min Clock Paths Derating Factor : 0.97
  Max Clock Paths Derating Factor : 1.03
  Min Timing Check Derating Factor : 0.97

  Point                                                   Incr       Path
  ------------------------------------------------------------------------------
  clock clk (rise edge)                                   0.00       0.00
  clock network delay (propagated)                        0.00       0.00
  input external delay                                    0.50       0.50 f
  raw_bits_i[15] (in)                                     0.00 &     0.50 f
  U18/Y (INVXL)                                           0.07 &     0.57 r
  raw_code_o_reg[15]/D (DFFSX1)                           0.00 &     0.57 r
  data arrival time                                                  0.57

  clock clk (rise edge)                                   0.00       0.00
  clock source latency                                    0.00       0.00
  clk (in)                                                0.00 &     0.00 r
  ZCTSBUF_5981_1396/Y (CLKBUFX4)                          0.35 &     0.35 r
  ZCTSBUF_4939_1395/Y (BUFX2)                             0.42 &     0.77 r
  raw_code_o_reg[15]/CK (DFFSX1)                          0.00 &     0.77 r
  clock reconvergence pessimism                           0.00       0.77
  clock uncertainty                                       0.05       0.82
  library hold time                                      -0.08       0.74
  data required time                                                 0.74
  ------------------------------------------------------------------------------
  data required time                                                 0.74
  data arrival time                                                 -0.57
  ------------------------------------------------------------------------------
  slack (VIOLATED)                                                  -0.17


  Startpoint: raw_bits_i[18]
               (input port clocked by clk)
  Endpoint: raw_code_o_reg[18]
               (rising edge-triggered flip-flop clocked by clk)
  Path Group: clk
  Path Type: min
  Min Data Paths Derating Factor  : 0.97
  Min Clock Paths Derating Factor : 0.97
  Max Clock Paths Derating Factor : 1.03
  Min Timing Check Derating Factor : 0.97

  Point                                                   Incr       Path
  ------------------------------------------------------------------------------
  clock clk (rise edge)                                   0.00       0.00
  clock network delay (propagated)                        0.00       0.00
  input external delay                                    0.50       0.50 f
  raw_bits_i[18] (in)                                     0.00 &     0.50 f
  U21/Y (INVXL)                                           0.07 &     0.57 r
  raw_code_o_reg[18]/D (DFFSX1)                           0.00 &     0.57 r
  data arrival time                                                  0.57

  clock clk (rise edge)                                   0.00       0.00
  clock source latency                                    0.00       0.00
  clk (in)                                                0.00 &     0.00 r
  ZCTSBUF_5981_1396/Y (CLKBUFX4)                          0.35 &     0.35 r
  ZCTSBUF_4939_1395/Y (BUFX2)                             0.42 &     0.77 r
  raw_code_o_reg[18]/CK (DFFSX1)                          0.00 &     0.77 r
  clock reconvergence pessimism                           0.00       0.77
  clock uncertainty                                       0.05       0.82
  library hold time                                      -0.09       0.74
  data required time                                                 0.74
  ------------------------------------------------------------------------------
  data required time                                                 0.74
  data arrival time                                                 -0.57
  ------------------------------------------------------------------------------
  slack (VIOLATED)                                                  -0.17


  Startpoint: raw_bits_i[17]
               (input port clocked by clk)
  Endpoint: raw_code_o_reg[17]
               (rising edge-triggered flip-flop clocked by clk)
  Path Group: clk
  Path Type: min
  Min Data Paths Derating Factor  : 0.97
  Min Clock Paths Derating Factor : 0.97
  Max Clock Paths Derating Factor : 1.03
  Min Timing Check Derating Factor : 0.97

  Point                                                   Incr       Path
  ------------------------------------------------------------------------------
  clock clk (rise edge)                                   0.00       0.00
  clock network delay (propagated)                        0.00       0.00
  input external delay                                    0.50       0.50 f
  raw_bits_i[17] (in)                                     0.00 &     0.50 f
  U20/Y (INVXL)                                           0.07 &     0.57 r
  raw_code_o_reg[17]/D (DFFSX1)                           0.00 &     0.57 r
  data arrival time                                                  0.57

  clock clk (rise edge)                                   0.00       0.00
  clock source latency                                    0.00       0.00
  clk (in)                                                0.00 &     0.00 r
  ZCTSBUF_5981_1396/Y (CLKBUFX4)                          0.35 &     0.35 r
  ZCTSBUF_4939_1395/Y (BUFX2)                             0.42 &     0.77 r
  raw_code_o_reg[17]/CK (DFFSX1)                          0.00 &     0.77 r
  clock reconvergence pessimism                           0.00       0.77
  clock uncertainty                                       0.05       0.82
  library hold time                                      -0.09       0.74
  data required time                                                 0.74
  ------------------------------------------------------------------------------
  data required time                                                 0.74
  data arrival time                                                 -0.57
  ------------------------------------------------------------------------------
  slack (VIOLATED)                                                  -0.16


  Startpoint: raw_bits_i[16]
               (input port clocked by clk)
  Endpoint: raw_code_o_reg[16]
               (rising edge-triggered flip-flop clocked by clk)
  Path Group: clk
  Path Type: min
  Min Data Paths Derating Factor  : 0.97
  Min Clock Paths Derating Factor : 0.97
  Max Clock Paths Derating Factor : 1.03
  Min Timing Check Derating Factor : 0.97

  Point                                                   Incr       Path
  ------------------------------------------------------------------------------
  clock clk (rise edge)                                   0.00       0.00
  clock network delay (propagated)                        0.00       0.00
  input external delay                                    0.50       0.50 f
  raw_bits_i[16] (in)                                     0.00 &     0.50 f
  U19/Y (INVXL)                                           0.08 &     0.58 r
  raw_code_o_reg[16]/D (DFFSX1)                           0.00 &     0.58 r
  data arrival time                                                  0.58

  clock clk (rise edge)                                   0.00       0.00
  clock source latency                                    0.00       0.00
  clk (in)                                                0.00 &     0.00 r
  ZCTSBUF_5981_1396/Y (CLKBUFX4)                          0.35 &     0.35 r
  ZCTSBUF_4939_1395/Y (BUFX2)                             0.42 &     0.77 r
  raw_code_o_reg[16]/CK (DFFSX1)                          0.00 &     0.77 r
  clock reconvergence pessimism                           0.00       0.77
  clock uncertainty                                       0.05       0.82
  library hold time                                      -0.09       0.73
  data required time                                                 0.73
  ------------------------------------------------------------------------------
  data required time                                                 0.73
  data arrival time                                                 -0.58
  ------------------------------------------------------------------------------
  slack (VIOLATED)                                                  -0.15


  Startpoint: raw_bits_i[10]
               (input port clocked by clk)
  Endpoint: raw_code_o_reg[10]
               (rising edge-triggered flip-flop clocked by clk)
  Path Group: clk
  Path Type: min
  Min Data Paths Derating Factor  : 0.97
  Min Clock Paths Derating Factor : 0.97
  Max Clock Paths Derating Factor : 1.03
  Min Timing Check Derating Factor : 0.97

  Point                                                   Incr       Path
  ------------------------------------------------------------------------------
  clock clk (rise edge)                                   0.00       0.00
  clock network delay (propagated)                        0.00       0.00
  input external delay                                    0.50       0.50 r
  raw_bits_i[10] (in)                                     0.00 &     0.50 r
  U13/Y (INVXL)                                           0.10 &     0.60 f
  raw_code_o_reg[10]/D (DFFSX1)                           0.00 &     0.60 f
  data arrival time                                                  0.60

  clock clk (rise edge)                                   0.00       0.00
  clock source latency                                    0.00       0.00
  clk (in)                                                0.00 &     0.00 r
  ZCTSBUF_5981_1396/Y (CLKBUFX4)                          0.35 &     0.35 r
  ZCTSBUF_4939_1395/Y (BUFX2)                             0.42 &     0.77 r
  raw_code_o_reg[10]/CK (DFFSX1)                          0.00 &     0.77 r
  clock reconvergence pessimism                           0.00       0.77
  clock uncertainty                                       0.05       0.82
  library hold time                                      -0.07       0.75
  data required time                                                 0.75
  ------------------------------------------------------------------------------
  data required time                                                 0.75
  data arrival time                                                 -0.60
  ------------------------------------------------------------------------------
  slack (VIOLATED)                                                  -0.15


  Startpoint: raw_bits_i[19]
               (input port clocked by clk)
  Endpoint: raw_code_o_reg[19]
               (rising edge-triggered flip-flop clocked by clk)
  Path Group: clk
  Path Type: min
  Min Data Paths Derating Factor  : 0.97
  Min Clock Paths Derating Factor : 0.97
  Max Clock Paths Derating Factor : 1.03
  Min Timing Check Derating Factor : 0.97

  Point                                                   Incr       Path
  ------------------------------------------------------------------------------
  clock clk (rise edge)                                   0.00       0.00
  clock network delay (propagated)                        0.00       0.00
  input external delay                                    0.50       0.50 f
  raw_bits_i[19] (in)                                     0.00 &     0.50 f
  U22/Y (INVXL)                                           0.08 &     0.58 r
  raw_code_o_reg[19]/D (DFFSX1)                           0.00 &     0.58 r
  data arrival time                                                  0.58

  clock clk (rise edge)                                   0.00       0.00
  clock source latency                                    0.00       0.00
  clk (in)                                                0.00 &     0.00 r
  ZCTSBUF_5981_1396/Y (CLKBUFX4)                          0.35 &     0.35 r
  ZCTSBUF_4939_1395/Y (BUFX2)                             0.42 &     0.77 r
  raw_code_o_reg[19]/CK (DFFSX1)                          0.00 &     0.77 r
  clock reconvergence pessimism                           0.00       0.77
  clock uncertainty                                       0.05       0.82
  library hold time                                      -0.09       0.73
  data required time                                                 0.73
  ------------------------------------------------------------------------------
  data required time                                                 0.73
  data arrival time                                                 -0.58
  ------------------------------------------------------------------------------
  slack (VIOLATED)                                                  -0.15


  Startpoint: raw_bits_i[8]
               (input port clocked by clk)
  Endpoint: raw_code_o_reg[8]
               (rising edge-triggered flip-flop clocked by clk)
  Path Group: clk
  Path Type: min
  Min Data Paths Derating Factor  : 0.97
  Min Clock Paths Derating Factor : 0.97
  Max Clock Paths Derating Factor : 1.03
  Min Timing Check Derating Factor : 0.97

  Point                                                   Incr       Path
  ------------------------------------------------------------------------------
  clock clk (rise edge)                                   0.00       0.00
  clock network delay (propagated)                        0.00       0.00
  input external delay                                    0.50       0.50 f
  raw_bits_i[8] (in)                                      0.00 &     0.50 f
  U11/Y (INVXL)                                           0.09 &     0.59 r
  raw_code_o_reg[8]/D (DFFSX1)                            0.00 &     0.59 r
  data arrival time                                                  0.59

  clock clk (rise edge)                                   0.00       0.00
  clock source latency                                    0.00       0.00
  clk (in)                                                0.00 &     0.00 r
  ZCTSBUF_5981_1396/Y (CLKBUFX4)                          0.35 &     0.35 r
  ZCTSBUF_4939_1395/Y (BUFX2)                             0.42 &     0.77 r
  raw_code_o_reg[8]/CK (DFFSX1)                           0.00 &     0.77 r
  clock reconvergence pessimism                           0.00       0.77
  clock uncertainty                                       0.05       0.82
  library hold time                                      -0.09       0.73
  data required time                                                 0.73
  ------------------------------------------------------------------------------
  data required time                                                 0.73
  data arrival time                                                 -0.59
  ------------------------------------------------------------------------------
  slack (VIOLATED)                                                  -0.14


  Startpoint: raw_bits_i[12]
               (input port clocked by clk)
  Endpoint: raw_code_o_reg[12]
               (rising edge-triggered flip-flop clocked by clk)
  Path Group: clk
  Path Type: min
  Min Data Paths Derating Factor  : 0.97
  Min Clock Paths Derating Factor : 0.97
  Max Clock Paths Derating Factor : 1.03
  Min Timing Check Derating Factor : 0.97

  Point                                                   Incr       Path
  ------------------------------------------------------------------------------
  clock clk (rise edge)                                   0.00       0.00
  clock network delay (propagated)                        0.00       0.00
  input external delay                                    0.50       0.50 f
  raw_bits_i[12] (in)                                     0.00 &     0.50 f
  U15/Y (INVXL)                                           0.10 &     0.60 r
  raw_code_o_reg[12]/D (DFFSX1)                           0.00 &     0.60 r
  data arrival time                                                  0.60

  clock clk (rise edge)                                   0.00       0.00
  clock source latency                                    0.00       0.00
  clk (in)                                                0.00 &     0.00 r
  ZCTSBUF_5981_1396/Y (CLKBUFX4)                          0.35 &     0.35 r
  ZCTSBUF_4939_1395/Y (BUFX2)                             0.42 &     0.77 r
  raw_code_o_reg[12]/CK (DFFSX1)                          0.00 &     0.77 r
  clock reconvergence pessimism                           0.00       0.77
  clock uncertainty                                       0.05       0.82
  library hold time                                      -0.09       0.73
  data required time                                                 0.73
  ------------------------------------------------------------------------------
  data required time                                                 0.73
  data arrival time                                                 -0.60
  ------------------------------------------------------------------------------
  slack (VIOLATED)                                                  -0.14


  Startpoint: raw_bits_i[11]
               (input port clocked by clk)
  Endpoint: raw_code_o_reg[11]
               (rising edge-triggered flip-flop clocked by clk)
  Path Group: clk
  Path Type: min
  Min Data Paths Derating Factor  : 0.97
  Min Clock Paths Derating Factor : 0.97
  Max Clock Paths Derating Factor : 1.03
  Min Timing Check Derating Factor : 0.97

  Point                                                   Incr       Path
  ------------------------------------------------------------------------------
  clock clk (rise edge)                                   0.00       0.00
  clock network delay (propagated)                        0.00       0.00
  input external delay                                    0.50       0.50 f
  raw_bits_i[11] (in)                                     0.00 &     0.50 f
  U14/Y (INVXL)                                           0.10 &     0.60 r
  raw_code_o_reg[11]/D (DFFSX1)                           0.00 &     0.60 r
  data arrival time                                                  0.60

  clock clk (rise edge)                                   0.00       0.00
  clock source latency                                    0.00       0.00
  clk (in)                                                0.00 &     0.00 r
  ZCTSBUF_5981_1396/Y (CLKBUFX4)                          0.35 &     0.35 r
  ZCTSBUF_4939_1395/Y (BUFX2)                             0.42 &     0.77 r
  raw_code_o_reg[11]/CK (DFFSX1)                          0.00 &     0.77 r
  clock reconvergence pessimism                           0.00       0.77
  clock uncertainty                                       0.05       0.82
  library hold time                                      -0.09       0.73
  data required time                                                 0.73
  ------------------------------------------------------------------------------
  data required time                                                 0.73
  data arrival time                                                 -0.60
  ------------------------------------------------------------------------------
  slack (VIOLATED)                                                  -0.13


  Startpoint: raw_bits_i[14]
               (input port clocked by clk)
  Endpoint: raw_code_o_reg[14]
               (rising edge-triggered flip-flop clocked by clk)
  Path Group: clk
  Path Type: min
  Min Data Paths Derating Factor  : 0.97
  Min Clock Paths Derating Factor : 0.97
  Max Clock Paths Derating Factor : 1.03
  Min Timing Check Derating Factor : 0.97

  Point                                                   Incr       Path
  ------------------------------------------------------------------------------
  clock clk (rise edge)                                   0.00       0.00
  clock network delay (propagated)                        0.00       0.00
  input external delay                                    0.50       0.50 f
  raw_bits_i[14] (in)                                     0.00 &     0.50 f
  U17/Y (INVXL)                                           0.10 &     0.60 r
  raw_code_o_reg[14]/D (DFFSX1)                           0.00 &     0.60 r
  data arrival time                                                  0.60

  clock clk (rise edge)                                   0.00       0.00
  clock source latency                                    0.00       0.00
  clk (in)                                                0.00 &     0.00 r
  ZCTSBUF_5981_1396/Y (CLKBUFX4)                          0.35 &     0.35 r
  ZCTSBUF_4939_1395/Y (BUFX2)                             0.42 &     0.77 r
  raw_code_o_reg[14]/CK (DFFSX1)                          0.00 &     0.77 r
  clock reconvergence pessimism                           0.00       0.77
  clock uncertainty                                       0.05       0.82
  library hold time                                      -0.09       0.73
  data required time                                                 0.73
  ------------------------------------------------------------------------------
  data required time                                                 0.73
  data arrival time                                                 -0.60
  ------------------------------------------------------------------------------
  slack (VIOLATED)                                                  -0.13


  Startpoint: raw_bits_i[5]
               (input port clocked by clk)
  Endpoint: raw_code_o_reg[5]
               (rising edge-triggered flip-flop clocked by clk)
  Path Group: clk
  Path Type: min
  Min Data Paths Derating Factor  : 0.97
  Min Clock Paths Derating Factor : 0.97
  Max Clock Paths Derating Factor : 1.03
  Min Timing Check Derating Factor : 0.97

  Point                                                   Incr       Path
  ------------------------------------------------------------------------------
  clock clk (rise edge)                                   0.00       0.00
  clock network delay (propagated)                        0.00       0.00
  input external delay                                    0.50       0.50 f
  raw_bits_i[5] (in)                                      0.00 &     0.50 f
  U8/Y (INVXL)                                            0.11 &     0.61 r
  raw_code_o_reg[5]/D (DFFSX1)                            0.00 &     0.61 r
  data arrival time                                                  0.61

  clock clk (rise edge)                                   0.00       0.00
  clock source latency                                    0.00       0.00
  clk (in)                                                0.00 &     0.00 r
  ZCTSBUF_5981_1396/Y (CLKBUFX4)                          0.35 &     0.35 r
  ZCTSBUF_4939_1395/Y (BUFX2)                             0.42 &     0.77 r
  raw_code_o_reg[5]/CK (DFFSX1)                           0.00 &     0.77 r
  clock reconvergence pessimism                           0.00       0.77
  clock uncertainty                                       0.05       0.82
  library hold time                                      -0.09       0.73
  data required time                                                 0.73
  ------------------------------------------------------------------------------
  data required time                                                 0.73
  data arrival time                                                 -0.61
  ------------------------------------------------------------------------------
  slack (VIOLATED)                                                  -0.12


  Startpoint: raw_bits_i[13]
               (input port clocked by clk)
  Endpoint: raw_code_o_reg[13]
               (rising edge-triggered flip-flop clocked by clk)
  Path Group: clk
  Path Type: min
  Min Data Paths Derating Factor  : 0.97
  Min Clock Paths Derating Factor : 0.97
  Max Clock Paths Derating Factor : 1.03
  Min Timing Check Derating Factor : 0.97

  Point                                                   Incr       Path
  ------------------------------------------------------------------------------
  clock clk (rise edge)                                   0.00       0.00
  clock network delay (propagated)                        0.00       0.00
  input external delay                                    0.50       0.50 f
  raw_bits_i[13] (in)                                     0.00 &     0.50 f
  U16/Y (INVXL)                                           0.11 &     0.61 r
  raw_code_o_reg[13]/D (DFFSX1)                           0.00 &     0.61 r
  data arrival time                                                  0.61

  clock clk (rise edge)                                   0.00       0.00
  clock source latency                                    0.00       0.00
  clk (in)                                                0.00 &     0.00 r
  ZCTSBUF_5981_1396/Y (CLKBUFX4)                          0.35 &     0.35 r
  ZCTSBUF_4939_1395/Y (BUFX2)                             0.42 &     0.77 r
  raw_code_o_reg[13]/CK (DFFSX1)                          0.00 &     0.77 r
  clock reconvergence pessimism                           0.00       0.77
  clock uncertainty                                       0.05       0.82
  library hold time                                      -0.09       0.73
  data required time                                                 0.73
  ------------------------------------------------------------------------------
  data required time                                                 0.73
  data arrival time                                                 -0.61
  ------------------------------------------------------------------------------
  slack (VIOLATED)                                                  -0.12


  Startpoint: raw_bits_i[3]
               (input port clocked by clk)
  Endpoint: raw_code_o_reg[3]
               (rising edge-triggered flip-flop clocked by clk)
  Path Group: clk
  Path Type: min
  Min Data Paths Derating Factor  : 0.97
  Min Clock Paths Derating Factor : 0.97
  Max Clock Paths Derating Factor : 1.03
  Min Timing Check Derating Factor : 0.97

  Point                                                   Incr       Path
  ------------------------------------------------------------------------------
  clock clk (rise edge)                                   0.00       0.00
  clock network delay (propagated)                        0.00       0.00
  input external delay                                    0.50       0.50 f
  raw_bits_i[3] (in)                                      0.00 &     0.50 f
  U6/Y (INVXL)                                            0.11 &     0.61 r
  raw_code_o_reg[3]/D (DFFSX1)                            0.00 &     0.61 r
  data arrival time                                                  0.61

  clock clk (rise edge)                                   0.00       0.00
  clock source latency                                    0.00       0.00
  clk (in)                                                0.00 &     0.00 r
  ZCTSBUF_5981_1396/Y (CLKBUFX4)                          0.35 &     0.35 r
  ZCTSBUF_4939_1395/Y (BUFX2)                             0.42 &     0.77 r
  raw_code_o_reg[3]/CK (DFFSX1)                           0.00 &     0.77 r
  clock reconvergence pessimism                           0.00       0.77
  clock uncertainty                                       0.05       0.82
  library hold time                                      -0.09       0.73
  data required time                                                 0.73
  ------------------------------------------------------------------------------
  data required time                                                 0.73
  data arrival time                                                 -0.61
  ------------------------------------------------------------------------------
  slack (VIOLATED)                                                  -0.12

Warning: report_timing has satisfied the max_paths criteria. There are 3 further endpoints which have paths of interest with slack less than     0.00 that were not considered when generating this report. (UITE-502)

1
