****************************************
Report : qor
Design : sar_digi_paper_core
Version: W-2024.09-SP3
Date   : Fri Sep 18 20:25:48 2026
****************************************

  Timing Path Group '**clock_gating_default**' (max_delay/setup)
  ---------------------------------------------
  Levels of Logic:                            1
  Critical Path Length:                  1.1003
  Critical Path Slack:                   0.3401
  Total Negative Slack:                  0.0000
  No. of Violating Paths:                     0
  ---------------------------------------------

  Timing Path Group 'clk' (max_delay/setup)
  ---------------------------------------------
  Levels of Logic:                            3
  Critical Path Length:                  4.4035
  Critical Path Slack:                   0.7013
  Total Negative Slack:                  0.0000
  No. of Violating Paths:                     0
  ---------------------------------------------

  Timing Path Group 'dec_clk' (max_delay/setup)
  ---------------------------------------------
  Levels of Logic:                            5
  Critical Path Length:                  2.3403
  Critical Path Slack:                   0.0000
  Total Negative Slack:                  0.0000
  No. of Violating Paths:                     0
  ---------------------------------------------

  Timing Path Group '**clock_gating_default**' (min_delay/hold)
  ---------------------------------------------
  Levels of Logic:                            1
  Critical Path Length:                  0.6861
  Critical Path Slack:                   0.2803
  Total Negative Slack:                  0.0000
  No. of Violating Paths:                     0
  ---------------------------------------------

  Timing Path Group 'clk' (min_delay/hold)
  ---------------------------------------------
  Levels of Logic:                            1
  Critical Path Length:                  0.5421
  Critical Path Slack:                  -0.2614
  Total Negative Slack:                 -3.5301
  No. of Violating Paths:                    16
  ---------------------------------------------

  Timing Path Group 'dec_clk' (min_delay/hold)
  ---------------------------------------------
  Levels of Logic:                            1
  Critical Path Length:                  0.3435
  Critical Path Slack:                   0.1372
  Total Negative Slack:                  0.0000
  No. of Violating Paths:                     0
  ---------------------------------------------

  Area
  ---------------------------------------------
  Net Interconnect area:                 0.0000
  Total cell area:                  102300.4062
  Design Area:                      102300.4062
  ---------------------------------------------


  Cell & Pin Count
  ---------------------------------------------
  Pin Count:                              14027
  Hierarchical Cell Count:                   43
  Hierarchical Port Count:                  363
  Leaf Cell Count:                         3626
  ---------------------------------------------


  Design Rule Violations
  ---------------------------------------------
  Total No. of Pins in Design:            14027
  max_fanout Count:                          65
  max_transition Count:                       7
  max_fanout Cost:                     437.0000
  max_transition Cost:                   0.0374
  Total DRC Cost:                      437.0374
  ---------------------------------------------

1
