=== does the LVS deck map layer 127 or 141? ===
   (no direct 127/141 map)

=== layer map lines mentioning 127/141 anywhere ===
499:LAYER M1TXT     141 // Metal-1 Text Layer(Only for 40nm and above technology)
598:TEXT LAYER 141 ATTACH 141 metal1
599:PORT LAYER TEXT 141
621:TEXT LAYER 141 ATTACH 141 metal1
622:PORT LAYER TEXT 141
640:TEXT LAYER 141 ATTACH 141 metal1
641:PORT LAYER TEXT 141
655:TEXT LAYER 141 ATTACH 141 metal1
656:PORT LAYER TEXT 141
2432:DEVICE rpdifsab_ckt pdrsab_ckt psd(PLUS) psd(MINUS) nwell(SUB) CMACRO RES_MIS pdrsab_ckt psd 127.9 -3E-8 -3.7E-7
2454:DEVICE R(rpdifsab) pdrsab psd psd CMACRO RES_PRO pdrsab psd 127.9 -3E-8 -3.7E-7

=== what the deck's TEXT/device layers are ===
16
578:TEXT LAYER 146 ATTACH 146 metal6
579:PORT LAYER TEXT 146
580:TEXT LAYER 66 ATTACH 66 metal6
581:PORT LAYER TEXT 66
582:TEXT LAYER 145 ATTACH 145 metal5
583:PORT LAYER TEXT 145
584:TEXT LAYER 65  ATTACH 65  metal5
585:PORT LAYER TEXT 65
586:TEXT LAYER 144 ATTACH 144 metal4
587:PORT LAYER TEXT 144
588:TEXT LAYER 64  ATTACH 64  metal4
589:PORT LAYER TEXT 64
590:TEXT LAYER 143 ATTACH 143 metal3
591:PORT LAYER TEXT 143
592:TEXT LAYER 63  ATTACH 63  metal3
593:PORT LAYER TEXT 63
594:TEXT LAYER 142 ATTACH 142 metal2
595:PORT LAYER TEXT 142
596:TEXT LAYER 62  ATTACH 62  metal2
597:PORT LAYER TEXT 62
598:TEXT LAYER 141 ATTACH 141 metal1
599:PORT LAYER TEXT 141
600:TEXT LAYER 61 ATTACH 61 metal1
601:PORT LAYER TEXT 61
605:TEXT LAYER 145 ATTACH 145 metal5
606:PORT LAYER TEXT 145
607:TEXT LAYER 65  ATTACH 65  metal5
608:PORT LAYER TEXT 65
609:TEXT LAYER 144 ATTACH 144 metal4
610:PORT LAYER TEXT 144

=== DRC deck: 127/141 ===
670:LAYER   MAP    127  DATATYPE   0   548
774:LAYER   MAP   141   DATATYPE	0    869
776:LAYER   MAP   141   TEXTTYPE    0    869
1120:LAYER  MAP 141  TEXTTYPE==0   1412

=== the two frame layers present in EVERY named cell ===
   layer 127 : 1 shape per cell
   layer 141 : 4-10 shapes per cell

=== deck: any rule referencing 127/141 as a layer name? ===
598:TEXT LAYER 141 ATTACH 141 metal1
621:TEXT LAYER 141 ATTACH 141 metal1
640:TEXT LAYER 141 ATTACH 141 metal1
655:TEXT LAYER 141 ATTACH 141 metal1
