top-cell shape bbox (DBU) : x 0..4296600  y -4000..4288000
declared die (um)         : 430.090 x 429.340
=> DBU per um             : 9990.002  (x)   9996.739  (y)

layer  shapes   x-range(um)            y-range(um)            total area(um2)
   61    7871       0.00..430.09           -0.40..429.23           31875.1
   62   17657       0.52..429.62            0.00..428.83           26375.8
   63   10170       0.00..430.09            0.42..427.29           27384.7
   64    2602       0.52..429.57            0.22..427.29           16654.1
   65     122      21.66..423.31            0.47..403.14            2551.6
   66       9     182.36..423.39            1.00..380.63             496.6

=== labels named rst_n / VDD / VSS : what geometry is under them? ===

label rst_n  layer 62 at (408.949, 0.358) um   -> 2 shape(s) contain it
     layer  61  bbox (0.000,-0.400)-(430.090,0.400) um  size 430.090 x 0.801
     layer  62  bbox (408.809,0.000)-(409.089,0.716) um  size 0.280 x 0.716

label VDD    layer 62 at (425.425, 428.529) um   -> 3 shape(s) contain it
     layer  61  bbox (0.000,428.428)-(430.090,429.229) um  size 430.090 x 0.801
     layer  62  bbox (425.125,0.000)-(425.726,428.829) um  size 0.601 x 428.829
     layer  62  bbox (425.125,428.228)-(425.726,428.829) um  size 0.601 x 0.601

label VSS    layer 62 at (412.913, 428.529) um   -> 3 shape(s) contain it
     layer  61  bbox (0.000,428.428)-(430.090,429.229) um  size 430.090 x 0.801
     layer  62  bbox (412.613,0.000)-(413.213,428.829) um  size 0.601 x 428.829
     layer  62  bbox (412.613,428.228)-(413.213,428.829) um  size 0.601 x 0.601

=== M2 (layer 62) shapes taller than 100 um : the PG straps ===
count = 38
     x 12.212..12.813  y 0.000..428.829   (w 0.601)
     x 14.394..14.675  y 0.435..131.311   (w 0.280)
     x 24.725..25.325  y 0.000..428.829   (w 0.601)
     x 37.237..37.838  y 0.000..428.829   (w 0.601)
     x 49.750..50.350  y 0.000..428.829   (w 0.601)
     x 62.262..62.863  y 0.000..428.829   (w 0.601)
     x 74.775..75.375  y 0.000..428.829   (w 0.601)
     x 87.287..87.888  y 0.000..428.829   (w 0.601)
     x 99.800..100.400  y 0.000..428.829   (w 0.601)
     x 112.312..112.913  y 0.000..428.829   (w 0.601)
     x 124.825..125.425  y 0.000..428.829   (w 0.601)
     x 137.337..137.938  y 0.000..428.829   (w 0.601)
     x 149.850..150.450  y 0.000..428.829   (w 0.601)
     x 162.362..162.963  y 0.000..428.829   (w 0.601)
     x 174.875..175.475  y 0.000..428.829   (w 0.601)
     x 187.387..187.988  y 0.000..428.829   (w 0.601)
     x 199.900..200.501  y 0.000..428.829   (w 0.601)
     x 212.412..213.013  y 0.000..428.829   (w 0.601)
     x 224.925..225.526  y 0.000..428.829   (w 0.601)
     x 237.437..238.038  y 0.000..428.829   (w 0.601)
     x 249.950..250.551  y 0.000..428.829   (w 0.601)
     x 262.462..263.063  y 0.000..428.829   (w 0.601)
     x 274.975..275.576  y 0.000..428.829   (w 0.601)
     x 287.487..288.088  y 0.000..428.829   (w 0.601)
     x 300.000..300.601  y 0.000..428.829   (w 0.601)
     x 312.513..313.113  y 0.000..428.829   (w 0.601)
     x 325.025..325.626  y 0.000..428.829   (w 0.601)
     x 337.538..338.138  y 0.000..428.829   (w 0.601)
     x 350.050..350.651  y 0.000..428.829   (w 0.601)
     x 362.563..363.163  y 0.000..428.829   (w 0.601)
