merged GDS: 225 cells; top SREFs: 34356
placed instances with a known bbox: 34356
flagged layout-only transistors: 35

=== master cells holding the flagged transistors ===
   (no instance)          15
   NOR2XL                 4
   NAND2BXL               3
   AOI21XL                2
   XNOR2XL                2
   $$via1                 2
   DFFSX1                 2
   INVXL                  1
   AND4XL                 1
   OAI211X1               1
   NAND2XL                1
   DFFSXL                 1

=== per-cell detail ===
   (no instance)        : X0/X355/M4 MP(P18), X0/X434/M10 MP(P18), X0/X436/M10 MP(P18), X0/X439/M8 MP(P18), X1/X335/M4 MP(P18), X2/X441/M10 MP(P18), X4/X280/M4 MP(P18), X5/X354/M0 MN(N18)
   NOR2XL               : X2/X370/M11 MN(N18), X2/X370/M12 MN(N18), X2/X370/M26 MP(P18), X2/X370/M27 MP(P18)
   NAND2BXL             : X2/X370/M8 MN(N18), X2/X370/M9 MN(N18), X2/X370/M23 MP(P18)
   AOI21XL              : X1/X378/M1 MN(N18), X1/X378/M7 MP(P18)
   XNOR2XL              : X1/X378/M3 MN(N18), X1/X378/M8 MP(P18)
   $$via1               : X2/X370/M24 MP(P18), X6/X173/M5 MP(P18)
   DFFSX1               : X4/X436/M14 MN(N18), X5/X149/M4 MP(P18)
   INVXL                : X0/X199/M0 MN(N18)
   AND4XL               : X2/M4 MN(N18)
   OAI211X1             : X2/M62 MP(P18)
   NAND2XL              : X2/X159/M2 MP(P18)
   DFFSXL               : X3/X247/M4 MP(P18)
