layout top cell references 115 distinct masters, 34356 placements
netlist references 152 distinct masters, 3669 instances

=== masters in the LAYOUT but not in the NETLIST ===
   $$via1                     12931 placement(s)
   $$via1_5200_5200_1_2       1462 placement(s)
   $$via2                     12613 placement(s)
   $$via3                     3584 placement(s)
   $$via4                     134 placement(s)
   $$via5                     6 placement(s)
   -> 30730 placement(s) with no netlist counterpart

=== masters in the NETLIST but not in the LAYOUT ===
   SNPS_CLOCK_GATE_HIGH_sar_calib_ctrl_serial_20_30_16_32_5_256_1_1_0 1 instance(s)
   SNPS_CLOCK_GATE_HIGH_sar_calib_ctrl_serial_20_30_16_32_5_256_1_1_1 1 instance(s)
   SNPS_CLOCK_GATE_HIGH_sar_calib_ctrl_serial_20_30_16_32_5_256_1_1_10 1 instance(s)
   SNPS_CLOCK_GATE_HIGH_sar_calib_ctrl_serial_20_30_16_32_5_256_1_1_11 1 instance(s)
   SNPS_CLOCK_GATE_HIGH_sar_calib_ctrl_serial_20_30_16_32_5_256_1_1_12 1 instance(s)
   SNPS_CLOCK_GATE_HIGH_sar_calib_ctrl_serial_20_30_16_32_5_256_1_1_13 1 instance(s)
   SNPS_CLOCK_GATE_HIGH_sar_calib_ctrl_serial_20_30_16_32_5_256_1_1_14 1 instance(s)
   SNPS_CLOCK_GATE_HIGH_sar_calib_ctrl_serial_20_30_16_32_5_256_1_1_15 1 instance(s)
   SNPS_CLOCK_GATE_HIGH_sar_calib_ctrl_serial_20_30_16_32_5_256_1_1_16 1 instance(s)
   SNPS_CLOCK_GATE_HIGH_sar_calib_ctrl_serial_20_30_16_32_5_256_1_1_17 1 instance(s)
   SNPS_CLOCK_GATE_HIGH_sar_calib_ctrl_serial_20_30_16_32_5_256_1_1_18 1 instance(s)
   SNPS_CLOCK_GATE_HIGH_sar_calib_ctrl_serial_20_30_16_32_5_256_1_1_19 1 instance(s)
   SNPS_CLOCK_GATE_HIGH_sar_calib_ctrl_serial_20_30_16_32_5_256_1_1_1_2 1 instance(s)
   SNPS_CLOCK_GATE_HIGH_sar_calib_ctrl_serial_20_30_16_32_5_256_1_1_2 1 instance(s)
   SNPS_CLOCK_GATE_HIGH_sar_calib_ctrl_serial_20_30_16_32_5_256_1_1_20 1 instance(s)
   SNPS_CLOCK_GATE_HIGH_sar_calib_ctrl_serial_20_30_16_32_5_256_1_1_21 1 instance(s)
   SNPS_CLOCK_GATE_HIGH_sar_calib_ctrl_serial_20_30_16_32_5_256_1_1_22 1 instance(s)
   SNPS_CLOCK_GATE_HIGH_sar_calib_ctrl_serial_20_30_16_32_5_256_1_1_23 1 instance(s)
   SNPS_CLOCK_GATE_HIGH_sar_calib_ctrl_serial_20_30_16_32_5_256_1_1_24 1 instance(s)
   SNPS_CLOCK_GATE_HIGH_sar_calib_ctrl_serial_20_30_16_32_5_256_1_1_25 1 instance(s)

=== masters present in both but with different counts ===
   (0 masters differ)
