=== /tmp total ===
221M	/tmp

=== /tmp top-level entries by size (top 25) ===
41M	/tmp/mg4
37M	/tmp/dfrm-Ece15S
33M	/tmp/gdstop
19M	/tmp/pull
11M	/tmp/v3blk_re.gds
8.0M	/tmp/mgfix
7.7M	/tmp/TASK000R_WORK
3.5M	/tmp/phase2_stage
3.4M	/tmp/vh
3.1M	/tmp/dcshot4
3.0M	/tmp/dcshot3
2.4M	/tmp/dcshot8
2.2M	/tmp/dcshot2
2.0M	/tmp/dcshot7
1.9M	/tmp/recover.png
1.8M	/tmp/scdiag
1.8M	/tmp/dv_shot.png
1.6M	/tmp/state3.png
1.6M	/tmp/gls_init.out
1.6M	/tmp/gls_fix.out
1.6M	/tmp/after_fix.png
1.5M	/tmp/ct
1.4M	/tmp/state_dc.png
1.3M	/tmp/shot_virt.png
1.3M	/tmp/dfrm-6OTQF5

=== are the /tmp run_*.sh regenerated by reproduce_all.sh? ===
43:# The stage scripts are AUTHORED in $PC/scripts and EXECUTED from /tmp. They used
44:# to be executed from /tmp only, with no sync at all, so four of the six stages
49:# Copy the versioned script over /tmp before every stage, and refuse to run a
53:    local s=$1 src="$PC/scripts/$1" dst="/tmp/$1"
63:        echo "  sync $s : scripts/ -> /tmp   md5=$(md5sum "$dst" | cut -c1-32)"
120:bash /tmp/run_dc_paper_core.sh
121:grep -aE 'DC_AREA|GUARD_|status=' /tmp/run_dc_paper_core_dc.log 2>/dev/null || true
133:bash /tmp/run_pnr_paper_core.sh
139:bash /tmp/run_sta_paper_core.sh
155:bash /tmp/run_calibre_drc_paper_core.sh
156:grep -aE 'GDS_VERIFIED|referenced but not defined|rulechecks executed|raw      |merged   |DRC_RC|CAL_DRC status' /tmp/cal_drc_pc.out 2>/dev/null | sed 's/^/    /'
157:if ! grep -qa 'GDS_VERIFIED' /tmp/cal_drc_pc.out 2>/dev/null; then

=== count /tmp entries ===
815
