M1 full-width rails : 86
M2 full-height straps: 34
straps identified by label: {425.0: 'VDD', 412.5: 'VSS'}
via-ish SREFs in top cell: 31313
  by name: {'$$via1': 13115, '$$via2': 12457, '$$via3': 4020, '$$via1_5200_5200_1_2': 1462, '$$via4': 242, '$$via5': 17}

rail#   y-band(um)        VDD-strap vias   VSS-strap vias   verdict
   0   -0.40..0.40       1                0               
   1   4.64..5.44       0                1               
   2   9.68..10.48      1                0               
   3   14.72..15.52      0                1               
   4   19.76..20.56      1                0               
   5   24.80..25.60      0                1               
  83   417.92..418.72     0                1               
  84   422.96..423.76     1                0               
  85   428.00..428.80     0                1               

per-strap via counts (first/last few), with label if known:
   x=   12.50  vias-on-rails= 48  
   x=   25.00  vias-on-rails= 62  
   x=   37.50  vias-on-rails= 60  
   x=   50.00  vias-on-rails= 65  
   x=   62.50  vias-on-rails= 61  
   x=   75.00  vias-on-rails= 60  
   x=  362.50  vias-on-rails= 72  
   x=  375.00  vias-on-rails= 70  
   x=  387.50  vias-on-rails= 73  
   x=  400.00  vias-on-rails= 63  
   x=  412.50  vias-on-rails= 57  VSS
   x=  425.00  vias-on-rails= 53  VDD

=== decisive: the bottom-most rail ===
bottom rail y band -0.400..0.400
   via present at strap x=25.000  -> (unlabelled strap)
   via present at strap x=37.500  -> (unlabelled strap)
   via present at strap x=50.000  -> (unlabelled strap)
   via present at strap x=75.000  -> (unlabelled strap)
   via present at strap x=87.500  -> (unlabelled strap)
   via present at strap x=100.000  -> (unlabelled strap)
   via present at strap x=125.000  -> (unlabelled strap)
   via present at strap x=150.000  -> (unlabelled strap)
   via present at strap x=175.000  -> (unlabelled strap)
   via present at strap x=200.000  -> (unlabelled strap)
   via present at strap x=212.500  -> (unlabelled strap)
   via present at strap x=225.000  -> (unlabelled strap)
   via present at strap x=250.000  -> (unlabelled strap)
   via present at strap x=275.000  -> (unlabelled strap)
   via present at strap x=300.000  -> (unlabelled strap)
   via present at strap x=312.500  -> (unlabelled strap)
   via present at strap x=325.000  -> (unlabelled strap)
   via present at strap x=350.000  -> (unlabelled strap)
   via present at strap x=375.000  -> (unlabelled strap)
   via present at strap x=400.000  -> (unlabelled strap)
   via present at strap x=425.000  -> VDD
