=== new RESULT_CURRENT.env (key lines) ===
dc_area_typical=97892.625106
dc_area_slow=101581.602856
dc_cells_typical=2918
dc_regs_typical=1051
fc_util=0.5586
fc_block_area=184066.3440
sta_typical_clk_slack=0.8791
sta_typical_clk_fmax=109.6
sta_slow_clk_slack=0.6297
sta_slow_clk_fmax=106.7
sta_fast_clk_slack=1.0006
sta_fast_clk_fmax=111.1
delivered_gds_bytes=4300540
delivered_gds_top=sar_digi_paper_core
delivered_gds_cells=231
delivered_gds_layerpairs=19
delivered_gds_cell_digest=ca3024a035a1f91df1706fdec26fb7d7
die_width_um=430.520
die_height_um=429.340
die_area_um2=184839.457
drc_rulechecks=421
drc_results=3323
lvs_verdict=INCORRECT
# delivered_gds_md5=1bf3f8c1d57e7f1c2ceabca130c4097b

=== file sizes / hashes ===
total 18468
drwxrwxr-x. 2 <user> <user>    4096 Sep 18 20:10 .
drwxrwxr-x. 6 <user> <user>      72 Sep 18 20:10 ..
-rw-rw-r--. 1 <user> <user> 3494920 Sep 18 20:10 sar_digi_paper_core.gds
-rw-rw-r--. 1 <user> <user>  187497 Sep 18 20:10 sar_digi_paper_core.lef
-rw-rw-r--. 1 <user> <user>   83283 Sep 18 20:10 sar_digi_paper_core_pnr.sdc
-rw-rw-r--. 1 <user> <user> 7005044 Sep 18 20:10 sar_digi_paper_core_pnr.spef.smic18_par_125.spef
-rw-rw-r--. 1 <user> <user>     157 Sep 18 20:10 sar_digi_paper_core_pnr.spef.spef_scenario
-rw-rw-r--. 1 <user> <user>  382294 Sep 18 20:10 sar_digi_paper_core_pnr.v

=== LVS top-level numbers ===
INITIAL NUMBERS OF OBJECTS
--------------------------

                Layout    Source         Component Type
                ------    ------         --------------
 Ports:            177       176    *

 Nets:           26818     26923    *

 Instances:      25381     25028    *    MN (4 pins)
                 25485     25078    *    MP (4 pins)
                ------    ------
 Total Inst:     50866     50106

=== overall verdict ===
                    #           #     INCORRECT     #  
  INCORRECT      sar_digi_paper_core           sar_digi_paper_core
                    #           #     INCORRECT     #  

=== SHORT groups now ===
1
ssh : head: invalid trailing option -- 
At line:20 char:6
+ $s | ssh -o BatchMode=yes <user>@<vm-ip> "bash -s" 2>&1 | Out-Fi ...
+      ~~~~~~~~~~~~~~~~~~~~~~~~~~~~~~~~~~~~~~~~~~~~~~~~~~~~~~~
    + CategoryInfo          : NotSpecified: (head: invalid trailing option -- :String) [], RemoteException
    + FullyQualifiedErrorId : NativeCommandError
 
Try 'head --help' for more information.
