
=== SHORT 1 : rst_n - VDD in sar_digi_paper_core ===  rectangles: 13
   SN 1      NOT-IN-TOP-CELL        (408.540,0.357)-(408.540,0.358)  0.000x0.000 um
   SN 141    NOT-IN-TOP-CELL        (425.000,428.100)-(425.000,428.100)  0.000x0.000 um
   SN 24     NOT-IN-TOP-CELL        (408.350,41.300)-(423.910,41.580)  15.560x0.280 um
   SN 34     NOT-IN-TOP-CELL        (423.530,50.820)-(426.330,51.100)  2.800x0.280 um
   SN 18     NOT-IN-TOP-CELL        (408.410,41.310)-(408.670,41.570)  0.260x0.260 um
   SN 25     NOT-IN-TOP-CELL        (423.590,41.310)-(423.850,41.570)  0.260x0.260 um
   SN 33     NOT-IN-TOP-CELL        (423.590,50.830)-(423.850,51.090)  0.260x0.260 um
   SN 35     NOT-IN-TOP-CELL        (426.230,50.830)-(426.490,51.090)  0.260x0.260 um
   SN 3      NOT-IN-TOP-CELL        (408.400,0.000)-(408.680,41.580)  0.280x41.580 um
   SN 26     NOT-IN-TOP-CELL        (423.580,41.300)-(423.860,51.100)  0.280x9.800 um
   SN 36     NOT-IN-TOP-CELL        (426.220,50.820)-(426.500,79.660)  0.280x28.840 um
   SN 54     NOT-IN-TOP-CELL        (424.610,80.510)-(424.870,80.770)  0.260x0.260 um
   SN 47     NOT-IN-TOP-CELL        (426.230,79.520)-(426.490,79.780)  0.260x0.260 um
   layer histogram: {None: 13}

=== SHORT 2 : srm_residue_o[11] - srm_residue_o[12] in sar_digi_paper_core ===  rectangles: 7
   SN 1      NOT-IN-TOP-CELL        (0.357,62.160)-(0.358,62.160)  0.000x0.000 um
   SN 11     NOT-IN-TOP-CELL        (0.357,69.440)-(0.358,69.440)  0.000x0.000 um
   SN 5      NOT-IN-TOP-CELL        (0.520,61.460)-(0.800,69.860)  0.280x8.400 um
   SN 4      NOT-IN-TOP-CELL        (0.530,62.030)-(0.790,62.290)  0.260x0.260 um
   SN 8      NOT-IN-TOP-CELL        (0.530,69.310)-(0.790,69.570)  0.260x0.260 um
   SN 3      NOT-IN-TOP-CELL        (0.000,62.020)-(0.850,62.300)  0.850x0.280 um
   SN 9      NOT-IN-TOP-CELL        (0.000,69.300)-(0.850,69.580)  0.850x0.280 um
   layer histogram: {None: 7}

=== SHORT 3 : srm_residue_o[14] - srm_residue_o[15] in sar_digi_paper_core ===  rectangles: 7
   SN 1      NOT-IN-TOP-CELL        (0.357,3.920)-(0.358,3.920)  0.000x0.000 um
   SN 11     NOT-IN-TOP-CELL        (0.357,11.200)-(0.358,11.200)  0.000x0.000 um
   SN 5      NOT-IN-TOP-CELL        (0.520,3.780)-(0.800,12.180)  0.280x8.400 um
   SN 4      NOT-IN-TOP-CELL        (0.530,3.790)-(0.790,4.050)  0.260x0.260 um
   SN 8      NOT-IN-TOP-CELL        (0.530,11.070)-(0.790,11.330)  0.260x0.260 um
   SN 3      NOT-IN-TOP-CELL        (0.000,3.780)-(0.850,4.060)  0.850x0.280 um
   SN 9      NOT-IN-TOP-CELL        (0.000,11.060)-(0.850,11.340)  0.850x0.280 um
   layer histogram: {None: 7}

=== SHORT 4 : srm_residue_o[17] - srm_residue_o[18] in sar_digi_paper_core ===  rectangles: 7
   SN 1      NOT-IN-TOP-CELL        (0.357,84.000)-(0.358,84.000)  0.000x0.000 um
   SN 11     NOT-IN-TOP-CELL        (0.357,91.280)-(0.358,91.280)  0.000x0.000 um
   SN 5      M4                     (0.520,83.860)-(0.800,91.420)  0.280x7.560 um
   SN 4      NOT-IN-TOP-CELL        (0.530,83.870)-(0.790,84.130)  0.260x0.260 um
   SN 8      NOT-IN-TOP-CELL        (0.530,91.150)-(0.790,91.410)  0.260x0.260 um
   SN 3      NOT-IN-TOP-CELL        (0.000,83.860)-(0.850,84.140)  0.850x0.280 um
   SN 9      NOT-IN-TOP-CELL        (0.000,91.140)-(0.850,91.420)  0.850x0.280 um
   layer histogram: {None: 6, 'M4': 1}

=== SHORT 5 : srm_residue_o[19] - srm_residue_o[20] in sar_digi_paper_core ===  rectangles: 7
   SN 1      NOT-IN-TOP-CELL        (0.357,98.560)-(0.358,98.560)  0.000x0.000 um
   SN 11     NOT-IN-TOP-CELL        (0.357,105.840)-(0.358,105.840)  0.000x0.000 um
   SN 5      NOT-IN-TOP-CELL        (0.520,98.420)-(0.800,106.820)  0.280x8.400 um
   SN 4      NOT-IN-TOP-CELL        (0.530,98.430)-(0.790,98.690)  0.260x0.260 um
   SN 8      NOT-IN-TOP-CELL        (0.530,105.710)-(0.790,105.970)  0.260x0.260 um
   SN 3      NOT-IN-TOP-CELL        (0.000,98.420)-(0.850,98.700)  0.850x0.280 um
   SN 9      NOT-IN-TOP-CELL        (0.000,105.700)-(0.850,105.980)  0.850x0.280 um
   layer histogram: {None: 7}

=== SHORT 6 : srm_residue_o[16] - srm_residue_o[22] in sar_digi_paper_core ===  rectangles: 7
   SN 1      NOT-IN-TOP-CELL        (0.357,18.480)-(0.358,18.480)  0.000x0.000 um
   SN 11     NOT-IN-TOP-CELL        (0.357,25.760)-(0.358,25.760)  0.000x0.000 um
   SN 5      NOT-IN-TOP-CELL        (0.520,17.780)-(0.800,26.180)  0.280x8.400 um
   SN 4      NOT-IN-TOP-CELL        (0.530,18.350)-(0.790,18.610)  0.260x0.260 um
   SN 8      NOT-IN-TOP-CELL        (0.530,25.630)-(0.790,25.890)  0.260x0.260 um
   SN 3      NOT-IN-TOP-CELL        (0.000,18.340)-(0.850,18.620)  0.850x0.280 um
   SN 9      NOT-IN-TOP-CELL        (0.000,25.620)-(0.850,25.900)  0.850x0.280 um
   layer histogram: {None: 7}

=== SHORT 7 : srm_residue_o[21] - srm_residue_o[25] in sar_digi_paper_core ===  rectangles: 7
   SN 1      NOT-IN-TOP-CELL        (0.357,113.120)-(0.358,113.120)  0.000x0.000 um
   SN 11     NOT-IN-TOP-CELL        (0.357,120.400)-(0.358,120.400)  0.000x0.000 um
   SN 5      NOT-IN-TOP-CELL        (0.520,112.420)-(0.800,120.820)  0.280x8.400 um
   SN 4      NOT-IN-TOP-CELL        (0.530,112.990)-(0.790,113.250)  0.260x0.260 um
   SN 8      NOT-IN-TOP-CELL        (0.530,120.270)-(0.790,120.530)  0.260x0.260 um
   SN 3      NOT-IN-TOP-CELL        (0.000,112.980)-(0.850,113.260)  0.850x0.280 um
   SN 9      NOT-IN-TOP-CELL        (0.000,120.260)-(0.850,120.540)  0.850x0.280 um
   layer histogram: {None: 7}

=== SHORT 8 : srm_residue_o[27] - srm_residue_o[28] in sar_digi_paper_core ===  rectangles: 7
   SN 1      NOT-IN-TOP-CELL        (0.357,134.960)-(0.358,134.960)  0.000x0.000 um
   SN 11     NOT-IN-TOP-CELL        (0.357,142.240)-(0.358,142.240)  0.000x0.000 um
   SN 5      NOT-IN-TOP-CELL        (0.520,134.820)-(0.800,143.220)  0.280x8.400 um
   SN 4      NOT-IN-TOP-CELL        (0.530,134.830)-(0.790,135.090)  0.260x0.260 um
   SN 8      NOT-IN-TOP-CELL        (0.530,142.110)-(0.790,142.370)  0.260x0.260 um
   SN 3      NOT-IN-TOP-CELL        (0.000,134.820)-(0.850,135.100)  0.850x0.280 um
   SN 9      NOT-IN-TOP-CELL        (0.000,142.100)-(0.850,142.380)  0.850x0.280 um
   layer histogram: {None: 7}

=== SHORT 9 : srm_residue_o[10] - srm_residue_o[9] in sar_digi_paper_core ===  rectangles: 7
   SN 1      NOT-IN-TOP-CELL        (0.357,54.880)-(0.358,54.880)  0.000x0.000 um
   SN 11     NOT-IN-TOP-CELL        (0.357,47.600)-(0.358,47.600)  0.000x0.000 um
   SN 7      NOT-IN-TOP-CELL        (0.520,47.460)-(0.800,55.860)  0.280x8.400 um
   SN 8      NOT-IN-TOP-CELL        (0.530,47.470)-(0.790,47.730)  0.260x0.260 um
   SN 4      NOT-IN-TOP-CELL        (0.530,54.750)-(0.790,55.010)  0.260x0.260 um
   SN 9      NOT-IN-TOP-CELL        (0.000,47.460)-(0.850,47.740)  0.850x0.280 um
   SN 3      NOT-IN-TOP-CELL        (0.000,54.740)-(0.850,55.020)  0.850x0.280 um
   layer histogram: {None: 7}

=== SHORT 10 : srm_residue_o[25] - srm_residue_o[26] in sar_digi_paper_core ===  rectangles: 7
   SN 1      NOT-IN-TOP-CELL        (0.357,120.400)-(0.358,120.400)  0.000x0.000 um
   SN 12     NOT-IN-TOP-CELL        (0.357,127.680)-(0.358,127.680)  0.000x0.000 um
   SN 5      NOT-IN-TOP-CELL        (0.520,118.020)-(0.800,129.220)  0.280x11.200 um
   SN 4      NOT-IN-TOP-CELL        (0.530,120.270)-(0.790,120.530)  0.260x0.260 um
   SN 9      NOT-IN-TOP-CELL        (0.530,127.550)-(0.790,127.810)  0.260x0.260 um
   SN 3      NOT-IN-TOP-CELL        (0.000,120.260)-(0.850,120.540)  0.850x0.280 um
   SN 10     NOT-IN-TOP-CELL        (0.000,127.540)-(0.850,127.820)  0.850x0.280 um
   layer histogram: {None: 7}

=== SHORT 11 : srm_residue_o[23] - srm_residue_o[24] in sar_digi_paper_core ===  rectangles: 7
   SN 1      NOT-IN-TOP-CELL        (0.357,33.040)-(0.358,33.040)  0.000x0.000 um
   SN 12     NOT-IN-TOP-CELL        (0.357,40.320)-(0.358,40.320)  0.000x0.000 um
   SN 5      NOT-IN-TOP-CELL        (0.520,31.780)-(0.800,40.460)  0.280x8.680 um
   SN 4      NOT-IN-TOP-CELL        (0.530,32.910)-(0.790,33.170)  0.260x0.260 um
   SN 9      NOT-IN-TOP-CELL        (0.530,40.190)-(0.790,40.450)  0.260x0.260 um
   SN 3      NOT-IN-TOP-CELL        (0.000,32.900)-(0.850,33.180)  0.850x0.280 um
   SN 10     NOT-IN-TOP-CELL        (0.000,40.180)-(0.850,40.460)  0.850x0.280 um
   layer histogram: {None: 7}

=== SHORT 12 : srm_residue_o[12] - srm_residue_o[13] in sar_digi_paper_core ===  rectangles: 7
   SN 1      NOT-IN-TOP-CELL        (0.357,69.440)-(0.358,69.440)  0.000x0.000 um
   SN 12     NOT-IN-TOP-CELL        (0.357,76.720)-(0.358,76.720)  0.000x0.000 um
   SN 5      NOT-IN-TOP-CELL        (0.520,67.060)-(0.800,78.260)  0.280x11.200 um
   SN 4      NOT-IN-TOP-CELL        (0.530,69.310)-(0.790,69.570)  0.260x0.260 um
   SN 9      NOT-IN-TOP-CELL        (0.530,76.590)-(0.790,76.850)  0.260x0.260 um
   SN 3      NOT-IN-TOP-CELL        (0.000,69.300)-(0.850,69.580)  0.850x0.280 um
   SN 10     NOT-IN-TOP-CELL        (0.000,76.580)-(0.850,76.860)  0.850x0.280 um
   layer histogram: {None: 7}

=== SHORT 13 : srm_residue_o[28] - srm_residue_o[29] in sar_digi_paper_core ===  rectangles: 7
   SN 1      NOT-IN-TOP-CELL        (0.357,142.240)-(0.358,142.240)  0.000x0.000 um
   SN 15     NOT-IN-TOP-CELL        (0.357,149.520)-(0.358,149.520)  0.000x0.000 um
   SN 5      NOT-IN-TOP-CELL        (0.520,140.420)-(0.800,149.400)  0.280x8.980 um
   SN 4      NOT-IN-TOP-CELL        (0.530,142.110)-(0.790,142.370)  0.260x0.260 um
   SN 12     NOT-IN-TOP-CELL        (0.530,149.390)-(0.790,149.650)  0.260x0.260 um
   SN 3      NOT-IN-TOP-CELL        (0.000,142.100)-(0.850,142.380)  0.850x0.280 um
   SN 13     NOT-IN-TOP-CELL        (0.000,149.380)-(0.850,149.660)  0.850x0.280 um
   layer histogram: {None: 7}

=== SHORT 14 : weight_rd_data[12] - weight_rd_data[13] in sar_digi_paper_core ===  rectangles: 7
   SN 1      NOT-IN-TOP-CELL        (0.357,244.160)-(0.358,244.160)  0.000x0.000 um
   SN 11     NOT-IN-TOP-CELL        (0.357,251.440)-(0.358,251.440)  0.000x0.000 um
   SN 3      NOT-IN-TOP-CELL        (0.000,244.020)-(0.850,244.300)  0.850x0.280 um
   SN 9      NOT-IN-TOP-CELL        (0.000,251.300)-(0.850,251.580)  0.850x0.280 um
   SN 4      NOT-IN-TOP-CELL        (0.530,244.030)-(0.790,244.290)  0.260x0.260 um
   SN 8      NOT-IN-TOP-CELL        (0.530,251.310)-(0.790,251.570)  0.260x0.260 um
   SN 5      NOT-IN-TOP-CELL        (0.520,244.020)-(0.800,251.580)  0.280x7.560 um
   layer histogram: {None: 7}

=== SHORT 15 : weight_rd_data[16] - weight_rd_data[17] in sar_digi_paper_core ===  rectangles: 7
   SN 1      NOT-IN-TOP-CELL        (0.357,273.280)-(0.358,273.280)  0.000x0.000 um
   SN 11     NOT-IN-TOP-CELL        (0.357,280.560)-(0.358,280.560)  0.000x0.000 um
   SN 3      NOT-IN-TOP-CELL        (0.000,273.140)-(0.850,273.420)  0.850x0.280 um
   SN 9      NOT-IN-TOP-CELL        (0.000,280.420)-(0.850,280.700)  0.850x0.280 um
   SN 4      NOT-IN-TOP-CELL        (0.530,273.150)-(0.790,273.410)  0.260x0.260 um
   SN 8      NOT-IN-TOP-CELL        (0.530,280.430)-(0.790,280.690)  0.260x0.260 um
   SN 5      NOT-IN-TOP-CELL        (0.520,273.140)-(0.800,280.700)  0.280x7.560 um
   layer histogram: {None: 7}

=== SHORT 16 : weight_rd_data[23] - weight_rd_data[24] in sar_digi_paper_core ===  rectangles: 7
   SN 1      NOT-IN-TOP-CELL        (0.357,324.240)-(0.358,324.240)  0.000x0.000 um
   SN 11     NOT-IN-TOP-CELL        (0.357,331.520)-(0.358,331.520)  0.000x0.000 um
   SN 3      NOT-IN-TOP-CELL        (0.000,324.100)-(0.850,324.380)  0.850x0.280 um
   SN 9      NOT-IN-TOP-CELL        (0.000,331.380)-(0.850,331.660)  0.850x0.280 um
   SN 4      NOT-IN-TOP-CELL        (0.530,324.110)-(0.790,324.370)  0.260x0.260 um
   SN 8      NOT-IN-TOP-CELL        (0.530,331.390)-(0.790,331.650)  0.260x0.260 um
   SN 5      NOT-IN-TOP-CELL        (0.520,324.100)-(0.800,331.660)  0.280x7.560 um
   layer histogram: {None: 7}

=== SHORT 17 : weight_rd_data[27] - weight_rd_data[28] in sar_digi_paper_core ===  rectangles: 7
   SN 1      NOT-IN-TOP-CELL        (0.357,353.360)-(0.358,353.360)  0.000x0.000 um
   SN 11     NOT-IN-TOP-CELL        (0.357,360.640)-(0.358,360.640)  0.000x0.000 um
   SN 3      NOT-IN-TOP-CELL        (0.000,353.220)-(0.850,353.500)  0.850x0.280 um
   SN 9      NOT-IN-TOP-CELL        (0.000,360.500)-(0.850,360.780)  0.850x0.280 um
   SN 4      NOT-IN-TOP-CELL        (0.530,353.230)-(0.790,353.490)  0.260x0.260 um
   SN 8      NOT-IN-TOP-CELL        (0.530,360.510)-(0.790,360.770)  0.260x0.260 um
   SN 5      NOT-IN-TOP-CELL        (0.520,353.220)-(0.800,360.780)  0.280x7.560 um
   layer histogram: {None: 7}

=== SHORT 18 : weight_rd_data[2] - weight_rd_data[3] in sar_digi_paper_core ===  rectangles: 7
   SN 1      NOT-IN-TOP-CELL        (0.357,171.360)-(0.358,171.360)  0.000x0.000 um
   SN 11     NOT-IN-TOP-CELL        (0.357,178.640)-(0.358,178.640)  0.000x0.000 um
   SN 3      NOT-IN-TOP-CELL        (0.000,171.220)-(0.850,171.500)  0.850x0.280 um
   SN 9      NOT-IN-TOP-CELL        (0.000,178.500)-(0.850,178.780)  0.850x0.280 um
   SN 4      NOT-IN-TOP-CELL        (0.530,171.230)-(0.790,171.490)  0.260x0.260 um
   SN 8      NOT-IN-TOP-CELL        (0.530,178.510)-(0.790,178.770)  0.260x0.260 um
   SN 5      NOT-IN-TOP-CELL        (0.520,171.220)-(0.800,178.780)  0.280x7.560 um
   layer histogram: {None: 7}

=== SHORT 19 : weight_rd_data[5] - weight_rd_data[6] in sar_digi_paper_core ===  rectangles: 7
   SN 1      NOT-IN-TOP-CELL        (0.357,193.200)-(0.358,193.200)  0.000x0.000 um
   SN 11     NOT-IN-TOP-CELL        (0.357,200.480)-(0.358,200.480)  0.000x0.000 um
   SN 3      NOT-IN-TOP-CELL        (0.000,193.060)-(0.850,193.340)  0.850x0.280 um
   SN 9      NOT-IN-TOP-CELL        (0.000,200.340)-(0.850,200.620)  0.850x0.280 um
   SN 4      NOT-IN-TOP-CELL        (0.530,193.070)-(0.790,193.330)  0.260x0.260 um
   SN 8      NOT-IN-TOP-CELL        (0.530,200.350)-(0.790,200.610)  0.260x0.260 um
   SN 5      NOT-IN-TOP-CELL        (0.520,193.060)-(0.800,200.620)  0.280x7.560 um
   layer histogram: {None: 7}

=== SHORT 20 : weight_rd_data[10] - weight_rd_data[9] in sar_digi_paper_core ===  rectangles: 7
   SN 1      NOT-IN-TOP-CELL        (0.357,229.600)-(0.358,229.600)  0.000x0.000 um
   SN 11     NOT-IN-TOP-CELL        (0.357,222.320)-(0.358,222.320)  0.000x0.000 um
   SN 9      NOT-IN-TOP-CELL        (0.000,222.180)-(0.850,222.460)  0.850x0.280 um
   SN 3      NOT-IN-TOP-CELL        (0.000,229.460)-(0.850,229.740)  0.850x0.280 um
   SN 8      NOT-IN-TOP-CELL        (0.530,222.190)-(0.790,222.450)  0.260x0.260 um
   SN 4      NOT-IN-TOP-CELL        (0.530,229.470)-(0.790,229.730)  0.260x0.260 um
   SN 7      NOT-IN-TOP-CELL        (0.520,222.180)-(0.800,229.740)  0.280x7.560 um
   layer histogram: {None: 7}

=== SHORT 21 : weight_rd_data[20] - weight_rd_data[21] in sar_digi_paper_core ===  rectangles: 7
   SN 1      NOT-IN-TOP-CELL        (0.357,302.400)-(0.358,302.400)  0.000x0.000 um
   SN 12     NOT-IN-TOP-CELL        (0.357,309.680)-(0.358,309.680)  0.000x0.000 um
   SN 3      NOT-IN-TOP-CELL        (0.000,302.260)-(1.510,302.540)  1.510x0.280 um
   SN 10     NOT-IN-TOP-CELL        (0.000,309.540)-(1.510,309.820)  1.510x0.280 um
   SN 4      NOT-IN-TOP-CELL        (1.190,302.270)-(1.450,302.530)  0.260x0.260 um
   SN 9      NOT-IN-TOP-CELL        (1.190,309.550)-(1.450,309.810)  0.260x0.260 um
   SN 5      NOT-IN-TOP-CELL        (1.180,302.260)-(1.460,309.820)  0.280x7.560 um
   layer histogram: {None: 7}

=== SHORT 22 : weight_rd_data[29] - VSS in sar_digi_paper_core ===  rectangles: 9
   SN 1      NOT-IN-TOP-CELL        (0.357,367.920)-(0.358,367.920)  0.000x0.000 um
   SN 75     NOT-IN-TOP-CELL        (412.500,428.100)-(412.500,428.100)  0.000x0.000 um
   SN 3      NOT-IN-TOP-CELL        (0.000,367.780)-(0.850,368.060)  0.850x0.280 um
   SN 4      NOT-IN-TOP-CELL        (0.530,367.790)-(0.790,368.050)  0.260x0.260 um
   SN 5      NOT-IN-TOP-CELL        (0.520,367.780)-(0.800,368.060)  0.280x0.280 um
   SN 60     NOT-IN-TOP-CELL        (412.200,367.840)-(412.800,428.320)  0.600x60.480 um
   SN 6      NOT-IN-TOP-CELL        (0.530,367.790)-(0.790,368.050)  0.260x0.260 um
   SN 59     NOT-IN-TOP-CELL        (412.110,367.790)-(412.370,368.050)  0.260x0.260 um
   SN 58     NOT-IN-TOP-CELL        (0.000,367.520)-(416.000,368.320)  416.000x0.800 um
   layer histogram: {None: 9}

=== SHORT 23 : weight_rd_data[11] - VSS in sar_digi_paper_core ===  rectangles: 9
   SN 1      NOT-IN-TOP-CELL        (0.357,236.880)-(0.358,236.880)  0.000x0.000 um
   SN 105    NOT-IN-TOP-CELL        (412.500,428.100)-(412.500,428.100)  0.000x0.000 um
   SN 3      NOT-IN-TOP-CELL        (0.000,236.740)-(0.850,237.020)  0.850x0.280 um
   SN 4      NOT-IN-TOP-CELL        (0.530,236.750)-(0.790,237.010)  0.260x0.260 um
   SN 5      NOT-IN-TOP-CELL        (0.520,236.740)-(0.800,237.020)  0.280x0.280 um
   SN 60     NOT-IN-TOP-CELL        (412.200,232.140)-(412.800,428.320)  0.600x196.180 um
   SN 6      NOT-IN-TOP-CELL        (0.530,236.750)-(0.790,237.010)  0.260x0.260 um
   SN 59     NOT-IN-TOP-CELL        (412.110,236.750)-(412.370,237.010)  0.260x0.260 um
   SN 58     NOT-IN-TOP-CELL        (0.000,236.480)-(416.000,237.280)  416.000x0.800 um
   layer histogram: {None: 9}

=== SHORT 24 : weight_rd_data[14] - VSS in sar_digi_paper_core ===  rectangles: 9
   SN 1      NOT-IN-TOP-CELL        (0.357,258.720)-(0.358,258.720)  0.000x0.000 um
   SN 98     NOT-IN-TOP-CELL        (412.500,428.100)-(412.500,428.100)  0.000x0.000 um
   SN 3      NOT-IN-TOP-CELL        (0.000,258.580)-(0.850,258.860)  0.850x0.280 um
   SN 4      NOT-IN-TOP-CELL        (0.530,258.590)-(0.790,258.850)  0.260x0.260 um
   SN 5      NOT-IN-TOP-CELL        (0.520,256.850)-(0.800,258.860)  0.280x2.010 um
   SN 60     NOT-IN-TOP-CELL        (412.200,252.540)-(412.800,428.320)  0.600x175.780 um
   SN 6      NOT-IN-TOP-CELL        (0.530,256.910)-(0.790,257.170)  0.260x0.260 um
   SN 59     NOT-IN-TOP-CELL        (412.110,256.910)-(412.370,257.170)  0.260x0.260 um
   SN 58     NOT-IN-TOP-CELL        (0.000,256.640)-(416.000,257.440)  416.000x0.800 um
   layer histogram: {None: 9}

=== SHORT 25 : weight_rd_data[15] - VSS in sar_digi_paper_core ===  rectangles: 9
   SN 1      NOT-IN-TOP-CELL        (0.357,266.000)-(0.358,266.000)  0.000x0.000 um
   SN 96     NOT-IN-TOP-CELL        (412.500,428.100)-(412.500,428.100)  0.000x0.000 um
   SN 3      NOT-IN-TOP-CELL        (0.000,265.860)-(0.850,266.140)  0.850x0.280 um
   SN 4      NOT-IN-TOP-CELL        (0.530,265.870)-(0.790,266.130)  0.260x0.260 um
   SN 5      NOT-IN-TOP-CELL        (0.520,265.860)-(0.800,267.310)  0.280x1.450 um
   SN 60     NOT-IN-TOP-CELL        (412.200,264.540)-(412.800,428.320)  0.600x163.780 um
   SN 6      NOT-IN-TOP-CELL        (0.530,266.990)-(0.790,267.250)  0.260x0.260 um
   SN 59     NOT-IN-TOP-CELL        (412.110,266.990)-(412.370,267.250)  0.260x0.260 um
   SN 58     NOT-IN-TOP-CELL        (0.000,266.720)-(412.320,267.520)  412.320x0.800 um
   layer histogram: {None: 9}

=== SHORT 26 : weight_rd_data[25] - VSS in sar_digi_paper_core ===  rectangles: 9
   SN 1      NOT-IN-TOP-CELL        (0.357,338.800)-(0.358,338.800)  0.000x0.000 um
   SN 81     NOT-IN-TOP-CELL        (412.500,428.100)-(412.500,428.100)  0.000x0.000 um
   SN 3      NOT-IN-TOP-CELL        (0.000,338.660)-(0.850,338.940)  0.850x0.280 um
   SN 4      NOT-IN-TOP-CELL        (0.530,338.670)-(0.790,338.930)  0.260x0.260 um
   SN 5      NOT-IN-TOP-CELL        (0.520,337.490)-(0.800,338.940)  0.280x1.450 um
   SN 60     NOT-IN-TOP-CELL        (412.200,331.840)-(412.800,428.320)  0.600x96.480 um
   SN 6      NOT-IN-TOP-CELL        (0.530,337.550)-(0.790,337.810)  0.260x0.260 um
   SN 59     NOT-IN-TOP-CELL        (412.110,337.550)-(412.370,337.810)  0.260x0.260 um
   SN 58     NOT-IN-TOP-CELL        (0.000,337.280)-(412.320,338.080)  412.320x0.800 um
   layer histogram: {None: 9}

=== SHORT 27 : weight_rd_data[22] - VSS in sar_digi_paper_core ===  rectangles: 8
   SN 1      NOT-IN-TOP-CELL        (0.357,316.960)-(0.358,316.960)  0.000x0.000 um
   SN 86     NOT-IN-TOP-CELL        (412.500,428.100)-(412.500,428.100)  0.000x0.000 um
   SN 3      NOT-IN-TOP-CELL        (0.000,316.820)-(0.850,317.100)  0.850x0.280 um
   SN 4      NOT-IN-TOP-CELL        (0.530,316.830)-(0.790,317.090)  0.260x0.260 um
   SN 5      NOT-IN-TOP-CELL        (0.520,316.820)-(0.800,317.100)  0.280x0.280 um
   SN 62     NOT-IN-TOP-CELL        (412.200,313.840)-(412.800,428.320)  0.600x114.480 um
   SN 6      NOT-IN-TOP-CELL        (0.530,316.830)-(0.790,317.090)  0.260x0.260 um
   SN 61     NOT-IN-TOP-CELL        (412.110,317.390)-(412.370,317.650)  0.260x0.260 um
   layer histogram: {None: 8}

=== SHORT 28 : weight_rd_data[18] - VSS in sar_digi_paper_core ===  rectangles: 8
   SN 1      NOT-IN-TOP-CELL        (0.357,287.840)-(0.358,287.840)  0.000x0.000 um
   SN 95     NOT-IN-TOP-CELL        (412.500,428.100)-(412.500,428.100)  0.000x0.000 um
   SN 3      NOT-IN-TOP-CELL        (0.000,287.700)-(0.850,287.980)  0.850x0.280 um
   SN 4      NOT-IN-TOP-CELL        (0.530,287.710)-(0.790,287.970)  0.260x0.260 um
   SN 5      NOT-IN-TOP-CELL        (0.520,287.700)-(0.800,287.980)  0.280x0.280 um
   SN 62     NOT-IN-TOP-CELL        (412.200,282.540)-(412.800,428.320)  0.600x145.780 um
   SN 6      NOT-IN-TOP-CELL        (0.530,287.710)-(0.790,287.970)  0.260x0.260 um
   SN 61     NOT-IN-TOP-CELL        (412.110,287.150)-(412.370,287.410)  0.260x0.260 um
   layer histogram: {None: 8}

=== SHORT 29 : weight_rd_data[26] - VSS in sar_digi_paper_core ===  rectangles: 8
   SN 1      NOT-IN-TOP-CELL        (0.357,346.080)-(0.358,346.080)  0.000x0.000 um
   SN 225    NOT-IN-TOP-CELL        (412.500,428.100)-(412.500,428.100)  0.000x0.000 um
   SN 3      NOT-IN-TOP-CELL        (0.000,345.940)-(0.850,346.220)  0.850x0.280 um
   SN 4      NOT-IN-TOP-CELL        (0.530,345.950)-(0.790,346.210)  0.260x0.260 um
   SN 5      NOT-IN-TOP-CELL        (0.520,345.940)-(0.800,347.950)  0.280x2.010 um
   SN 206    NOT-IN-TOP-CELL        (412.200,343.840)-(412.800,428.320)  0.600x84.480 um
   SN 6      NOT-IN-TOP-CELL        (0.530,347.630)-(0.790,347.890)  0.260x0.260 um
   SN 205    NOT-IN-TOP-CELL        (412.110,347.630)-(412.370,347.890)  0.260x0.260 um
   layer histogram: {None: 8}

=== SHORT 30 : weight_rd_data[19] - VSS in sar_digi_paper_core ===  rectangles: 8
   SN 1      NOT-IN-TOP-CELL        (0.357,295.120)-(0.358,295.120)  0.000x0.000 um
   SN 240    NOT-IN-TOP-CELL        (412.500,428.100)-(412.500,428.100)  0.000x0.000 um
   SN 3      NOT-IN-TOP-CELL        (0.000,294.980)-(0.850,295.260)  0.850x0.280 um
   SN 4      NOT-IN-TOP-CELL        (0.530,294.990)-(0.790,295.250)  0.260x0.260 um
   SN 5      NOT-IN-TOP-CELL        (0.520,294.980)-(0.800,297.550)  0.280x2.570 um
   SN 209    NOT-IN-TOP-CELL        (412.200,294.540)-(412.800,428.320)  0.600x133.780 um
   SN 6      NOT-IN-TOP-CELL        (0.530,297.230)-(0.790,297.490)  0.260x0.260 um
   SN 208    NOT-IN-TOP-CELL        (412.110,297.230)-(412.370,297.490)  0.260x0.260 um
   layer histogram: {None: 8}

=== SHORT 31 : weight_rd_data[1] - VSS in sar_digi_paper_core ===  rectangles: 8
   SN 1      NOT-IN-TOP-CELL        (0.357,164.080)-(0.358,164.080)  0.000x0.000 um
   SN 289    NOT-IN-TOP-CELL        (412.500,428.100)-(412.500,428.100)  0.000x0.000 um
   SN 3      NOT-IN-TOP-CELL        (0.000,163.940)-(0.850,164.220)  0.850x0.280 um
   SN 4      NOT-IN-TOP-CELL        (0.530,163.950)-(0.790,164.210)  0.260x0.260 um
   SN 5      NOT-IN-TOP-CELL        (0.520,163.940)-(0.800,166.510)  0.280x2.570 um
   SN 229    NOT-IN-TOP-CELL        (412.200,162.100)-(412.800,428.320)  0.600x266.220 um
   SN 6      NOT-IN-TOP-CELL        (0.530,166.190)-(0.790,166.450)  0.260x0.260 um
   SN 228    NOT-IN-TOP-CELL        (412.110,166.190)-(412.370,166.450)  0.260x0.260 um
   layer histogram: {None: 8}

=== SHORT 32 : weight_rd_data[4] - VSS in sar_digi_paper_core ===  rectangles: 8
   SN 1      NOT-IN-TOP-CELL        (0.357,185.920)-(0.358,185.920)  0.000x0.000 um
   SN 310    NOT-IN-TOP-CELL        (412.500,428.100)-(412.500,428.100)  0.000x0.000 um
   SN 3      NOT-IN-TOP-CELL        (0.000,185.780)-(0.850,186.060)  0.850x0.280 um
   SN 4      NOT-IN-TOP-CELL        (0.530,185.790)-(0.790,186.050)  0.260x0.260 um
   SN 5      NOT-IN-TOP-CELL        (0.520,185.780)-(0.800,186.060)  0.280x0.280 um
   SN 254    NOT-IN-TOP-CELL        (412.200,186.100)-(412.800,428.320)  0.600x242.220 um
   SN 6      NOT-IN-TOP-CELL        (0.530,185.790)-(0.790,186.050)  0.260x0.260 um
   SN 253    NOT-IN-TOP-CELL        (412.110,186.350)-(412.370,186.610)  0.260x0.260 um
   layer histogram: {None: 8}

=== SHORT 33 : weight_rd_data[8] - VSS in sar_digi_paper_core ===  rectangles: 8
   SN 1      NOT-IN-TOP-CELL        (0.357,215.040)-(0.358,215.040)  0.000x0.000 um
   SN 312    NOT-IN-TOP-CELL        (412.500,428.100)-(412.500,428.100)  0.000x0.000 um
   SN 3      NOT-IN-TOP-CELL        (0.000,214.900)-(0.850,215.180)  0.850x0.280 um
   SN 4      NOT-IN-TOP-CELL        (0.530,214.910)-(0.790,215.170)  0.260x0.260 um
   SN 5      NOT-IN-TOP-CELL        (0.520,214.900)-(0.800,216.910)  0.280x2.010 um
   SN 264    NOT-IN-TOP-CELL        (412.200,214.140)-(412.800,428.320)  0.600x214.180 um
   SN 6      NOT-IN-TOP-CELL        (0.530,216.590)-(0.790,216.850)  0.260x0.260 um
   SN 263    NOT-IN-TOP-CELL        (412.110,216.590)-(412.370,216.850)  0.260x0.260 um
   layer histogram: {None: 8}

=== SHORT 34 : weight_rd_data[0] - VSS in sar_digi_paper_core ===  rectangles: 8
   SN 1      NOT-IN-TOP-CELL        (0.357,156.800)-(0.358,156.800)  0.000x0.000 um
   SN 326    NOT-IN-TOP-CELL        (412.500,428.100)-(412.500,428.100)  0.000x0.000 um
   SN 3      NOT-IN-TOP-CELL        (0.000,156.660)-(0.850,156.940)  0.850x0.280 um
   SN 4      NOT-IN-TOP-CELL        (0.530,156.670)-(0.790,156.930)  0.260x0.260 um
   SN 5      NOT-IN-TOP-CELL        (0.520,156.660)-(0.800,156.940)  0.280x0.280 um
   SN 265    NOT-IN-TOP-CELL        (412.200,156.100)-(412.800,428.320)  0.600x272.220 um
   SN 6      NOT-IN-TOP-CELL        (0.530,156.670)-(0.790,156.930)  0.260x0.260 um
   SN 264    NOT-IN-TOP-CELL        (412.110,156.110)-(412.370,156.370)  0.260x0.260 um
   layer histogram: {None: 8}

=== SHORT 35 : weight_rd_data[7] - VSS in sar_digi_paper_core ===  rectangles: 8
   SN 1      NOT-IN-TOP-CELL        (0.357,207.760)-(0.358,207.760)  0.000x0.000 um
   SN 339    NOT-IN-TOP-CELL        (412.500,428.100)-(412.500,428.100)  0.000x0.000 um
   SN 3      NOT-IN-TOP-CELL        (0.000,207.620)-(0.850,207.900)  0.850x0.280 um
   SN 4      NOT-IN-TOP-CELL        (0.530,207.630)-(0.790,207.890)  0.260x0.260 um
   SN 5      NOT-IN-TOP-CELL        (0.520,206.450)-(0.800,207.900)  0.280x1.450 um
   SN 289    NOT-IN-TOP-CELL        (412.200,202.140)-(412.800,428.320)  0.600x226.180 um
   SN 6      NOT-IN-TOP-CELL        (0.530,206.510)-(0.790,206.770)  0.260x0.260 um
   SN 288    NOT-IN-TOP-CELL        (412.110,206.510)-(412.370,206.770)  0.260x0.260 um
   layer histogram: {None: 8}
