structs: 225

name                       shapes  layers  texts  layers used                        referenced by
sar_digi_paper_core         38014       6      0  61,62,63,64,65,66                  out=34356 in=0
dffs_4xawwfcwwwwd6szgjy       170       7      0  10,14,30,40,43,50,61               out=0 in=1
add32_1xaww3ywwww9be2s7y      145       7      0  10,14,30,40,43,50,61               out=0 in=1
addf_1xaww3ywwwwcdtdkry       141       7      0  10,14,30,40,43,50,61               out=0 in=1
dffs_2xaww3ywwwwjuz67qy       137       7      0  10,14,30,40,43,50,61               out=0 in=1
dffs_lxawwzywwwwqic91sy       129       7      0  10,14,30,40,43,50,61               out=0 in=1
addfh_lxawwycwwwwoq67ray      128       7      0  10,14,30,40,43,50,61               out=0 in=1
dffs_1xawwzywwwwjerv2iy       127       7      0  10,14,30,40,43,50,61               out=0 in=1
tlatn_lxawwwywwwwj55kkly       78       7      0  10,14,30,40,43,50,61               out=0 in=1
buf_16xaww2ywwwwe455muy        77       7      0  10,14,30,40,43,50,61               out=0 in=1
addh_lxawwwywwwwgw7eg7y        77       7      0  10,14,30,40,43,50,61               out=0 in=1
oai22_2xawwxwwwwwy58g0iy       71       7      0  10,14,30,40,43,50,61               out=0 in=1
aoi211_4xaww3wwwwwj5rcriy       68       7      0  10,14,30,40,43,50,61               out=0 in=1
aoi22_2xawwxwwwww8g9oysy       65       7      0  10,14,30,40,43,50,61               out=0 in=1
buf_12xaww3wwwwwyvz8gwy        64       7      0  10,14,30,40,43,50,61               out=0 in=1
xnor2_1xawwpwwwwwnqsjjcy       63       7      0  10,14,30,40,43,50,61               out=0 in=1
aoi222_1xawwpwwwwwl1f2fcy       63       7      0  10,14,30,40,43,50,61               out=0 in=1
aoi211_2xawwxwwwww9fnmziy       62       7      0  10,14,30,40,43,50,61               out=0 in=1
xor2_1xawwpwwwwwjffgwmy        61       7      0  10,14,30,40,43,50,61               out=0 in=1
aoi222_lxawwpwwwwwmt1chjy       60       7      0  10,14,30,40,43,50,61               out=0 in=1
xor2_lxawwpwwwwwnzsjnty        60       7      0  10,14,30,40,43,50,61               out=0 in=1
xnor2_lxawwpwwwww14qlpjy       60       7      0  10,14,30,40,43,50,61               out=0 in=1
mux2_lxawwpwwwww54gic2y        57       7      0  10,14,30,40,43,50,61               out=0 in=1
aoi221_lxaww9wwwwwmdub9ly       55       7      0  10,14,30,40,43,50,61               out=0 in=1
oai2bb2_lxaww9wwwwweyjgwry       53       7      0  10,14,30,40,43,50,61               out=0 in=1
and4_lxawwewwwwwz726o2y        53       7      0  10,14,30,40,43,50,61               out=0 in=1
buf_8xawwxwwwwwv88g1ty         52       7      0  10,14,30,40,43,50,61               out=0 in=1
nand4b_lxawwewwwww9qed2ry       52       7      0  10,14,30,40,43,50,61               out=0 in=1
oai221_lxaww9wwwwwbani42y       52       7      0  10,14,30,40,43,50,61               out=0 in=1
aoi2bb2_1xaww9wwwwwnq1hgiy       52       7      0  10,14,30,40,43,50,61               out=0 in=1
aoi2bb2_lxaww9wwwww5easawy       52       7      0  10,14,30,40,43,50,61               out=0 in=1
muxi2_1xaww9wwwwwnqtgdly       51       7      0  10,14,30,40,43,50,61               out=0 in=1
muxi2_lxaww9wwwww5ekapry       51       7      0  10,14,30,40,43,50,61               out=0 in=1
or4_lxawwewwwwwi943wly         51       7      0  10,14,30,40,43,50,61               out=0 in=1
nand4b_1xaww9wwwwwz7lhndy       50       7      0  10,14,30,40,43,50,61               out=0 in=1
nor4b_lxawwewwwwwch2vqwy       50       7      0  10,14,30,40,43,50,61               out=0 in=1
or4_1xawwewwwwwk6cqsay         50       7      0  10,14,30,40,43,50,61               out=0 in=1
aoi32_lxaww9wwwwwaway2ry       49       7      0  10,14,30,40,43,50,61               out=0 in=1
aoi211_1xaww6wwwwwm6vsbyy       49       7      0  10,14,30,40,43,50,61               out=0 in=1
nor3_2xaww9wwwwwrdlg32y        49       7      0  10,14,30,40,43,50,61               out=0 in=1

=== summary by layer-set signature ===
   10,14,30,40,43,50,61                                         109 struct(s)
   127,141                                                      109 struct(s)
   61,62,70                                                     2 struct(s)
   61,62,63,64,65,66                                            1 struct(s)
   62,63,71                                                     1 struct(s)
   63,64,72                                                     1 struct(s)
   64,65,73                                                     1 struct(s)
   65,66,74                                                     1 struct(s)

=== how many structs contain diffusion(10)/poly(30)? ===
   layer 10 present in 109 structs; layer 30 in 109
   total shapes on layer 10 across file: 517
   total shapes on layer 30 across file: 1534
