cell                 : sar_digi_paper_core
labels               : 178  (signal 176, supply 2)
M1 rails detected    : 86
M2 straps detected   : 34

=== signal pins whose own shape overlaps a rail or a strap ===
   clk                          M2 (421.600,0.000)-(421.880,0.715)  -> M1-rail
   dec_clk                      M2 (411.040,0.000)-(411.320,0.715)  -> M1-rail
   rst_n                        M2 (402.460,0.000)-(402.740,0.715)  -> M1-rail
   start_calib                  M2 (393.220,0.000)-(393.500,0.715)  -> M1-rail
   calib_comp_out               M2 (383.320,0.000)-(383.600,0.715)  -> M1-rail
   calib_done                   M2 (373.420,0.000)-(373.700,0.715)  -> M1-rail
   calib_done_pulse             M2 (364.180,0.000)-(364.460,0.715)  -> M1-rail
   calib_mode_en                M2 (354.280,0.000)-(354.560,0.715)  -> M1-rail
   dac_p_force[19]              M2 (345.040,0.000)-(345.320,0.715)  -> M1-rail
   dac_p_force[18]              M2 (335.140,0.000)-(335.420,0.715)  -> M1-rail
   dac_p_force[17]              M2 (326.560,0.000)-(326.840,0.715)  -> M1-rail
   dac_p_force[16]              M2 (316.000,0.000)-(316.280,0.715)  -> M1-rail
   dac_p_force[15]              M2 (306.100,0.000)-(306.380,0.715)  -> M1-rail
   dac_p_force[14]              M2 (296.860,0.000)-(297.140,0.715)  -> M1-rail
   dac_p_force[13]              M2 (286.300,0.000)-(286.580,0.715)  -> M1-rail
   dac_p_force[12]              M2 (277.720,0.000)-(278.000,0.715)  -> M1-rail
   dac_p_force[11]              M2 (267.820,0.000)-(268.100,0.715)  -> M1-rail
   dac_p_force[10]              M2 (258.580,0.000)-(258.860,0.715)  -> M1-rail
   dac_p_force[9]               M2 (248.680,0.000)-(248.960,0.715)  -> M1-rail
   dac_p_force[8]               M2 (238.780,0.000)-(239.060,0.715)  -> M1-rail
   dac_p_force[7]               M2 (229.540,0.000)-(229.820,0.715)  -> M1-rail
   dac_p_force[6]               M2 (219.640,0.000)-(219.920,0.715)  -> M1-rail
   dac_p_force[5]               M2 (210.400,0.000)-(210.680,0.715)  -> M1-rail
   dac_p_force[4]               M2 (201.160,0.000)-(201.440,0.715)  -> M1-rail
   dac_p_force[3]               M2 (191.260,0.000)-(191.540,0.715)  -> M1-rail
   dac_p_force[2]               M2 (181.360,0.000)-(181.640,0.715)  -> M1-rail
   dac_p_force[1]               M2 (171.460,0.000)-(171.740,0.715)  -> M1-rail
   dac_p_force[0]               M2 (160.900,0.000)-(161.180,0.715)  -> M1-rail
   dac_n_force[19]              M2 (152.320,0.000)-(152.600,0.715)  -> M1-rail
   dac_n_force[18]              M2 (143.080,0.000)-(143.360,0.715)  -> M1-rail
   dac_n_force[17]              M2 (133.180,0.000)-(133.460,0.715)  -> M1-rail
   dac_n_force[16]              M2 (123.280,0.000)-(123.560,0.715)  -> M1-rail
   dac_n_force[15]              M2 (114.040,0.000)-(114.320,0.715)  -> M1-rail
   dac_n_force[14]              M2 (104.140,0.000)-(104.420,0.715)  -> M1-rail
   dac_n_force[13]              M2 (94.900,0.000)-(95.180,0.715)  -> M1-rail
   dac_n_force[12]              M2 (85.000,0.000)-(85.280,0.715)  -> M1-rail
   dac_n_force[11]              M2 (76.420,0.000)-(76.700,0.715)  -> M1-rail
   dac_n_force[10]              M2 (65.860,0.000)-(66.140,0.715)  -> M1-rail
   dac_n_force[9]               M2 (56.620,0.000)-(56.900,0.715)  -> M1-rail
   dac_n_force[8]               M2 (46.720,0.000)-(47.000,0.715)  -> M1-rail
   dac_n_force[7]               M2 (36.160,0.000)-(36.440,0.715)  -> M1-rail
   dac_n_force[6]               M2 (27.580,0.000)-(27.860,0.715)  -> M1-rail
   dac_n_force[5]               M2 (17.680,0.000)-(17.960,0.715)  -> M1-rail
   dac_n_force[4]               M2 (8.440,0.000)-(8.720,0.715)  -> M1-rail
   raw_bits_i[1]                M2 (421.600,427.685)-(421.880,428.400)  -> M1-rail
   raw_bits_i[0]                M2 (411.040,427.685)-(411.320,428.400)  -> M1-rail
   raw_code_o[19]               M2 (402.460,427.685)-(402.740,428.400)  -> M1-rail
   raw_code_o[18]               M2 (393.220,427.685)-(393.500,428.400)  -> M1-rail
   raw_code_o[17]               M2 (383.320,427.685)-(383.600,428.400)  -> M1-rail
   raw_code_o[16]               M2 (373.420,427.685)-(373.700,428.400)  -> M1-rail
   raw_code_o[15]               M2 (364.180,427.685)-(364.460,428.400)  -> M1-rail
   raw_code_o[14]               M2 (354.280,427.685)-(354.560,428.400)  -> M1-rail
   raw_code_o[13]               M2 (345.040,427.685)-(345.320,428.400)  -> M1-rail
   raw_code_o[12]               M2 (335.140,427.685)-(335.420,428.400)  -> M1-rail
   raw_code_o[11]               M2 (325.900,427.685)-(326.180,428.400)  -> M1-rail
   raw_code_o[10]               M2 (316.000,427.685)-(316.280,428.400)  -> M1-rail
   raw_code_o[9]                M2 (306.100,427.685)-(306.380,428.400)  -> M1-rail
   raw_code_o[8]                M2 (296.860,427.685)-(297.140,428.400)  -> M1-rail
   raw_code_o[7]                M2 (288.940,427.685)-(289.220,428.400)  -> M1-rail
   raw_code_o[6]                M2 (277.720,427.685)-(278.000,428.400)  -> M1-rail
   raw_code_o[5]                M2 (267.820,427.685)-(268.100,428.400)  -> M1-rail
   raw_code_o[4]                M2 (258.580,427.685)-(258.860,428.400)  -> M1-rail
   raw_code_o[3]                M2 (248.680,427.685)-(248.960,428.400)  -> M1-rail
   raw_code_o[2]                M2 (238.780,427.685)-(239.060,428.400)  -> M1-rail
   raw_code_o[1]                M2 (229.540,427.685)-(229.820,428.400)  -> M1-rail
   raw_code_o[0]                M2 (219.640,427.685)-(219.920,428.400)  -> M1-rail
   raw_code_valid_o             M2 (210.400,427.685)-(210.680,428.400)  -> M1-rail
   w_wr_en                      M2 (201.160,427.685)-(201.440,428.400)  -> M1-rail
   w_wr_addr[4]                 M2 (191.260,427.685)-(191.540,428.400)  -> M1-rail
   w_wr_addr[3]                 M2 (181.360,427.685)-(181.640,428.400)  -> M1-rail
   w_wr_addr[2]                 M2 (171.460,427.685)-(171.740,428.400)  -> M1-rail
   w_wr_addr[1]                 M2 (160.900,427.685)-(161.180,428.400)  -> M1-rail
   w_wr_addr[0]                 M2 (152.320,427.685)-(152.600,428.400)  -> M1-rail
   w_wr_data[29]                M2 (143.080,427.685)-(143.360,428.400)  -> M1-rail
   w_wr_data[28]                M2 (133.180,427.685)-(133.460,428.400)  -> M1-rail
   w_wr_data[27]                M2 (123.280,427.685)-(123.560,428.400)  -> M1-rail
   w_wr_data[26]                M2 (114.040,427.685)-(114.320,428.400)  -> M1-rail
   w_wr_data[25]                M2 (104.140,427.685)-(104.420,428.400)  -> M1-rail
   w_wr_data[24]                M2 (94.900,427.685)-(95.180,428.400)  -> M1-rail
   w_wr_data[23]                M2 (85.000,427.685)-(85.280,428.400)  -> M1-rail
   w_wr_data[22]                M2 (76.420,427.685)-(76.700,428.400)  -> M1-rail
   w_wr_data[21]                M2 (65.860,427.685)-(66.140,428.400)  -> M1-rail
   w_wr_data[20]                M2 (56.620,427.685)-(56.900,428.400)  -> M1-rail
   w_wr_data[19]                M2 (46.720,427.685)-(47.000,428.400)  -> M1-rail
   w_wr_data[18]                M2 (36.160,427.685)-(36.440,428.400)  -> M1-rail
   w_wr_data[17]                M2 (27.580,427.685)-(27.860,428.400)  -> M1-rail
   w_wr_data[16]                M2 (17.680,427.685)-(17.960,428.400)  -> M1-rail
   w_wr_data[15]                M2 (8.440,427.685)-(8.720,428.400)  -> M1-rail
   dac_n_force[2]               M3 (428.945,408.100)-(429.660,408.380)  -> M1-rail
   calib_overrange_bits[13]     M3 (428.945,312.340)-(429.660,312.620)  -> M1-rail
   calib_overrange_bits[2]      M3 (428.945,206.500)-(429.660,206.780)  -> M1-rail
   raw_bits_i[12]               M3 (428.945,100.660)-(429.660,100.940)  -> M1-rail
   raw_bits_i[2]                M3 (428.945,4.900)-(429.660,5.180)  -> M1-rail
   w_wr_data[13]                M3 (0.000,408.100)-(0.715,408.380)  -> M1-rail
   w_wr_data[3]                 M3 (0.000,312.340)-(0.715,312.620)  -> M1-rail
   srm_ones_count[4]            M3 (0.000,206.500)-(0.715,206.780)  -> M1-rail
   srm_stalled                  M3 (0.000,100.660)-(0.715,100.940)  -> M1-rail
   srm_residue_o[0]             M3 (0.000,4.900)-(0.715,5.180)  -> M1-rail

=== supply pins (informational: they are supposed to touch the grid) ===
   VDD    M2 at (425.000,428.100) touches ['M1-rail', 'M2-strap']
   VSS    M2 at (412.500,428.100) touches ['M1-rail', 'M2-strap']

VERDICT: FAIL  (98 of 176 signal pins overlap a power structure)
