############ v5.1 FLOW DONE ############

=== stage markers ===
12:### STAGE 0 : PREFLIGHT      [20:19:00  elapsed 0s]
61:### STAGE 1 : SYNTHESIS (DC, both arms)      [20:19:00  elapsed 0s]
75:DC_ARM status=OK tag= libmode=typical area=97892.625106
88:DC_ARM status=OK tag=_ss libmode=slow area=101581.602856
112:### STAGE 2 : PLACE & ROUTE (Fusion Compiler)      [20:20:07  elapsed 67s]
118:FC_RC=0
187:### STAGE 3 : SIGN-OFF STA (PrimeTime, 3 corners + OCV sweep)      [20:24:17  elapsed 317s]
203:### STAGE 4 : CALIBRE DRC on the delivered GDS      [20:26:36  elapsed 456s]
207:    DRC_RC=0   elapsed 18 s
213:### STAGE 5 : CALIBRE LVS      [20:27:08  elapsed 488s]
224:### STAGE 6 : MANIFEST      [20:27:35  elapsed 515s]
302:  REPRO status=BASELINE_SET

=== the pin constraint line actually present in the script? ===
574:# `-stacking_allowed` is THIS release's own control for exactly that situation
582:run "set_block_pin_constraints" {set_block_pin_constraints -self -stacking_allowed none}
138:##    set_block_pin_constraints=OK

=== did place_pins still place all pins? ===
830:run "place_pins" {place_pins -self}
831:Information: Starting 'place_pins' (FLW-8000)
844:Number of block ports: 176
848:Number of pins created: 176
851:Information: Ending   'place_pins' (FLW-8001)
853:#### STAGE OK: place_pins
16380:##    place_pins=OK

=== result env ===
dc_area_typical=97892.625106
fc_util=0.5558
sta_typical_clk_slack=0.9807
sta_slow_clk_slack=0.7947
sta_fast_clk_slack=1.0732
delivered_gds_bytes=4243084
die_width_um=430.520
die_height_um=429.340
die_area_um2=184839.457
drc_results=3402
lvs_verdict=INCORRECT
# delivered_gds_md5=e846246127c86f3a4256a34de2ff7344

=== shorts now ===
ssh : grep: /home/<user>/sar16_work/proj_paper_core/calibre/lvs/lvs.rep.shorts: No such file or directory
At line:1 char:239
+ ... 1.sh" 2>&1; ssh -o BatchMode=yes <user>@<vm-ip> "sed -i 's/\r$// ...
+                 ~~~~~~~~~~~~~~~~~~~~~~~~~~~~~~~~~~~~~~~~~~~~~~~~~~~~~~~~~
    + CategoryInfo          : NotSpecified: (grep: /home/yia...le or directory:String) [], RemoteException
    + FullyQualifiedErrorId : NativeCommandError
 
grep: /home/<user>/sar16_work/proj_paper_core/calibre/lvs/lvs.rep.shorts: No such file or directory

=== LVS object counts ===
INITIAL NUMBERS OF OBJECTS
--------------------------

                Layout    Source         Component Type
                ------    ------         --------------
 Ports:            178       176    *

 Nets:           26761     26875    *

 Instances:      25298     24992    *    MN (4 pins)
                 25388     25034    *    MP (4 pins)
                ------    ------
 Total Inst:     50686     50026

=== stash artifacts for local analysis ===
total 4868
drwxrwxr-x.  2 <user> <user>      91 Sep 18 20:27 .
drwxrwxrwt. 69 root root   28672 Sep 18 20:27 ..
-rw-rw-r--.  1 <user> <user>  290874 Sep 18 20:27 sar16.cdl
-rw-rw-r--.  1 <user> <user> 4243084 Sep 18 20:26 sar_digi_paper_core_merged.gds
-rw-rw-r--.  1 <user> <user>  397678 Sep 18 20:27 sar_digi_paper_core.sp
WAITER_DONE
