cell                 : sar_digi_paper_core
labels               : 234  (signal 232, supply 2)
M1 rails detected    : 86
M2 straps detected   : 34

=== signal pins whose own shape overlaps a rail or a strap ===
   clk                          M2 (422.920,0.000)-(423.200,0.715)  -> M1-rail
   dec_clk                      M2 (415.660,0.000)-(415.940,0.715)  -> M1-rail
   rst_n                        M2 (408.400,0.000)-(408.680,0.715)  -> M1-rail
   start_calib                  M2 (401.140,0.000)-(401.420,0.715)  -> M1-rail
   calib_comp_out               M2 (393.880,0.000)-(394.160,0.715)  -> M1-rail
   calib_done                   M2 (385.960,0.000)-(386.240,0.715)  -> M1-rail
   calib_done_pulse             M2 (379.360,0.000)-(379.640,0.715)  -> M1-rail
   calib_mode_en                M2 (372.100,0.000)-(372.380,0.715)  -> M1-rail
   dac_p_force[19]              M2 (364.840,0.000)-(365.120,0.715)  -> M1-rail
   dac_p_force[18]              M2 (357.580,0.000)-(357.860,0.715)  -> M1-rail
   dac_p_force[17]              M2 (350.980,0.000)-(351.260,0.715)  -> M1-rail
   dac_p_force[16]              M2 (342.400,0.000)-(342.680,0.715)  -> M1-rail
   dac_p_force[15]              M2 (335.140,0.000)-(335.420,0.715)  -> M1-rail
   dac_p_force[14]              M2 (327.880,0.000)-(328.160,0.715)  -> M1-rail
   dac_p_force[13]              M2 (320.620,0.000)-(320.900,0.715)  -> M1-rail
   dac_p_force[12]              M2 (313.360,0.000)-(313.640,0.715)  -> M1-rail
   dac_p_force[11]              M2 (306.100,0.000)-(306.380,0.715)  -> M1-rail
   dac_p_force[10]              M2 (298.180,0.000)-(298.460,0.715)  -> M1-rail
   dac_p_force[9]               M2 (291.580,0.000)-(291.860,0.715)  -> M1-rail
   dac_p_force[8]               M2 (284.320,0.000)-(284.600,0.715)  -> M1-rail
   dac_p_force[7]               M2 (277.060,0.000)-(277.340,0.715)  -> M1-rail
   dac_p_force[6]               M2 (269.800,0.000)-(270.080,0.715)  -> M1-rail
   dac_p_force[5]               M2 (261.220,0.000)-(261.500,0.715)  -> M1-rail
   dac_p_force[4]               M2 (255.280,0.000)-(255.560,0.715)  -> M1-rail
   dac_p_force[3]               M2 (248.020,0.000)-(248.300,0.715)  -> M1-rail
   dac_p_force[2]               M2 (240.760,0.000)-(241.040,0.715)  -> M1-rail
   dac_p_force[1]               M2 (233.500,0.000)-(233.780,0.715)  -> M1-rail
   dac_p_force[0]               M2 (226.240,0.000)-(226.520,0.715)  -> M1-rail
   dac_n_force[19]              M2 (218.980,0.000)-(219.260,0.715)  -> M1-rail
   dac_n_force[18]              M2 (211.060,0.000)-(211.340,0.715)  -> M1-rail
   dac_n_force[17]              M2 (203.800,0.000)-(204.080,0.715)  -> M1-rail
   dac_n_force[16]              M2 (196.540,0.000)-(196.820,0.715)  -> M1-rail
   dac_n_force[15]              M2 (189.280,0.000)-(189.560,0.715)  -> M1-rail
   dac_n_force[14]              M2 (182.020,0.000)-(182.300,0.715)  -> M1-rail
   dac_n_force[13]              M2 (176.080,0.000)-(176.360,0.715)  -> M1-rail
   dac_n_force[12]              M2 (167.500,0.000)-(167.780,0.715)  -> M1-rail
   dac_n_force[11]              M2 (160.240,0.000)-(160.520,0.715)  -> M1-rail
   dac_n_force[10]              M2 (152.980,0.000)-(153.260,0.715)  -> M1-rail
   dac_n_force[9]               M2 (145.720,0.000)-(146.000,0.715)  -> M1-rail
   dac_n_force[8]               M2 (138.460,0.000)-(138.740,0.715)  -> M1-rail
   dac_n_force[7]               M2 (131.200,0.000)-(131.480,0.715)  -> M1-rail
   dac_n_force[6]               M2 (123.280,0.000)-(123.560,0.715)  -> M1-rail
   dac_n_force[5]               M2 (116.680,0.000)-(116.960,0.715)  -> M1-rail
   dac_n_force[4]               M2 (109.420,0.000)-(109.700,0.715)  -> M1-rail
   dac_n_force[3]               M2 (102.160,0.000)-(102.440,0.715)  -> M1-rail
   dac_n_force[2]               M2 (94.900,0.000)-(95.180,0.715)  -> M1-rail
   dac_n_force[1]               M2 (86.320,0.000)-(86.600,0.715)  -> M1-rail
   dac_n_force[0]               M2 (80.380,0.000)-(80.660,0.715)  -> M1-rail
   calib_overrange              M2 (72.460,0.000)-(72.740,0.715)  -> M1-rail
   calib_overrange_bits[19]     M2 (65.200,0.000)-(65.480,0.715)  -> M1-rail
   calib_overrange_bits[18]     M2 (57.940,0.000)-(58.220,0.715)  -> M1-rail
   calib_overrange_bits[17]     M2 (51.340,0.000)-(51.620,0.715)  -> M1-rail
   calib_overrange_bits[16]     M2 (43.420,0.000)-(43.700,0.715)  -> M1-rail
   calib_overrange_bits[15]     M2 (36.160,0.000)-(36.440,0.715)  -> M1-rail
   calib_overrange_bits[14]     M2 (28.900,0.000)-(29.180,0.715)  -> M1-rail
   calib_overrange_bits[13]     M2 (21.640,0.000)-(21.920,0.715)  -> M1-rail
   calib_overrange_bits[12]     M2 (14.380,0.000)-(14.660,0.715)  -> M1-rail
   calib_overrange_bits[11]     M2 (7.120,0.000)-(7.400,0.715)  -> M1-rail
   w_wr_addr[0]                 M2 (422.920,427.685)-(423.200,428.400)  -> M1-rail
   w_wr_data[29]                M2 (415.660,427.685)-(415.940,428.400)  -> M1-rail
   w_wr_data[28]                M2 (408.400,427.685)-(408.680,428.400)  -> M1-rail
   w_wr_data[27]                M2 (401.140,427.685)-(401.420,428.400)  -> M1-rail
   w_wr_data[26]                M2 (393.880,427.685)-(394.160,428.400)  -> M1-rail
   w_wr_data[25]                M2 (385.960,427.685)-(386.240,428.400)  -> M1-rail
   w_wr_data[24]                M2 (379.360,427.685)-(379.640,428.400)  -> M1-rail
   w_wr_data[23]                M2 (372.100,427.685)-(372.380,428.400)  -> M1-rail
   w_wr_data[22]                M2 (364.840,427.685)-(365.120,428.400)  -> M1-rail
   w_wr_data[21]                M2 (357.580,427.685)-(357.860,428.400)  -> M1-rail
   w_wr_data[20]                M2 (350.980,427.685)-(351.260,428.400)  -> M1-rail
   w_wr_data[19]                M2 (342.400,427.685)-(342.680,428.400)  -> M1-rail
   w_wr_data[18]                M2 (335.140,427.685)-(335.420,428.400)  -> M1-rail
   w_wr_data[17]                M2 (327.880,427.685)-(328.160,428.400)  -> M1-rail
   w_wr_data[16]                M2 (320.620,427.685)-(320.900,428.400)  -> M1-rail
   w_wr_data[15]                M2 (314.020,427.685)-(314.300,428.400)  -> M1-rail
   w_wr_data[14]                M2 (306.100,427.685)-(306.380,428.400)  -> M1-rail
   w_wr_data[13]                M2 (298.840,427.685)-(299.120,428.400)  -> M1-rail
   w_wr_data[12]                M2 (291.580,427.685)-(291.860,428.400)  -> M1-rail
   w_wr_data[11]                M2 (284.320,427.685)-(284.600,428.400)  -> M1-rail
   w_wr_data[10]                M2 (277.060,427.685)-(277.340,428.400)  -> M1-rail
   w_wr_data[9]                 M2 (269.800,427.685)-(270.080,428.400)  -> M1-rail
   w_wr_data[8]                 M2 (261.220,427.685)-(261.500,428.400)  -> M1-rail
   w_wr_data[7]                 M2 (255.280,427.685)-(255.560,428.400)  -> M1-rail
   w_wr_data[6]                 M2 (248.020,427.685)-(248.300,428.400)  -> M1-rail
   w_wr_data[5]                 M2 (240.760,427.685)-(241.040,428.400)  -> M1-rail
   w_wr_data[4]                 M2 (233.500,427.685)-(233.780,428.400)  -> M1-rail
   w_wr_data[3]                 M2 (226.240,427.685)-(226.520,428.400)  -> M1-rail
   w_wr_data[2]                 M2 (218.980,427.685)-(219.260,428.400)  -> M1-rail
   w_wr_data[1]                 M2 (211.060,427.685)-(211.340,428.400)  -> M1-rail
   w_wr_data[0]                 M2 (203.800,427.685)-(204.080,428.400)  -> M1-rail
   weight_rd_en                 M2 (196.540,427.685)-(196.820,428.400)  -> M1-rail
   weight_rd_addr[4]            M2 (189.280,427.685)-(189.560,428.400)  -> M1-rail
   weight_rd_addr[3]            M2 (182.020,427.685)-(182.300,428.400)  -> M1-rail
   weight_rd_addr[2]            M2 (176.080,427.685)-(176.360,428.400)  -> M1-rail
   weight_rd_addr[1]            M2 (167.500,427.685)-(167.780,428.400)  -> M1-rail
   weight_rd_addr[0]            M2 (160.240,427.685)-(160.520,428.400)  -> M1-rail
   srm_start                    M2 (152.980,427.685)-(153.260,428.400)  -> M1-rail
   srm_decision_valid           M2 (145.720,427.685)-(146.000,428.400)  -> M1-rail
   srm_decision_bit             M2 (139.120,427.685)-(139.400,428.400)  -> M1-rail
   residue_consume_i            M2 (131.200,427.685)-(131.480,428.400)  -> M1-rail
   srm_busy                     M2 (123.280,427.685)-(123.560,428.400)  -> M1-rail
   srm_done                     M2 (116.680,427.685)-(116.960,428.400)  -> M1-rail
   srm_residue_valid            M2 (109.420,427.685)-(109.700,428.400)  -> M1-rail
   srm_ones_count[4]            M2 (102.160,427.685)-(102.440,428.400)  -> M1-rail
   srm_ones_count[3]            M2 (94.900,427.685)-(95.180,428.400)  -> M1-rail
   srm_ones_count[2]            M2 (88.960,427.685)-(89.240,428.400)  -> M1-rail
   srm_ones_count[1]            M2 (80.380,427.685)-(80.660,428.400)  -> M1-rail
   srm_ones_count[0]            M2 (72.460,427.685)-(72.740,428.400)  -> M1-rail
   srm_total_count[4]           M2 (65.200,427.685)-(65.480,428.400)  -> M1-rail
   srm_total_count[3]           M2 (57.940,427.685)-(58.220,428.400)  -> M1-rail
   srm_total_count[2]           M2 (51.340,427.685)-(51.620,428.400)  -> M1-rail
   srm_total_count[1]           M2 (43.420,427.685)-(43.700,428.400)  -> M1-rail
   srm_total_count[0]           M2 (36.160,427.685)-(36.440,428.400)  -> M1-rail
   srm_count_shortfall          M2 (28.900,427.685)-(29.180,428.400)  -> M1-rail
   srm_stalled                  M2 (21.640,427.685)-(21.920,428.400)  -> M1-rail
   srm_residue_o[8]             M2 (14.380,427.685)-(14.660,428.400)  -> M1-rail
   srm_residue_o[7]             M2 (7.120,427.685)-(7.400,428.400)  -> M1-rail
   calib_overrange_bits[3]      M3 (428.945,367.780)-(429.660,368.060)  -> M1-rail
   raw_bits_i[15]               M3 (428.945,302.260)-(429.660,302.540)  -> M1-rail
   raw_bits_i[6]                M3 (428.945,236.740)-(429.660,237.020)  -> M1-rail
   raw_code_o[17]               M3 (428.945,171.220)-(429.660,171.500)  -> M1-rail
   raw_code_o[8]                M3 (428.945,105.700)-(429.660,105.980)  -> M1-rail
   raw_code_valid_o             M3 (428.945,40.180)-(429.660,40.460)  -> M1-rail
   weight_rd_data[29]           M3 (0.000,367.780)-(0.715,368.060)  -> M1-rail
   weight_rd_data[20]           M3 (0.000,302.260)-(0.715,302.540)  -> M1-rail
   weight_rd_data[11]           M3 (0.000,236.740)-(0.715,237.020)  -> M1-rail
   weight_rd_data[2]            M3 (0.000,171.220)-(0.715,171.500)  -> M1-rail
   srm_residue_o[24]            M3 (0.000,40.180)-(0.715,40.460)  -> M1-rail
   srm_residue_o[20]            M3 (0.000,105.700)-(0.715,105.980)  -> M1-rail

=== supply pins (informational: they are supposed to touch the grid) ===
   VDD    M2 at (425.000,428.100) touches ['M1-rail', 'M2-strap']
   VSS    M2 at (412.500,428.100) touches ['M1-rail', 'M2-strap']

VERDICT: FAIL  (128 of 232 signal pins overlap a power structure)
