extracted netlist: 148 .SUBCKT definitions
top cell device count: 0

flagged layout-only transistors: 62

top-level instance map (X<idx> -> master): 8 entries
   sample: [(0, '18'), (1, '155'), (2, '222'), (3, '56'), (4, '374'), (5, '162')]

=== master cells of the flagged transistors ===
   155                      15 flagged   (extracted: None devices, pins=None)
   222                      14 flagged   (extracted: None devices, pins=None)
   162                      11 flagged   (extracted: None devices, pins=None)
   dac_p_force[4]            8 flagged   (extracted: None devices, pins=None)
   18                        5 flagged   (extracted: None devices, pins=None)
   374                       4 flagged   (extracted: None devices, pins=None)
   447                       4 flagged   (extracted: None devices, pins=None)
   56                        1 flagged   (extracted: None devices, pins=None)

=== kit CDL vs extracted layout, per master ===
master                    kit CDL M   layout M    delta
155                               0          0       +0
222                               0          0       +0
162                               0          0       +0
dac_p_force[4]                    0          0       +0
18                                0          0       +0
374                               0          0       +0
447                               0          0       +0
56                                0          0       +0
TOTAL                             0          0       +0
