 
****************************************
Report : area
Design : sar_digi_paper_core
Version: W-2024.09-SP3
Date   : Fri Sep 18 20:19:41 2026
****************************************

Information: Updating design information... (UID-85)
Library(s) Used:

    typical (File: /home/<user>/Project/DESIGN/14BIT_ADC/smic18/digital/sc/synopsys/typical.db)

Number of ports:                          487
Number of nets:                          3438
Number of cells:                         2918
Number of combinational cells:           1822
Number of sequential cells:              1051
Number of macros/black boxes:               0
Number of buf/inv:                        295
Number of references:                       5

Combinational area:              32478.969954
Buf/Inv area:                     2667.772855
Noncombinational area:           65413.655151
Macro/Black Box area:                0.000000
Net Interconnect area:          388641.912689

Total cell area:                 97892.625106
Total area:                     486534.537795
1
