 
****************************************
Report : area
Design : sar_digi_paper_core
Version: W-2024.09-SP3
Date   : Fri Sep 18 20:19:38 2026
****************************************

Information: Updating design information... (UID-85)
Library(s) Used:

    typical (File: /home/<user>/Project/DESIGN/14BIT_ADC/smic18/digital/sc/synopsys/typical.db)

Number of ports:                          487
Number of nets:                          3440
Number of cells:                         2920
Number of combinational cells:           1824
Number of sequential cells:              1051
Number of macros/black boxes:               0
Number of buf/inv:                        297
Number of references:                       5

Combinational area:              32512.233955
Buf/Inv area:                     2694.384055
Noncombinational area:           65400.349548
Macro/Black Box area:                0.000000
Net Interconnect area:          388735.246521

Total cell area:                 97912.583504
Total area:                     486647.830025
1
