 
****************************************
Report : clock_gating
Design : sar_digi_paper_core
Version: W-2024.09-SP3
Date   : Fri Sep 18 20:19:41 2026
****************************************

Information: Identification of clock-gating cells has not been performed. Pre-existing clock-gating cells will not be reported. (PWR-947)


                             Clock Gating Summary
          ------------------------------------------------------------
          |    Number of Clock gating elements    |       40         |
          |                                       |                  |
          |    Number of Gated registers          |   946 (93.57%)   |
          |                                       |                  |
          |    Number of Ungated registers        |    65 (6.43%)    |
          |                                       |                  |
          |    Total number of registers          |     1011         |
          ------------------------------------------------------------



                             Clock Gating Report by Origin
          +-------------------------------------------------+------------------+
          |                                                 |    Actual (%)    |
          |                                                 |    Count         |
          +-------------------------------------------------+------------------+
          |  Number of tool-inserted clock gating elements  |    40 (100.00%)  |
          |                                                 |                  |
          |  Number of pre-existing clock gating elements   |     0 (0.00%)    |
          |                                                 |                  |
          |  Number of gated registers                      |   946 (93.57%)   |
          |                                                 |                  |
          |  Number of tool-inserted gated registers        |   946 (93.57%)   |
          |                                                 |                  |
          |  Number of pre-existing gated registers         |     0 (0.00%)    |
          |                                                 |                  |
          |  Number of ungated registers                    |    65 (6.43%)    |
          |                                                 |                  |
          |  Number of registers                            |     1011         |
          +-------------------------------------------------+------------------+



1
