Information: Propagating switching activity (low effort zero delay simulation). (PWR-6)
Warning: Design has unannotated primary inputs. (PWR-414)
Warning: Design has unannotated sequential cell outputs. (PWR-415)
 
****************************************
Report : power
        -hier
        -analysis_effort low
Design : sar_digi_paper_core
Version: W-2024.09-SP3
Date   : Fri Sep 18 20:19:41 2026
****************************************


Library(s) Used:

    typical (File: /home/<user>/Project/DESIGN/14BIT_ADC/smic18/digital/sc/synopsys/typical.db)


Operating Conditions: typical   Library: typical
Wire Load Model Mode: top

Design        Wire Load Model            Library
------------------------------------------------
sar_digi_paper_core    smic18_wl10       typical


Global Operating Voltage = 1.8  
Power-specific unit information :
    Voltage Units = 1V
    Capacitance Units = 1.000000pf
    Time Units = 1ns
    Dynamic Power Units = 1mW    (derived from V,C,T units)
    Leakage Power Units = 1pW


--------------------------------------------------------------------------------
                                       Switch   Int      Leak     Total
Hierarchy                              Power    Power    Power    Power    %
--------------------------------------------------------------------------------
sar_digi_paper_core                       1.293    1.252 3.21e+05    2.546 100.0
  u_srm_residue (srm_residue_estimator_DECISION_COUNT22_RESIDUE_WIDTH10_RES_FRAC8_SIGMA_Q8128_STALL_CYCLES64)
                                          0.171    0.385 2.62e+04    0.556  21.8
    u_lut (srm_residue_lut_22_128_8_8_10_1)
                                       4.86e-05 1.47e-05 2.39e+03 6.57e-05   0.0
  u_calib_ctrl (sar_calib_ctrl_serial_20_30_16_32_5_256_1_1)
                                          1.058    0.702 2.91e+05    1.760  69.1
1
