 
****************************************
Report : qor
Design : sar_digi_paper_core
Version: W-2024.09-SP3
Date   : Fri Sep 18 20:19:41 2026
****************************************


  Timing Path Group 'clk'
  -----------------------------------
  Levels of Logic:              40.00
  Critical Path Length:          9.63
  Critical Path Slack:           0.00
  Critical Path Clk Period:     10.00
  Total Negative Slack:          0.00
  No. of Violating Paths:        0.00
  Worst Hold Violation:         -0.06
  Total Hold Violation:         -5.93
  No. of Hold Violations:      105.00
  -----------------------------------

  Timing Path Group 'dec_clk'
  -----------------------------------
  Levels of Logic:               4.00
  Critical Path Length:          0.66
  Critical Path Slack:           0.00
  Critical Path Clk Period:      3.00
  Total Negative Slack:          0.00
  No. of Violating Paths:        0.00
  Worst Hold Violation:          0.00
  Total Hold Violation:          0.00
  No. of Hold Violations:        0.00
  -----------------------------------


  Cell Count
  -----------------------------------
  Hierarchical Cell Count:         43
  Hierarchical Port Count:        311
  Leaf Cell Count:               2873
  Buf/Inv Cell Count:             295
  Buf Cell Count:                  38
  Inv Cell Count:                 257
  CT Buf/Inv Cell Count:            0
  Combinational Cell Count:      1822
  Sequential Cell Count:         1051
  Macro Count:                      0
  -----------------------------------


  Area
  -----------------------------------
  Combinational Area:    32478.969954
  Noncombinational Area: 65413.655151
  Buf/Inv Area:           2667.772855
  Total Buffer Area:           508.94
  Total Inverter Area:        2158.83
  Macro/Black Box Area:      0.000000
  Net Area:             388641.912689
  -----------------------------------
  Cell Area:             97892.625106
  Design Area:          486534.537795


  Design Rules
  -----------------------------------
  Total Number of Nets:          3127
  Nets With Violations:             0
  Max Trans Violations:             0
  Max Cap Violations:               0
  -----------------------------------


  Hostname: <vm-host>

  Compile CPU Statistics
  -----------------------------------------
  Resource Sharing:                    0.00
  Logic Optimization:                  0.00
  Mapping Optimization:                0.00
  -----------------------------------------
  Overall Compile Time:                2.14
  Overall Compile Wall Clock Time:     2.45

  --------------------------------------------------------------------

  Design  WNS: 0.00  TNS: 0.00  Number of Violating Paths: 0


  Design (Hold)  WNS: 0.06  TNS: 5.93  Number of Violating Paths: 105

  --------------------------------------------------------------------


1
