 
****************************************
Report : timing
        -path full_clock_expanded
        -delay min
        -nworst 2
        -max_paths 10
Design : sar_digi_paper_core
Version: W-2024.09-SP3
Date   : Fri Sep 18 20:19:41 2026
****************************************

Operating Conditions: typical   Library: typical
Wire Load Model Mode: top

  Startpoint: u_calib_ctrl/calib_done_reg
              (rising edge-triggered flip-flop clocked by clk)
  Endpoint: calib_done (output port clocked by clk)
  Path Group: clk
  Path Type: min

  Des/Clust/Port     Wire Load Model       Library
  ------------------------------------------------
  sar_digi_paper_core
                     smic18_wl10           typical

  Point                                                   Incr       Path
  --------------------------------------------------------------------------
  clock clk (rise edge)                                   0.00       0.00
  clock network delay (ideal)                             0.00       0.00
  u_calib_ctrl/calib_done_reg/CK (DFFSX1)                 0.00       0.00 r
  u_calib_ctrl/calib_done_reg/QN (DFFSX1)                 0.49       0.49 f
  u_calib_ctrl/calib_done (sar_calib_ctrl_serial_20_30_16_32_5_256_1_1)
                                                          0.00       0.49 f
  calib_done (out)                                        0.00       0.49 f
  data arrival time                                                  0.49

  clock clk (rise edge)                                   0.00       0.00
  clock network delay (ideal)                             0.00       0.00
  clock uncertainty                                       0.05       0.05
  output external delay                                   0.50       0.55
  data required time                                                 0.55
  --------------------------------------------------------------------------
  data required time                                                 0.55
  data arrival time                                                 -0.49
  --------------------------------------------------------------------------
  slack (VIOLATED)                                                  -0.06


  Startpoint: u_calib_ctrl/calib_done_pulse_reg
              (rising edge-triggered flip-flop clocked by clk)
  Endpoint: calib_done_pulse
            (output port clocked by clk)
  Path Group: clk
  Path Type: min

  Des/Clust/Port     Wire Load Model       Library
  ------------------------------------------------
  sar_digi_paper_core
                     smic18_wl10           typical

  Point                                                   Incr       Path
  --------------------------------------------------------------------------
  clock clk (rise edge)                                   0.00       0.00
  clock network delay (ideal)                             0.00       0.00
  u_calib_ctrl/calib_done_pulse_reg/CK (DFFSX1)           0.00       0.00 r
  u_calib_ctrl/calib_done_pulse_reg/QN (DFFSX1)           0.49       0.49 f
  u_calib_ctrl/calib_done_pulse (sar_calib_ctrl_serial_20_30_16_32_5_256_1_1)
                                                          0.00       0.49 f
  calib_done_pulse (out)                                  0.00       0.49 f
  data arrival time                                                  0.49

  clock clk (rise edge)                                   0.00       0.00
  clock network delay (ideal)                             0.00       0.00
  clock uncertainty                                       0.05       0.05
  output external delay                                   0.50       0.55
  data required time                                                 0.55
  --------------------------------------------------------------------------
  data required time                                                 0.55
  data arrival time                                                 -0.49
  --------------------------------------------------------------------------
  slack (VIOLATED)                                                  -0.06


  Startpoint: u_calib_ctrl/calib_mode_en_reg
              (rising edge-triggered flip-flop clocked by clk)
  Endpoint: calib_mode_en
            (output port clocked by clk)
  Path Group: clk
  Path Type: min

  Des/Clust/Port     Wire Load Model       Library
  ------------------------------------------------
  sar_digi_paper_core
                     smic18_wl10           typical

  Point                                                   Incr       Path
  --------------------------------------------------------------------------
  clock clk (rise edge)                                   0.00       0.00
  clock network delay (ideal)                             0.00       0.00
  u_calib_ctrl/calib_mode_en_reg/CK (DFFSX1)              0.00       0.00 r
  u_calib_ctrl/calib_mode_en_reg/QN (DFFSX1)              0.49       0.49 f
  u_calib_ctrl/calib_mode_en (sar_calib_ctrl_serial_20_30_16_32_5_256_1_1)
                                                          0.00       0.49 f
  calib_mode_en (out)                                     0.00       0.49 f
  data arrival time                                                  0.49

  clock clk (rise edge)                                   0.00       0.00
  clock network delay (ideal)                             0.00       0.00
  clock uncertainty                                       0.05       0.05
  output external delay                                   0.50       0.55
  data required time                                                 0.55
  --------------------------------------------------------------------------
  data required time                                                 0.55
  data arrival time                                                 -0.49
  --------------------------------------------------------------------------
  slack (VIOLATED)                                                  -0.06


  Startpoint: raw_code_o_reg[6]
              (rising edge-triggered flip-flop clocked by clk)
  Endpoint: raw_code_o[6]
            (output port clocked by clk)
  Path Group: clk
  Path Type: min

  Des/Clust/Port     Wire Load Model       Library
  ------------------------------------------------
  sar_digi_paper_core
                     smic18_wl10           typical

  Point                                    Incr       Path
  -----------------------------------------------------------
  clock clk (rise edge)                    0.00       0.00
  clock network delay (ideal)              0.00       0.00
  raw_code_o_reg[6]/CK (DFFSX1)            0.00       0.00 r
  raw_code_o_reg[6]/QN (DFFSX1)            0.49       0.49 f
  raw_code_o[6] (out)                      0.00       0.49 f
  data arrival time                                   0.49

  clock clk (rise edge)                    0.00       0.00
  clock network delay (ideal)              0.00       0.00
  clock uncertainty                        0.05       0.05
  output external delay                    0.50       0.55
  data required time                                  0.55
  -----------------------------------------------------------
  data required time                                  0.55
  data arrival time                                  -0.49
  -----------------------------------------------------------
  slack (VIOLATED)                                   -0.06


  Startpoint: raw_code_o_reg[5]
              (rising edge-triggered flip-flop clocked by clk)
  Endpoint: raw_code_o[5]
            (output port clocked by clk)
  Path Group: clk
  Path Type: min

  Des/Clust/Port     Wire Load Model       Library
  ------------------------------------------------
  sar_digi_paper_core
                     smic18_wl10           typical

  Point                                    Incr       Path
  -----------------------------------------------------------
  clock clk (rise edge)                    0.00       0.00
  clock network delay (ideal)              0.00       0.00
  raw_code_o_reg[5]/CK (DFFSX1)            0.00       0.00 r
  raw_code_o_reg[5]/QN (DFFSX1)            0.49       0.49 f
  raw_code_o[5] (out)                      0.00       0.49 f
  data arrival time                                   0.49

  clock clk (rise edge)                    0.00       0.00
  clock network delay (ideal)              0.00       0.00
  clock uncertainty                        0.05       0.05
  output external delay                    0.50       0.55
  data required time                                  0.55
  -----------------------------------------------------------
  data required time                                  0.55
  data arrival time                                  -0.49
  -----------------------------------------------------------
  slack (VIOLATED)                                   -0.06


  Startpoint: raw_code_o_reg[4]
              (rising edge-triggered flip-flop clocked by clk)
  Endpoint: raw_code_o[4]
            (output port clocked by clk)
  Path Group: clk
  Path Type: min

  Des/Clust/Port     Wire Load Model       Library
  ------------------------------------------------
  sar_digi_paper_core
                     smic18_wl10           typical

  Point                                    Incr       Path
  -----------------------------------------------------------
  clock clk (rise edge)                    0.00       0.00
  clock network delay (ideal)              0.00       0.00
  raw_code_o_reg[4]/CK (DFFSX1)            0.00       0.00 r
  raw_code_o_reg[4]/QN (DFFSX1)            0.49       0.49 f
  raw_code_o[4] (out)                      0.00       0.49 f
  data arrival time                                   0.49

  clock clk (rise edge)                    0.00       0.00
  clock network delay (ideal)              0.00       0.00
  clock uncertainty                        0.05       0.05
  output external delay                    0.50       0.55
  data required time                                  0.55
  -----------------------------------------------------------
  data required time                                  0.55
  data arrival time                                  -0.49
  -----------------------------------------------------------
  slack (VIOLATED)                                   -0.06


  Startpoint: raw_code_o_reg[3]
              (rising edge-triggered flip-flop clocked by clk)
  Endpoint: raw_code_o[3]
            (output port clocked by clk)
  Path Group: clk
  Path Type: min

  Des/Clust/Port     Wire Load Model       Library
  ------------------------------------------------
  sar_digi_paper_core
                     smic18_wl10           typical

  Point                                    Incr       Path
  -----------------------------------------------------------
  clock clk (rise edge)                    0.00       0.00
  clock network delay (ideal)              0.00       0.00
  raw_code_o_reg[3]/CK (DFFSX1)            0.00       0.00 r
  raw_code_o_reg[3]/QN (DFFSX1)            0.49       0.49 f
  raw_code_o[3] (out)                      0.00       0.49 f
  data arrival time                                   0.49

  clock clk (rise edge)                    0.00       0.00
  clock network delay (ideal)              0.00       0.00
  clock uncertainty                        0.05       0.05
  output external delay                    0.50       0.55
  data required time                                  0.55
  -----------------------------------------------------------
  data required time                                  0.55
  data arrival time                                  -0.49
  -----------------------------------------------------------
  slack (VIOLATED)                                   -0.06


  Startpoint: raw_code_o_reg[2]
              (rising edge-triggered flip-flop clocked by clk)
  Endpoint: raw_code_o[2]
            (output port clocked by clk)
  Path Group: clk
  Path Type: min

  Des/Clust/Port     Wire Load Model       Library
  ------------------------------------------------
  sar_digi_paper_core
                     smic18_wl10           typical

  Point                                    Incr       Path
  -----------------------------------------------------------
  clock clk (rise edge)                    0.00       0.00
  clock network delay (ideal)              0.00       0.00
  raw_code_o_reg[2]/CK (DFFSX1)            0.00       0.00 r
  raw_code_o_reg[2]/QN (DFFSX1)            0.49       0.49 f
  raw_code_o[2] (out)                      0.00       0.49 f
  data arrival time                                   0.49

  clock clk (rise edge)                    0.00       0.00
  clock network delay (ideal)              0.00       0.00
  clock uncertainty                        0.05       0.05
  output external delay                    0.50       0.55
  data required time                                  0.55
  -----------------------------------------------------------
  data required time                                  0.55
  data arrival time                                  -0.49
  -----------------------------------------------------------
  slack (VIOLATED)                                   -0.06


  Startpoint: raw_code_o_reg[1]
              (rising edge-triggered flip-flop clocked by clk)
  Endpoint: raw_code_o[1]
            (output port clocked by clk)
  Path Group: clk
  Path Type: min

  Des/Clust/Port     Wire Load Model       Library
  ------------------------------------------------
  sar_digi_paper_core
                     smic18_wl10           typical

  Point                                    Incr       Path
  -----------------------------------------------------------
  clock clk (rise edge)                    0.00       0.00
  clock network delay (ideal)              0.00       0.00
  raw_code_o_reg[1]/CK (DFFSX1)            0.00       0.00 r
  raw_code_o_reg[1]/QN (DFFSX1)            0.49       0.49 f
  raw_code_o[1] (out)                      0.00       0.49 f
  data arrival time                                   0.49

  clock clk (rise edge)                    0.00       0.00
  clock network delay (ideal)              0.00       0.00
  clock uncertainty                        0.05       0.05
  output external delay                    0.50       0.55
  data required time                                  0.55
  -----------------------------------------------------------
  data required time                                  0.55
  data arrival time                                  -0.49
  -----------------------------------------------------------
  slack (VIOLATED)                                   -0.06


  Startpoint: raw_code_o_reg[0]
              (rising edge-triggered flip-flop clocked by clk)
  Endpoint: raw_code_o[0]
            (output port clocked by clk)
  Path Group: clk
  Path Type: min

  Des/Clust/Port     Wire Load Model       Library
  ------------------------------------------------
  sar_digi_paper_core
                     smic18_wl10           typical

  Point                                    Incr       Path
  -----------------------------------------------------------
  clock clk (rise edge)                    0.00       0.00
  clock network delay (ideal)              0.00       0.00
  raw_code_o_reg[0]/CK (DFFSX1)            0.00       0.00 r
  raw_code_o_reg[0]/QN (DFFSX1)            0.49       0.49 f
  raw_code_o[0] (out)                      0.00       0.49 f
  data arrival time                                   0.49

  clock clk (rise edge)                    0.00       0.00
  clock network delay (ideal)              0.00       0.00
  clock uncertainty                        0.05       0.05
  output external delay                    0.50       0.55
  data required time                                  0.55
  -----------------------------------------------------------
  data required time                                  0.55
  data arrival time                                  -0.49
  -----------------------------------------------------------
  slack (VIOLATED)                                   -0.06


  Startpoint: u_srm_residue/clk_gate_dec_ones_reg/latch
              (negative level-sensitive latch clocked by dec_clk)
  Endpoint: u_srm_residue/clk_gate_dec_ones_reg/main_gate
            (gating element for clock dec_clk)
  Path Group: dec_clk
  Path Type: min

  Des/Clust/Port     Wire Load Model       Library
  ------------------------------------------------
  sar_digi_paper_core
                     smic18_wl10           typical

  Point                                                   Incr       Path
  --------------------------------------------------------------------------
  clock dec_clk (fall edge)                               1.50       1.50
  clock network delay (ideal)                             0.00       1.50
  u_srm_residue/clk_gate_dec_ones_reg/latch/GN (TLATNXL)
                                                          0.00       1.50 f
  u_srm_residue/clk_gate_dec_ones_reg/latch/Q (TLATNXL)
                                                          0.26       1.76 r
  u_srm_residue/clk_gate_dec_ones_reg/main_gate/A (AND2XL)
                                                          0.00       1.76 r
  data arrival time                                                  1.76

  clock dec_clk (fall edge)                               1.50       1.50
  clock network delay (ideal)                             0.00       1.50
  clock uncertainty                                       0.01       1.51
  u_srm_residue/clk_gate_dec_ones_reg/main_gate/B (AND2XL)
                                                          0.00       1.51 f
  clock gating hold time                                  0.00       1.51
  data required time                                                 1.51
  --------------------------------------------------------------------------
  data required time                                                 1.51
  data arrival time                                                 -1.76
  --------------------------------------------------------------------------
  slack (MET)                                                        0.24


  Startpoint: u_srm_residue/clk_gate_dec_total_reg/latch
              (negative level-sensitive latch clocked by dec_clk)
  Endpoint: u_srm_residue/clk_gate_dec_total_reg/main_gate
            (gating element for clock dec_clk)
  Path Group: dec_clk
  Path Type: min

  Des/Clust/Port     Wire Load Model       Library
  ------------------------------------------------
  sar_digi_paper_core
                     smic18_wl10           typical

  Point                                                   Incr       Path
  --------------------------------------------------------------------------
  clock dec_clk (fall edge)                               1.50       1.50
  clock network delay (ideal)                             0.00       1.50
  u_srm_residue/clk_gate_dec_total_reg/latch/GN (TLATNXL)
                                                          0.00       1.50 f
  u_srm_residue/clk_gate_dec_total_reg/latch/Q (TLATNXL)
                                                          0.26       1.76 r
  u_srm_residue/clk_gate_dec_total_reg/main_gate/A (AND2XL)
                                                          0.00       1.76 r
  data arrival time                                                  1.76

  clock dec_clk (fall edge)                               1.50       1.50
  clock network delay (ideal)                             0.00       1.50
  clock uncertainty                                       0.01       1.51
  u_srm_residue/clk_gate_dec_total_reg/main_gate/B (AND2XL)
                                                          0.00       1.51 f
  clock gating hold time                                  0.00       1.51
  data required time                                                 1.51
  --------------------------------------------------------------------------
  data required time                                                 1.51
  data arrival time                                                 -1.76
  --------------------------------------------------------------------------
  slack (MET)                                                        0.24


  Startpoint: u_srm_residue/clk_gate_dec_ones_reg/latch
              (negative level-sensitive latch clocked by dec_clk)
  Endpoint: u_srm_residue/clk_gate_dec_ones_reg/main_gate
            (gating element for clock dec_clk)
  Path Group: dec_clk
  Path Type: min

  Des/Clust/Port     Wire Load Model       Library
  ------------------------------------------------
  sar_digi_paper_core
                     smic18_wl10           typical

  Point                                                   Incr       Path
  --------------------------------------------------------------------------
  clock dec_clk (fall edge)                               1.50       1.50
  clock network delay (ideal)                             0.00       1.50
  u_srm_residue/clk_gate_dec_ones_reg/latch/GN (TLATNXL)
                                                          0.00       1.50 f
  u_srm_residue/clk_gate_dec_ones_reg/latch/Q (TLATNXL)
                                                          0.32       1.82 f
  u_srm_residue/clk_gate_dec_ones_reg/main_gate/A (AND2XL)
                                                          0.00       1.82 f
  data arrival time                                                  1.82

  clock dec_clk (fall edge)                               1.50       1.50
  clock network delay (ideal)                             0.00       1.50
  clock uncertainty                                       0.01       1.51
  u_srm_residue/clk_gate_dec_ones_reg/main_gate/B (AND2XL)
                                                          0.00       1.51 f
  clock gating hold time                                  0.00       1.51
  data required time                                                 1.51
  --------------------------------------------------------------------------
  data required time                                                 1.51
  data arrival time                                                 -1.82
  --------------------------------------------------------------------------
  slack (MET)                                                        0.30


  Startpoint: u_srm_residue/clk_gate_dec_total_reg/latch
              (negative level-sensitive latch clocked by dec_clk)
  Endpoint: u_srm_residue/clk_gate_dec_total_reg/main_gate
            (gating element for clock dec_clk)
  Path Group: dec_clk
  Path Type: min

  Des/Clust/Port     Wire Load Model       Library
  ------------------------------------------------
  sar_digi_paper_core
                     smic18_wl10           typical

  Point                                                   Incr       Path
  --------------------------------------------------------------------------
  clock dec_clk (fall edge)                               1.50       1.50
  clock network delay (ideal)                             0.00       1.50
  u_srm_residue/clk_gate_dec_total_reg/latch/GN (TLATNXL)
                                                          0.00       1.50 f
  u_srm_residue/clk_gate_dec_total_reg/latch/Q (TLATNXL)
                                                          0.32       1.82 f
  u_srm_residue/clk_gate_dec_total_reg/main_gate/A (AND2XL)
                                                          0.00       1.82 f
  data arrival time                                                  1.82

  clock dec_clk (fall edge)                               1.50       1.50
  clock network delay (ideal)                             0.00       1.50
  clock uncertainty                                       0.01       1.51
  u_srm_residue/clk_gate_dec_total_reg/main_gate/B (AND2XL)
                                                          0.00       1.51 f
  clock gating hold time                                  0.00       1.51
  data required time                                                 1.51
  --------------------------------------------------------------------------
  data required time                                                 1.51
  data arrival time                                                 -1.82
  --------------------------------------------------------------------------
  slack (MET)                                                        0.30


  Startpoint: u_srm_residue/go_tgl_s1_reg
              (rising edge-triggered flip-flop clocked by dec_clk)
  Endpoint: u_srm_residue/go_tgl_s2_reg
            (rising edge-triggered flip-flop clocked by dec_clk)
  Path Group: dec_clk
  Path Type: min

  Des/Clust/Port     Wire Load Model       Library
  ------------------------------------------------
  sar_digi_paper_core
                     smic18_wl10           typical

  Point                                                   Incr       Path
  --------------------------------------------------------------------------
  clock dec_clk (rise edge)                               0.00       0.00
  clock network delay (ideal)                             0.00       0.00
  u_srm_residue/go_tgl_s1_reg/CK (DFFSX1)                 0.00       0.00 r
  u_srm_residue/go_tgl_s1_reg/Q (DFFSX1)                  0.34       0.34 f
  u_srm_residue/go_tgl_s2_reg/D (DFFSX1)                  0.00       0.34 f
  data arrival time                                                  0.34

  clock dec_clk (rise edge)                               0.00       0.00
  clock network delay (ideal)                             0.00       0.00
  clock uncertainty                                       0.01       0.01
  u_srm_residue/go_tgl_s2_reg/CK (DFFSX1)                 0.00       0.01 r
  library hold time                                      -0.06      -0.04
  data required time                                                -0.04
  --------------------------------------------------------------------------
  data required time                                                -0.04
  data arrival time                                                 -0.34
  --------------------------------------------------------------------------
  slack (MET)                                                        0.38


  Startpoint: srm_decision_bit
              (input port clocked by dec_clk)
  Endpoint: u_srm_residue/clk_gate_dec_ones_reg/latch
            (negative level-sensitive latch clocked by dec_clk)
  Path Group: dec_clk
  Path Type: min

  Des/Clust/Port     Wire Load Model       Library
  ------------------------------------------------
  sar_digi_paper_core
                     smic18_wl10           typical

  Point                                                   Incr       Path
  --------------------------------------------------------------------------
  clock dec_clk (rise edge)                               3.00       3.00
  clock network delay (ideal)                             0.00       3.00
  input external delay                                    0.15       3.15 r
  srm_decision_bit (in)                                   0.00       3.15 r
  u_srm_residue/decision_bit (srm_residue_estimator_DECISION_COUNT22_RESIDUE_WIDTH10_RES_FRAC8_SIGMA_Q8128_STALL_CYCLES64)
                                                          0.00       3.15 r
  u_srm_residue/U108/Y (OAI2BB1X2)                        0.10       3.25 r
  u_srm_residue/clk_gate_dec_ones_reg/EN (SNPS_CLOCK_GATE_HIGH_srm_residue_estimator_DECISION_COUNT22_RESIDUE_WIDTH10_RES_FRAC8_SIGMA_Q8128_STALL_CYCLES64_0)
                                                          0.00       3.25 r
  u_srm_residue/clk_gate_dec_ones_reg/test_or/Y (OR2X2)
                                                          0.11       3.36 r
  u_srm_residue/clk_gate_dec_ones_reg/latch/D (TLATNXL)
                                                          0.00       3.36 r
  data arrival time                                                  3.36

  clock dec_clk (rise edge)                               3.00       3.00
  clock network delay (ideal)                             0.00       3.00
  clock uncertainty                                       0.01       3.02
  u_srm_residue/clk_gate_dec_ones_reg/latch/GN (TLATNXL)
                                                          0.00       3.02 r
  library hold time                                      -0.06       2.96
  data required time                                                 2.96
  --------------------------------------------------------------------------
  data required time                                                 2.96
  data arrival time                                                 -3.36
  --------------------------------------------------------------------------
  slack (MET)                                                        0.40


  Startpoint: srm_decision_bit
              (input port clocked by dec_clk)
  Endpoint: u_srm_residue/clk_gate_dec_ones_reg/latch
            (negative level-sensitive latch clocked by dec_clk)
  Path Group: dec_clk
  Path Type: min

  Des/Clust/Port     Wire Load Model       Library
  ------------------------------------------------
  sar_digi_paper_core
                     smic18_wl10           typical

  Point                                                   Incr       Path
  --------------------------------------------------------------------------
  clock dec_clk (rise edge)                               3.00       3.00
  clock network delay (ideal)                             0.00       3.00
  input external delay                                    0.15       3.15 f
  srm_decision_bit (in)                                   0.00       3.15 f
  u_srm_residue/decision_bit (srm_residue_estimator_DECISION_COUNT22_RESIDUE_WIDTH10_RES_FRAC8_SIGMA_Q8128_STALL_CYCLES64)
                                                          0.00       3.15 f
  u_srm_residue/U108/Y (OAI2BB1X2)                        0.10       3.25 f
  u_srm_residue/clk_gate_dec_ones_reg/EN (SNPS_CLOCK_GATE_HIGH_srm_residue_estimator_DECISION_COUNT22_RESIDUE_WIDTH10_RES_FRAC8_SIGMA_Q8128_STALL_CYCLES64_0)
                                                          0.00       3.25 f
  u_srm_residue/clk_gate_dec_ones_reg/test_or/Y (OR2X2)
                                                          0.13       3.39 f
  u_srm_residue/clk_gate_dec_ones_reg/latch/D (TLATNXL)
                                                          0.00       3.39 f
  data arrival time                                                  3.39

  clock dec_clk (rise edge)                               3.00       3.00
  clock network delay (ideal)                             0.00       3.00
  clock uncertainty                                       0.01       3.02
  u_srm_residue/clk_gate_dec_ones_reg/latch/GN (TLATNXL)
                                                          0.00       3.02 r
  library hold time                                      -0.05       2.97
  data required time                                                 2.97
  --------------------------------------------------------------------------
  data required time                                                 2.97
  data arrival time                                                 -3.39
  --------------------------------------------------------------------------
  slack (MET)                                                        0.42


  Startpoint: u_srm_residue/go_tgl_s1_reg
              (rising edge-triggered flip-flop clocked by dec_clk)
  Endpoint: u_srm_residue/go_tgl_s2_reg
            (rising edge-triggered flip-flop clocked by dec_clk)
  Path Group: dec_clk
  Path Type: min

  Des/Clust/Port     Wire Load Model       Library
  ------------------------------------------------
  sar_digi_paper_core
                     smic18_wl10           typical

  Point                                                   Incr       Path
  --------------------------------------------------------------------------
  clock dec_clk (rise edge)                               0.00       0.00
  clock network delay (ideal)                             0.00       0.00
  u_srm_residue/go_tgl_s1_reg/CK (DFFSX1)                 0.00       0.00 r
  u_srm_residue/go_tgl_s1_reg/Q (DFFSX1)                  0.40       0.40 r
  u_srm_residue/go_tgl_s2_reg/D (DFFSX1)                  0.00       0.40 r
  data arrival time                                                  0.40

  clock dec_clk (rise edge)                               0.00       0.00
  clock network delay (ideal)                             0.00       0.00
  clock uncertainty                                       0.01       0.01
  u_srm_residue/go_tgl_s2_reg/CK (DFFSX1)                 0.00       0.01 r
  library hold time                                      -0.05      -0.03
  data required time                                                -0.03
  --------------------------------------------------------------------------
  data required time                                                -0.03
  data arrival time                                                 -0.40
  --------------------------------------------------------------------------
  slack (MET)                                                        0.43


  Startpoint: u_srm_residue/go_tgl_s2_reg
              (rising edge-triggered flip-flop clocked by dec_clk)
  Endpoint: u_srm_residue/go_tgl_s3_reg
            (rising edge-triggered flip-flop clocked by dec_clk)
  Path Group: dec_clk
  Path Type: min

  Des/Clust/Port     Wire Load Model       Library
  ------------------------------------------------
  sar_digi_paper_core
                     smic18_wl10           typical

  Point                                                   Incr       Path
  --------------------------------------------------------------------------
  clock dec_clk (rise edge)                               0.00       0.00
  clock network delay (ideal)                             0.00       0.00
  u_srm_residue/go_tgl_s2_reg/CK (DFFSX1)                 0.00       0.00 r
  u_srm_residue/go_tgl_s2_reg/Q (DFFSX1)                  0.39       0.39 f
  u_srm_residue/go_tgl_s3_reg/D (DFFSX1)                  0.00       0.39 f
  data arrival time                                                  0.39

  clock dec_clk (rise edge)                               0.00       0.00
  clock network delay (ideal)                             0.00       0.00
  clock uncertainty                                       0.01       0.01
  u_srm_residue/go_tgl_s3_reg/CK (DFFSX1)                 0.00       0.01 r
  library hold time                                      -0.07      -0.06
  data required time                                                -0.06
  --------------------------------------------------------------------------
  data required time                                                -0.06
  data arrival time                                                 -0.39
  --------------------------------------------------------------------------
  slack (MET)                                                        0.44


  Startpoint: srm_decision_valid
              (input port clocked by dec_clk)
  Endpoint: u_srm_residue/dec_ones_reg[1]
            (rising edge-triggered flip-flop clocked by dec_clk)
  Path Group: dec_clk
  Path Type: min

  Des/Clust/Port     Wire Load Model       Library
  ------------------------------------------------
  sar_digi_paper_core
                     smic18_wl10           typical

  Point                                                   Incr       Path
  --------------------------------------------------------------------------
  clock dec_clk (rise edge)                               0.00       0.00
  clock network delay (ideal)                             0.00       0.00
  input external delay                                    0.15       0.15 f
  srm_decision_valid (in)                                 0.00       0.15 f
  u_srm_residue/decision_valid (srm_residue_estimator_DECISION_COUNT22_RESIDUE_WIDTH10_RES_FRAC8_SIGMA_Q8128_STALL_CYCLES64)
                                                          0.00       0.15 f
  u_srm_residue/U95/Y (NAND3X4)                           0.16       0.31 r
  u_srm_residue/U97/Y (OR2X2)                             0.13       0.44 r
  u_srm_residue/dec_ones_reg[1]/D (DFFSX1)                0.00       0.44 r
  data arrival time                                                  0.44

  clock dec_clk (rise edge)                               0.00       0.00
  clock network delay (ideal)                             0.00       0.00
  clock uncertainty                                       0.01       0.01
  u_srm_residue/dec_ones_reg[1]/CK (DFFSX1)               0.00       0.01 r
  library hold time                                      -0.05      -0.03
  data required time                                                -0.03
  --------------------------------------------------------------------------
  data required time                                                -0.03
  data arrival time                                                 -0.44
  --------------------------------------------------------------------------
  slack (MET)                                                        0.47


1
