 
****************************************
Report : constraint
        -all_violators
Design : sar_digi_paper_core
Version: W-2024.09-SP3
Date   : Fri Sep 18 20:19:41 2026
****************************************


   min_delay/hold ('clk' group)

                             Required        Actual
   Endpoint                 Path Delay     Path Delay        Slack
   -----------------------------------------------------------------
   calib_done                   0.55           0.49 f        -0.06  (VIOLATED)
   calib_done_pulse             0.55           0.49 f        -0.06  (VIOLATED)
   calib_mode_en                0.55           0.49 f        -0.06  (VIOLATED)
   raw_code_o[0]                0.55           0.49 f        -0.06  (VIOLATED)
   raw_code_o[1]                0.55           0.49 f        -0.06  (VIOLATED)
   raw_code_o[2]                0.55           0.49 f        -0.06  (VIOLATED)
   raw_code_o[3]                0.55           0.49 f        -0.06  (VIOLATED)
   raw_code_o[4]                0.55           0.49 f        -0.06  (VIOLATED)
   raw_code_o[5]                0.55           0.49 f        -0.06  (VIOLATED)
   raw_code_o[6]                0.55           0.49 f        -0.06  (VIOLATED)
   raw_code_o[7]                0.55           0.49 f        -0.06  (VIOLATED)
   raw_code_o[8]                0.55           0.49 f        -0.06  (VIOLATED)
   raw_code_o[9]                0.55           0.49 f        -0.06  (VIOLATED)
   raw_code_o[10]               0.55           0.49 f        -0.06  (VIOLATED)
   raw_code_o[11]               0.55           0.49 f        -0.06  (VIOLATED)
   raw_code_o[12]               0.55           0.49 f        -0.06  (VIOLATED)
   raw_code_o[13]               0.55           0.49 f        -0.06  (VIOLATED)
   raw_code_o[14]               0.55           0.49 f        -0.06  (VIOLATED)
   raw_code_o[15]               0.55           0.49 f        -0.06  (VIOLATED)
   raw_code_o[16]               0.55           0.49 f        -0.06  (VIOLATED)
   raw_code_o[17]               0.55           0.49 f        -0.06  (VIOLATED)
   raw_code_o[18]               0.55           0.49 f        -0.06  (VIOLATED)
   raw_code_o[19]               0.55           0.49 f        -0.06  (VIOLATED)
   raw_code_valid_o             0.55           0.49 f        -0.06  (VIOLATED)
   srm_count_shortfall          0.55           0.49 f        -0.06  (VIOLATED)
   srm_done                     0.55           0.49 f        -0.06  (VIOLATED)
   srm_ones_count[0]            0.55           0.49 f        -0.06  (VIOLATED)
   srm_ones_count[1]            0.55           0.49 f        -0.06  (VIOLATED)
   srm_ones_count[2]            0.55           0.49 f        -0.06  (VIOLATED)
   srm_ones_count[3]            0.55           0.49 f        -0.06  (VIOLATED)
   srm_ones_count[4]            0.55           0.49 f        -0.06  (VIOLATED)
   srm_residue_o[0]             0.55           0.49 f        -0.06  (VIOLATED)
   srm_residue_o[1]             0.55           0.49 f        -0.06  (VIOLATED)
   srm_residue_o[2]             0.55           0.49 f        -0.06  (VIOLATED)
   srm_residue_o[3]             0.55           0.49 f        -0.06  (VIOLATED)
   srm_residue_o[4]             0.55           0.49 f        -0.06  (VIOLATED)
   srm_residue_o[5]             0.55           0.49 f        -0.06  (VIOLATED)
   srm_residue_o[6]             0.55           0.49 f        -0.06  (VIOLATED)
   srm_residue_o[7]             0.55           0.49 f        -0.06  (VIOLATED)
   srm_residue_o[8]             0.55           0.49 f        -0.06  (VIOLATED)
   srm_residue_o[9]             0.55           0.49 f        -0.06  (VIOLATED)
   srm_total_count[0]           0.55           0.49 f        -0.06  (VIOLATED)
   srm_total_count[1]           0.55           0.49 f        -0.06  (VIOLATED)
   srm_total_count[2]           0.55           0.49 f        -0.06  (VIOLATED)
   srm_total_count[3]           0.55           0.49 f        -0.06  (VIOLATED)
   srm_total_count[4]           0.55           0.49 f        -0.06  (VIOLATED)
   w_wr_addr[0]                 0.55           0.49 f        -0.06  (VIOLATED)
   w_wr_addr[1]                 0.55           0.49 f        -0.06  (VIOLATED)
   w_wr_addr[2]                 0.55           0.49 f        -0.06  (VIOLATED)
   w_wr_addr[3]                 0.55           0.49 f        -0.06  (VIOLATED)
   w_wr_addr[4]                 0.55           0.49 f        -0.06  (VIOLATED)
   w_wr_data[0]                 0.55           0.49 f        -0.06  (VIOLATED)
   w_wr_data[1]                 0.55           0.49 f        -0.06  (VIOLATED)
   w_wr_data[2]                 0.55           0.49 f        -0.06  (VIOLATED)
   w_wr_data[3]                 0.55           0.49 f        -0.06  (VIOLATED)
   w_wr_data[4]                 0.55           0.49 f        -0.06  (VIOLATED)
   w_wr_data[5]                 0.55           0.49 f        -0.06  (VIOLATED)
   w_wr_data[6]                 0.55           0.49 f        -0.06  (VIOLATED)
   w_wr_data[7]                 0.55           0.49 f        -0.06  (VIOLATED)
   w_wr_data[8]                 0.55           0.49 f        -0.06  (VIOLATED)
   w_wr_data[9]                 0.55           0.49 f        -0.06  (VIOLATED)
   w_wr_data[10]                0.55           0.49 f        -0.06  (VIOLATED)
   w_wr_data[11]                0.55           0.49 f        -0.06  (VIOLATED)
   w_wr_data[12]                0.55           0.49 f        -0.06  (VIOLATED)
   w_wr_data[13]                0.55           0.49 f        -0.06  (VIOLATED)
   w_wr_data[14]                0.55           0.49 f        -0.06  (VIOLATED)
   w_wr_data[15]                0.55           0.49 f        -0.06  (VIOLATED)
   w_wr_data[16]                0.55           0.49 f        -0.06  (VIOLATED)
   w_wr_data[17]                0.55           0.49 f        -0.06  (VIOLATED)
   w_wr_data[18]                0.55           0.49 f        -0.06  (VIOLATED)
   w_wr_data[19]                0.55           0.49 f        -0.06  (VIOLATED)
   w_wr_data[20]                0.55           0.49 f        -0.06  (VIOLATED)
   w_wr_data[21]                0.55           0.49 f        -0.06  (VIOLATED)
   w_wr_data[22]                0.55           0.49 f        -0.06  (VIOLATED)
   w_wr_data[23]                0.55           0.49 f        -0.06  (VIOLATED)
   w_wr_data[24]                0.55           0.49 f        -0.06  (VIOLATED)
   w_wr_data[25]                0.55           0.49 f        -0.06  (VIOLATED)
   w_wr_data[26]                0.55           0.49 f        -0.06  (VIOLATED)
   w_wr_data[27]                0.55           0.49 f        -0.06  (VIOLATED)
   w_wr_data[28]                0.55           0.49 f        -0.06  (VIOLATED)
   w_wr_data[29]                0.55           0.49 f        -0.06  (VIOLATED)
   w_wr_en                      0.55           0.49 f        -0.06  (VIOLATED)
   calib_overrange              0.55           0.52 f        -0.03  (VIOLATED)
   srm_residue_valid            0.55           0.52 f        -0.03  (VIOLATED)
   srm_stalled                  0.55           0.52 f        -0.03  (VIOLATED)
   calib_overrange_bits[0]      0.55           0.52 f        -0.03  (VIOLATED)
   calib_overrange_bits[1]      0.55           0.52 f        -0.03  (VIOLATED)
   calib_overrange_bits[2]      0.55           0.52 f        -0.03  (VIOLATED)
   calib_overrange_bits[3]      0.55           0.52 f        -0.03  (VIOLATED)
   calib_overrange_bits[4]      0.55           0.52 f        -0.03  (VIOLATED)
   calib_overrange_bits[5]      0.55           0.52 f        -0.03  (VIOLATED)
   calib_overrange_bits[6]      0.55           0.52 f        -0.03  (VIOLATED)
   calib_overrange_bits[7]      0.55           0.52 f        -0.03  (VIOLATED)
   calib_overrange_bits[8]      0.55           0.52 f        -0.03  (VIOLATED)
   calib_overrange_bits[9]      0.55           0.52 f        -0.03  (VIOLATED)
   calib_overrange_bits[10]     0.55           0.52 f        -0.03  (VIOLATED)
   calib_overrange_bits[11]     0.55           0.52 f        -0.03  (VIOLATED)
   calib_overrange_bits[12]     0.55           0.52 f        -0.03  (VIOLATED)
   calib_overrange_bits[13]     0.55           0.52 f        -0.03  (VIOLATED)
   calib_overrange_bits[14]     0.55           0.52 f        -0.03  (VIOLATED)
   calib_overrange_bits[15]     0.55           0.52 f        -0.03  (VIOLATED)
   calib_overrange_bits[16]     0.55           0.52 f        -0.03  (VIOLATED)
   calib_overrange_bits[17]     0.55           0.52 f        -0.03  (VIOLATED)
   calib_overrange_bits[18]     0.55           0.52 f        -0.03  (VIOLATED)
   calib_overrange_bits[19]     0.55           0.52 f        -0.03  (VIOLATED)


   max_area

                             Required        Actual
   Design                      Area           Area           Slack
   -----------------------------------------------------------------
   sar_digi_paper_core          0.00       486534.53      -486534.53
                                                                    (VIOLATED)


   max_leakage_power

                             Required        Actual
   Design                   Leakage Power  Leakage Power     Slack
   -----------------------------------------------------------------
   sar_digi_paper_core          0.00       332552.69      -332552.69
                                                                    (VIOLATED)


1
