****************************************
Report : timing
	-path_type full_clock_expanded
	-delay_type min
	-nworst 2
	-slack_lesser_than 0.00
	-max_paths 25
	-sort_by slack
Design : sar_digi_paper_core
Version: W-2024.09-SP3
Date   : Fri Sep 18 21:10:39 2026
****************************************


  Startpoint: raw_bits_i[15]
               (input port clocked by clk)
  Endpoint: raw_code_o_reg[15]
               (rising edge-triggered flip-flop clocked by clk)
  Path Group: clk
  Path Type: min
  Min Data Paths Derating Factor  : 1.00
  Min Clock Paths Derating Factor : 1.00
  Max Clock Paths Derating Factor : 1.00
  Min Timing Check Derating Factor : 1.00

  Point                                                   Incr       Path
  ------------------------------------------------------------------------------
  clock clk (rise edge)                                   0.00       0.00
  clock network delay (propagated)                        0.00       0.00
  input external delay                                    0.70       0.70 r
  raw_bits_i[15] (in)                                     0.00 &     0.70 r
  U18/Y (INVXL)                                           0.05 &     0.75 f
  raw_code_o_reg[15]/D (DFFSX1)                           0.00 &     0.75 f
  data arrival time                                                  0.75

  clock clk (rise edge)                                   0.00       0.00
  clock source latency                                    0.00       0.00
  clk (in)                                                0.00 &     0.00 r
  ZCTSBUF_5981_1396/Y (CLKBUFX4)                          0.34 &     0.34 r
  ZCTSBUF_4939_1395/Y (BUFX2)                             0.41 &     0.75 r
  raw_code_o_reg[15]/CK (DFFSX1)                          0.00 &     0.75 r
  clock reconvergence pessimism                           0.00       0.75
  clock uncertainty                                       0.05       0.80
  library hold time                                      -0.05       0.75
  data required time                                                 0.75
  ------------------------------------------------------------------------------
  data required time                                                 0.75
  data arrival time                                                 -0.75
  ------------------------------------------------------------------------------
  slack (VIOLATED: increase significant digits)                     -0.00


1
